Archive member included to satisfy reference by file (symbol)

C:\Users\deniz\AppData\Local\arduino\cores\c2c2276010c358a6c1923aa25cb15310\core.a(HardwareSerial.cpp.o)
                              C:\Users\deniz\AppData\Local\arduino\sketches\2C0EAABDC00F27152BC0ABE4C5164FEE\sketch\HiPeristaltic.ino.cpp.o (symbol from plugin) (HardwareSerial::available())
C:\Users\deniz\AppData\Local\arduino\cores\c2c2276010c358a6c1923aa25cb15310\core.a(Stream.cpp.o)
                              HardwareSerial.cpp.o (symbol from plugin) (Stream::readBytes(char*, unsigned int))
C:\Users\deniz\AppData\Local\arduino\cores\c2c2276010c358a6c1923aa25cb15310\core.a(WString.cpp.o)
                              Stream.cpp.o (symbol from plugin) (String::String(char const*))
C:\Users\deniz\AppData\Local\arduino\cores\c2c2276010c358a6c1923aa25cb15310\core.a(dtostrf.c.o)
                              WString.cpp.o (symbol from plugin) (dtostrf)
C:\Users\deniz\AppData\Local\arduino\cores\c2c2276010c358a6c1923aa25cb15310\core.a(itoa.c.o)
                              WString.cpp.o (symbol from plugin) (ltoa)
C:\Users\deniz\AppData\Local\arduino\cores\c2c2276010c358a6c1923aa25cb15310\core.a(main.cpp.o)
                              C:/Users/deniz/AppData/Local/Arduino15/packages/STMicroelectronics/tools/xpack-arm-none-eabi-gcc/14.2.1-1.1/bin/../lib/gcc/arm-none-eabi/14.2.1/../../../../arm-none-eabi/lib/thumb/v6-m/nofp/crt0.o (main)
C:\Users\deniz\AppData\Local\arduino\cores\c2c2276010c358a6c1923aa25cb15310\core.a(startup_stm32yyxx.S.o)
                              (Reset_Handler)
C:\Users\deniz\AppData\Local\arduino\cores\c2c2276010c358a6c1923aa25cb15310\core.a(wiring_digital.c.o)
                              C:\Users\deniz\AppData\Local\arduino\sketches\2C0EAABDC00F27152BC0ABE4C5164FEE\sketch\HiPeristaltic.ino.cpp.o (symbol from plugin) (pinMode)
C:\Users\deniz\AppData\Local\arduino\cores\c2c2276010c358a6c1923aa25cb15310\core.a(wiring_time.c.o)
                              C:\Users\deniz\AppData\Local\arduino\sketches\2C0EAABDC00F27152BC0ABE4C5164FEE\libraries\USBDevice\USBSerial.cpp.o (symbol from plugin) (millis)
C:\Users\deniz\AppData\Local\arduino\cores\c2c2276010c358a6c1923aa25cb15310\core.a(Print.cpp.o)
                              Stream.cpp.o (symbol from plugin) (Print::write(unsigned char const*, unsigned int))
C:\Users\deniz\AppData\Local\arduino\cores\c2c2276010c358a6c1923aa25cb15310\core.a(WSerial.cpp.o)
                              main.cpp.o (symbol from plugin) (serialEventRun())
C:\Users\deniz\AppData\Local\arduino\cores\c2c2276010c358a6c1923aa25cb15310\core.a(board.c.o)
                              main.cpp.o (symbol from plugin) (init)
C:\Users\deniz\AppData\Local\arduino\cores\c2c2276010c358a6c1923aa25cb15310\core.a(hooks.c.o)
                              wiring_time.c.o (symbol from plugin) (yield)
C:\Users\deniz\AppData\Local\arduino\cores\c2c2276010c358a6c1923aa25cb15310\core.a(wiring_analog.c.o)
                              wiring_digital.c.o (symbol from plugin) (g_anOutputPinConfigured)
C:\Users\deniz\AppData\Local\arduino\cores\c2c2276010c358a6c1923aa25cb15310\core.a(pins_arduino.c.o)
                              wiring_analog.c.o (symbol from plugin) (analogInputToPinName)
C:/Users/deniz/AppData/Local/Arduino15/packages/STMicroelectronics/tools/xpack-arm-none-eabi-gcc/14.2.1-1.1/bin/../lib/gcc/arm-none-eabi/14.2.1/../../../../arm-none-eabi/lib/thumb/v6-m/nofp\libc_nano.a(libc_a-atexit.o)
                              C:/Users/deniz/AppData/Local/Arduino15/packages/STMicroelectronics/tools/xpack-arm-none-eabi-gcc/14.2.1-1.1/bin/../lib/gcc/arm-none-eabi/14.2.1/../../../../arm-none-eabi/lib/thumb/v6-m/nofp/crt0.o (atexit)
C:/Users/deniz/AppData/Local/Arduino15/packages/STMicroelectronics/tools/xpack-arm-none-eabi-gcc/14.2.1-1.1/bin/../lib/gcc/arm-none-eabi/14.2.1/../../../../arm-none-eabi/lib/thumb/v6-m/nofp\libc_nano.a(libc_a-atof.o)
                              WString.cpp.o (symbol from plugin) (atof)
C:/Users/deniz/AppData/Local/Arduino15/packages/STMicroelectronics/tools/xpack-arm-none-eabi-gcc/14.2.1-1.1/bin/../lib/gcc/arm-none-eabi/14.2.1/../../../../arm-none-eabi/lib/thumb/v6-m/nofp\libc_nano.a(libc_a-atol.o)
                              WString.cpp.o (symbol from plugin) (atol)
C:/Users/deniz/AppData/Local/Arduino15/packages/STMicroelectronics/tools/xpack-arm-none-eabi-gcc/14.2.1-1.1/bin/../lib/gcc/arm-none-eabi/14.2.1/../../../../arm-none-eabi/lib/thumb/v6-m/nofp\libc_nano.a(libc_a-exit.o)
                              C:/Users/deniz/AppData/Local/Arduino15/packages/STMicroelectronics/tools/xpack-arm-none-eabi-gcc/14.2.1-1.1/bin/../lib/gcc/arm-none-eabi/14.2.1/../../../../arm-none-eabi/lib/thumb/v6-m/nofp/crt0.o (exit)
C:/Users/deniz/AppData/Local/Arduino15/packages/STMicroelectronics/tools/xpack-arm-none-eabi-gcc/14.2.1-1.1/bin/../lib/gcc/arm-none-eabi/14.2.1/../../../../arm-none-eabi/lib/thumb/v6-m/nofp\libc_nano.a(libc_a-strtod.o)
[...]
Memory Configuration

Name             Origin             Length             Attributes
*default*        0x00000000         0xffffffff
RAM              0x20000000         0x00024000         xrw
FLASH            0x08000000         0x00080000         xr

Linker script and memory map

START GROUP
LOAD C:\Users\deniz\AppData\Local\arduino\sketches\2C0EAABDC00F27152BC0ABE4C5164FEE\sketch\HiPeristaltic.ino.cpp.o
LOAD C:\Users\deniz\AppData\Local\Temp\ccMKr7vg.ltrans0.ltrans.o
LOAD C:\Users\deniz\AppData\Local\Temp\ccMKr7vg.ltrans1.ltrans.o
LOAD C:\Users\deniz\AppData\Local\arduino\sketches\2C0EAABDC00F27152BC0ABE4C5164FEE\sketch\requiredLibraries.cpp.o
LOAD C:\Users\deniz\AppData\Local\arduino\sketches\2C0EAABDC00F27152BC0ABE4C5164FEE\libraries\SrcWrapper\HAL\stm32yyxx_hal.c.o
LOAD C:\Users\deniz\AppData\Local\arduino\sketches\2C0EAABDC00F27152BC0ABE4C5164FEE\libraries\SrcWrapper\HAL\stm32yyxx_hal_adc.c.o
LOAD C:\Users\deniz\AppData\Local\arduino\sketches\2C0EAABDC00F27152BC0ABE4C5164FEE\libraries\SrcWrapper\HAL\stm32yyxx_hal_adc_ex.c.o
LOAD C:\Users\deniz\AppData\Local\arduino\sketches\2C0EAABDC00F27152BC0ABE4C5164FEE\libraries\SrcWrapper\HAL\stm32yyxx_hal_can.c.o
LOAD C:\Users\deniz\AppData\Local\arduino\sketches\2C0EAABDC00F27152BC0ABE4C5164FEE\libraries\SrcWrapper\HAL\stm32yyxx_hal_ccb.c.o
LOAD C:\Users\deniz\AppData\Local\arduino\sketches\2C0EAABDC00F27152BC0ABE4C5164FEE\libraries\SrcWrapper\HAL\stm32yyxx_hal_cec.c.o
LOAD C:\Users\deniz\AppData\Local\arduino\sketches\2C0EAABDC00F27152BC0ABE4C5164FEE\libraries\SrcWrapper\HAL\stm32yyxx_hal_comp.c.o
LOAD C:\Users\deniz\AppData\Local\arduino\sketches\2C0EAABDC00F27152BC0ABE4C5164FEE\libraries\SrcWrapper\HAL\stm32yyxx_hal_comp_ex.c.o
LOAD C:\Users\deniz\AppData\Local\arduino\sketches\2C0EAABDC00F27152BC0ABE4C5164FEE\libraries\SrcWrapper\HAL\stm32yyxx_hal_cordic.c.o
LOAD C:\Users\deniz\AppData\Local\arduino\sketches\2C0EAABDC00F27152BC0ABE4C5164FEE\libraries\SrcWrapper\HAL\stm32yyxx_hal_cortex.c.o
LOAD C:\Users\deniz\AppData\Local\arduino\sketches\2C0EAABDC00F27152BC0ABE4C5164FEE\libraries\SrcWrapper\HAL\stm32yyxx_hal_crc.c.o
LOAD C:\Users\deniz\AppData\Local\arduino\sketches\2C0EAABDC00F27152BC0ABE4C5164FEE\libraries\SrcWrapper\HAL\stm32yyxx_hal_crc_ex.c.o
LOAD C:\Users\deniz\AppData\Local\arduino\sketches\2C0EAABDC00F27152BC0ABE4C5164FEE\libraries\SrcWrapper\HAL\stm32yyxx_hal_cryp.c.o
LOAD C:\Users\deniz\AppData\Local\arduino\sketches\2C0EAABDC00F27152BC0ABE4C5164FEE\libraries\SrcWrapper\HAL\stm32yyxx_hal_cryp_ex.c.o
LOAD C:\Users\deniz\AppData\Local\arduino\sketches\2C0EAABDC00F27152BC0ABE4C5164FEE\libraries\SrcWrapper\HAL\stm32yyxx_hal_dac.c.o
LOAD C:\Users\deniz\AppData\Local\arduino\sketches\2C0EAABDC00F27152BC0ABE4C5164FEE\libraries\SrcWrapper\HAL\stm32yyxx_hal_dac_ex.c.o
LOAD C:\Users\deniz\AppData\Local\arduino\sketches\2C0EAABDC00F27152BC0ABE4C5164FEE\libraries\SrcWrapper\HAL\stm32yyxx_hal_dcache.c.o
LOAD C:\Users\deniz\AppData\Local\arduino\sketches\2C0EAABDC00F27152BC0ABE4C5164FEE\libraries\SrcWrapper\HAL\stm32yyxx_hal_dcmi.c.o
LOAD C:\Users\deniz\AppData\Local\arduino\sketches\2C0EAABDC00F27152BC0ABE4C5164FEE\libraries\SrcWrapper\HAL\stm32yyxx_hal_dcmi_ex.c.o
LOAD C:\Users\deniz\AppData\Local\arduino\sketches\2C0EAABDC00F27152BC0ABE4C5164FEE\libraries\SrcWrapper\HAL\stm32yyxx_hal_dfsdm.c.o
LOAD C:\Users\deniz\AppData\Local\arduino\sketches\2C0EAABDC00F27152BC0ABE4C5164FEE\libraries\SrcWrapper\HAL\stm32yyxx_hal_dfsdm_ex.c.o
LOAD C:\Users\deniz\AppData\Local\arduino\sketches\2C0EAABDC00F27152BC0ABE4C5164FEE\libraries\SrcWrapper\HAL\stm32yyxx_hal_dma.c.o
LOAD C:\Users\deniz\AppData\Local\arduino\sketches\2C0EAABDC00F27152BC0ABE4C5164FEE\libraries\SrcWrapper\HAL\stm32yyxx_hal_dma2d.c.o
LOAD C:\Users\deniz\AppData\Local\arduino\sketches\2C0EAABDC00F27152BC0ABE4C5164FEE\libraries\SrcWrapper\HAL\stm32yyxx_hal_dma_ex.c.o
LOAD C:\Users\deniz\AppData\Local\arduino\sketches\2C0EAABDC00F27152BC0ABE4C5164FEE\libraries\SrcWrapper\HAL\stm32yyxx_hal_dsi.c.o
LOAD C:\Users\deniz\AppData\Local\arduino\sketches\2C0EAABDC00F27152BC0ABE4C5164FEE\libraries\SrcWrapper\HAL\stm32yyxx_hal_dts.c.o
LOAD C:\Users\deniz\AppData\Local\arduino\sketches\2C0EAABDC00F27152BC0ABE4C5164FEE\libraries\SrcWrapper\HAL\stm32yyxx_hal_eth.c.o
LOAD C:\Users\deniz\AppData\Local\arduino\sketches\2C0EAABDC00F27152BC0ABE4C5164FEE\libraries\SrcWrapper\HAL\stm32yyxx_hal_eth_ex.c.o
LOAD C:\Users\deniz\AppData\Local\arduino\sketches\2C0EAABDC00F27152BC0ABE4C5164FEE\libraries\SrcWrapper\HAL\stm32yyxx_hal_exti.c.o
LOAD C:\Users\deniz\AppData\Local\arduino\sketches\2C0EAABDC00F27152BC0ABE4C5164FEE\libraries\SrcWrapper\HAL\stm32yyxx_hal_fdcan.c.o
LOAD C:\Users\deniz\AppData\Local\arduino\sketches\2C0EAABDC00F27152BC0ABE4C5164FEE\libraries\SrcWrapper\HAL\stm32yyxx_hal_firewall.c.o
LOAD C:\Users\deniz\AppData\Local\arduino\sketches\2C0EAABDC00F27152BC0ABE4C5164FEE\libraries\SrcWrapper\HAL\stm32yyxx_hal_flash.c.o
LOAD C:\Users\deniz\AppData\Local\arduino\sketches\2C0EAABDC00F27152BC0ABE4C5164FEE\libraries\SrcWrapper\HAL\stm32yyxx_hal_flash_ex.c.o
LOAD C:\Users\deniz\AppData\Local\arduino\sketches\2C0EAABDC00F27152BC0ABE4C5164FEE\libraries\SrcWrapper\HAL\stm32yyxx_hal_flash_ramfunc.c.o
LOAD C:\Users\deniz\AppData\Local\arduino\sketches\2C0EAABDC00F27152BC0ABE4C5164FEE\libraries\SrcWrapper\HAL\stm32yyxx_hal_fmac.c.o
LOAD C:\Users\deniz\AppData\Local\arduino\sketches\2C0EAABDC00F27152BC0ABE4C5164FEE\libraries\SrcWrapper\HAL\stm32yyxx_hal_fmpi2c.c.o
LOAD C:\Users\deniz\AppData\Local\arduino\sketches\2C0EAABDC00F27152BC0ABE4C5164FEE\libraries\SrcWrapper\HAL\stm32yyxx_hal_fmpi2c_ex.c.o
LOAD C:\Users\deniz\AppData\Local\arduino\sketches\2C0EAABDC00F27152BC0ABE4C5164FEE\libraries\SrcWrapper\HAL\stm32yyxx_hal_fmpsmbus.c.o
LOAD C:\Users\deniz\AppData\Local\arduino\sketches\2C0EAABDC00F27152BC0ABE4C5164FEE\libraries\SrcWrapper\HAL\stm32yyxx_hal_fmpsmbus_ex.c.o
LOAD C:\Users\deniz\AppData\Local\arduino\sketches\2C0EAABDC00F27152BC0ABE4C5164FEE\libraries\SrcWrapper\HAL\stm32yyxx_hal_gfxmmu.c.o
LOAD C:\Users\deniz\AppData\Local\arduino\sketches\2C0EAABDC00F27152BC0ABE4C5164FEE\libraries\SrcWrapper\HAL\stm32yyxx_hal_gfxtim.c.o
LOAD C:\Users\deniz\AppData\Local\arduino\sketches\2C0EAABDC00F27152BC0ABE4C5164FEE\libraries\SrcWrapper\HAL\stm32yyxx_hal_gpio.c.o
LOAD C:\Users\deniz\AppData\Local\arduino\sketches\2C0EAABDC00F27152BC0ABE4C5164FEE\libraries\SrcWrapper\HAL\stm32yyxx_hal_gpio_ex.c.o
LOAD C:\Users\deniz\AppData\Local\arduino\sketches\2C0EAABDC00F27152BC0ABE4C5164FEE\libraries\SrcWrapper\HAL\stm32yyxx_hal_gpu2d.c.o
LOAD C:\Users\deniz\AppData\Local\arduino\sketches\2C0EAABDC00F27152BC0ABE4C5164FEE\libraries\SrcWrapper\HAL\stm32yyxx_hal_gtzc.c.o
LOAD C:\Users\deniz\AppData\Local\arduino\sketches\2C0EAABDC00F27152BC0ABE4C5164FEE\libraries\SrcWrapper\HAL\stm32yyxx_hal_hash.c.o
LOAD C:\Users\deniz\AppData\Local\arduino\sketches\2C0EAABDC00F27152BC0ABE4C5164FEE\libraries\SrcWrapper\HAL\stm32yyxx_hal_hash_ex.c.o
LOAD C:\Users\deniz\AppData\Local\arduino\sketches\2C0EAABDC00F27152BC0ABE4C5164FEE\libraries\SrcWrapper\HAL\stm32yyxx_hal_hcd.c.o
LOAD C:\Users\deniz\AppData\Local\arduino\sketches\2C0EAABDC00F27152BC0ABE4C5164FEE\libraries\SrcWrapper\HAL\stm32yyxx_hal_hrtim.c.o
LOAD C:\Users\deniz\AppData\Local\arduino\sketches\2C0EAABDC00F27152BC0ABE4C5164FEE\libraries\SrcWrapper\HAL\stm32yyxx_hal_hsem.c.o
LOAD C:\Users\deniz\AppData\Local\arduino\sketches\2C0EAABDC00F27152BC0ABE4C5164FEE\libraries\SrcWrapper\HAL\stm32yyxx_hal_i2c.c.o
LOAD C:\Users\deniz\AppData\Local\arduino\sketches\2C0EAABDC00F27152BC0ABE4C5164FEE\libraries\SrcWrapper\HAL\stm32yyxx_hal_i2c_ex.c.o
LOAD C:\Users\deniz\AppData\Local\arduino\sketches\2C0EAABDC00F27152BC0ABE4C5164FEE\libraries\SrcWrapper\HAL\stm32yyxx_hal_i2s.c.o
LOAD C:\Users\deniz\AppData\Local\arduino\sketches\2C0EAABDC00F27152BC0ABE4C5164FEE\libraries\SrcWrapper\HAL\stm32yyxx_hal_i2s_ex.c.o
LOAD C:\Users\deniz\AppData\Local\arduino\sketches\2C0EAABDC00F27152BC0ABE4C5164FEE\libraries\SrcWrapper\HAL\stm32yyxx_hal_i3c.c.o
LOAD C:\Users\deniz\AppData\Local\arduino\sketches\2C0EAABDC00F27152BC0ABE4C5164FEE\libraries\SrcWrapper\HAL\stm32yyxx_hal_icache.c.o
LOAD C:\Users\deniz\AppData\Local\arduino\sketches\2C0EAABDC00F27152BC0ABE4C5164FEE\libraries\SrcWrapper\HAL\stm32yyxx_hal_ipcc.c.o
LOAD C:\Users\deniz\AppData\Local\arduino\sketches\2C0EAABDC00F27152BC0ABE4C5164FEE\libraries\SrcWrapper\HAL\stm32yyxx_hal_irda.c.o
LOAD C:\Users\deniz\AppData\Local\arduino\sketches\2C0EAABDC00F27152BC0ABE4C5164FEE\libraries\SrcWrapper\HAL\stm32yyxx_hal_iwdg.c.o
LOAD C:\Users\deniz\AppData\Local\arduino\sketches\2C0EAABDC00F27152BC0ABE4C5164FEE\libraries\SrcWrapper\HAL\stm32yyxx_hal_jpeg.c.o
LOAD C:\Users\deniz\AppData\Local\arduino\sketches\2C0EAABDC00F27152BC0ABE4C5164FEE\libraries\SrcWrapper\HAL\stm32yyxx_hal_lcd.c.o
LOAD C:\Users\deniz\AppData\Local\arduino\sketches\2C0EAABDC00F27152BC0ABE4C5164FEE\libraries\SrcWrapper\HAL\stm32yyxx_hal_lptim.c.o
LOAD C:\Users\deniz\AppData\Local\arduino\sketches\2C0EAABDC00F27152BC0ABE4C5164FEE\libraries\SrcWrapper\HAL\stm32yyxx_hal_ltdc.c.o
LOAD C:\Users\deniz\AppData\Local\arduino\sketches\2C0EAABDC00F27152BC0ABE4C5164FEE\libraries\SrcWrapper\HAL\stm32yyxx_hal_ltdc_ex.c.o
LOAD C:\Users\deniz\AppData\Local\arduino\sketches\2C0EAABDC00F27152BC0ABE4C5164FEE\libraries\SrcWrapper\HAL\stm32yyxx_hal_mdf.c.o
LOAD C:\Users\deniz\AppData\Local\arduino\sketches\2C0EAABDC00F27152BC0ABE4C5164FEE\libraries\SrcWrapper\HAL\stm32yyxx_hal_mdios.c.o
LOAD C:\Users\deniz\AppData\Local\arduino\sketches\2C0EAABDC00F27152BC0ABE4C5164FEE\libraries\SrcWrapper\HAL\stm32yyxx_hal_mdma.c.o
LOAD C:\Users\deniz\AppData\Local\arduino\sketches\2C0EAABDC00F27152BC0ABE4C5164FEE\libraries\SrcWrapper\HAL\stm32yyxx_hal_mmc.c.o
LOAD C:\Users\deniz\AppData\Local\arduino\sketches\2C0EAABDC00F27152BC0ABE4C5164FEE\libraries\SrcWrapper\HAL\stm32yyxx_hal_mmc_ex.c.o
LOAD C:\Users\deniz\AppData\Local\arduino\sketches\2C0EAABDC00F27152BC0ABE4C5164FEE\libraries\SrcWrapper\HAL\stm32yyxx_hal_nand.c.o
LOAD C:\Users\deniz\AppData\Local\arduino\sketches\2C0EAABDC00F27152BC0ABE4C5164FEE\libraries\SrcWrapper\HAL\stm32yyxx_hal_nor.c.o
LOAD C:\Users\deniz\AppData\Local\arduino\sketches\2C0EAABDC00F27152BC0ABE4C5164FEE\libraries\SrcWrapper\HAL\stm32yyxx_hal_opamp.c.o
LOAD C:\Users\deniz\AppData\Local\arduino\sketches\2C0EAABDC00F27152BC0ABE4C5164FEE\libraries\SrcWrapper\HAL\stm32yyxx_hal_opamp_ex.c.o
LOAD C:\Users\deniz\AppData\Local\arduino\sketches\2C0EAABDC00F27152BC0ABE4C5164FEE\libraries\SrcWrapper\HAL\stm32yyxx_hal_ospi.c.o
LOAD C:\Users\deniz\AppData\Local\arduino\sketches\2C0EAABDC00F27152BC0ABE4C5164FEE\libraries\SrcWrapper\HAL\stm32yyxx_hal_otfdec.c.o
LOAD C:\Users\deniz\AppData\Local\arduino\sketches\2C0EAABDC00F27152BC0ABE4C5164FEE\libraries\SrcWrapper\HAL\stm32yyxx_hal_pccard.c.o
LOAD C:\Users\deniz\AppData\Local\arduino\sketches\2C0EAABDC00F27152BC0ABE4C5164FEE\libraries\SrcWrapper\HAL\stm32yyxx_hal_pcd.c.o
LOAD C:\Users\deniz\AppData\Local\arduino\sketches\2C0EAABDC00F27152BC0ABE4C5164FEE\libraries\SrcWrapper\HAL\stm32yyxx_hal_pcd_ex.c.o
LOAD C:\Users\deniz\AppData\Local\arduino\sketches\2C0EAABDC00F27152BC0ABE4C5164FEE\libraries\SrcWrapper\HAL\stm32yyxx_hal_pka.c.o
LOAD C:\Users\deniz\AppData\Local\arduino\sketches\2C0EAABDC00F27152BC0ABE4C5164FEE\libraries\SrcWrapper\HAL\stm32yyxx_hal_pssi.c.o
LOAD C:\Users\deniz\AppData\Local\arduino\sketches\2C0EAABDC00F27152BC0ABE4C5164FEE\libraries\SrcWrapper\HAL\stm32yyxx_hal_pwr.c.o
LOAD C:\Users\deniz\AppData\Local\arduino\sketches\2C0EAABDC00F27152BC0ABE4C5164FEE\libraries\SrcWrapper\HAL\stm32yyxx_hal_pwr_ex.c.o
LOAD C:\Users\deniz\AppData\Local\arduino\sketches\2C0EAABDC00F27152BC0ABE4C5164FEE\libraries\SrcWrapper\HAL\stm32yyxx_hal_qspi.c.o
LOAD C:\Users\deniz\AppData\Local\arduino\sketches\2C0EAABDC00F27152BC0ABE4C5164FEE\libraries\SrcWrapper\HAL\stm32yyxx_hal_radio.c.o
LOAD C:\Users\deniz\AppData\Local\arduino\sketches\2C0EAABDC00F27152BC0ABE4C5164FEE\libraries\SrcWrapper\HAL\stm32yyxx_hal_radio_timer.c.o
LOAD C:\Users\deniz\AppData\Local\arduino\sketches\2C0EAABDC00F27152BC0ABE4C5164FEE\libraries\SrcWrapper\HAL\stm32yyxx_hal_ramcfg.c.o
LOAD C:\Users\deniz\AppData\Local\arduino\sketches\2C0EAABDC00F27152BC0ABE4C5164FEE\libraries\SrcWrapper\HAL\stm32yyxx_hal_ramecc.c.o
LOAD C:\Users\deniz\AppData\Local\arduino\sketches\2C0EAABDC00F27152BC0ABE4C5164FEE\libraries\SrcWrapper\HAL\stm32yyxx_hal_rcc.c.o
LOAD C:\Users\deniz\AppData\Local\arduino\sketches\2C0EAABDC00F27152BC0ABE4C5164FEE\libraries\SrcWrapper\HAL\stm32yyxx_hal_rcc_ex.c.o
LOAD C:\Users\deniz\AppData\Local\arduino\sketches\2C0EAABDC00F27152BC0ABE4C5164FEE\libraries\SrcWrapper\HAL\stm32yyxx_hal_rng.c.o
LOAD C:\Users\deniz\AppData\Local\arduino\sketches\2C0EAABDC00F27152BC0ABE4C5164FEE\libraries\SrcWrapper\HAL\stm32yyxx_hal_rng_ex.c.o
LOAD C:\Users\deniz\AppData\Local\arduino\sketches\2C0EAABDC00F27152BC0ABE4C5164FEE\libraries\SrcWrapper\HAL\stm32yyxx_hal_rtc.c.o
LOAD C:\Users\deniz\AppData\Local\arduino\sketches\2C0EAABDC00F27152BC0ABE4C5164FEE\libraries\SrcWrapper\HAL\stm32yyxx_hal_rtc_ex.c.o
LOAD C:\Users\deniz\AppData\Local\arduino\sketches\2C0EAABDC00F27152BC0ABE4C5164FEE\libraries\SrcWrapper\HAL\stm32yyxx_hal_sai.c.o
LOAD C:\Users\deniz\AppData\Local\arduino\sketches\2C0EAABDC00F27152BC0ABE4C5164FEE\libraries\SrcWrapper\HAL\stm32yyxx_hal_sai_ex.c.o
LOAD C:\Users\deniz\AppData\Local\arduino\sketches\2C0EAABDC00F27152BC0ABE4C5164FEE\libraries\SrcWrapper\HAL\stm32yyxx_hal_sd.c.o
LOAD C:\Users\deniz\AppData\Local\arduino\sketches\2C0EAABDC00F27152BC0ABE4C5164FEE\libraries\SrcWrapper\HAL\stm32yyxx_hal_sd_ex.c.o
LOAD C:\Users\deniz\AppData\Local\arduino\sketches\2C0EAABDC00F27152BC0ABE4C5164FEE\libraries\SrcWrapper\HAL\stm32yyxx_hal_sdadc.c.o
LOAD C:\Users\deniz\AppData\Local\arduino\sketches\2C0EAABDC00F27152BC0ABE4C5164FEE\libraries\SrcWrapper\HAL\stm32yyxx_hal_sdio.c.o
LOAD C:\Users\deniz\AppData\Local\arduino\sketches\2C0EAABDC00F27152BC0ABE4C5164FEE\libraries\SrcWrapper\HAL\stm32yyxx_hal_sdram.c.o
LOAD C:\Users\deniz\AppData\Local\arduino\sketches\2C0EAABDC00F27152BC0ABE4C5164FEE\libraries\SrcWrapper\HAL\stm32yyxx_hal_smartcard.c.o
LOAD C:\Users\deniz\AppData\Local\arduino\sketches\2C0EAABDC00F27152BC0ABE4C5164FEE\libraries\SrcWrapper\HAL\stm32yyxx_hal_smartcard_ex.c.o
LOAD C:\Users\deniz\AppData\Local\arduino\sketches\2C0EAABDC00F27152BC0ABE4C5164FEE\libraries\SrcWrapper\HAL\stm32yyxx_hal_smbus.c.o
LOAD C:\Users\deniz\AppData\Local\arduino\sketches\2C0EAABDC00F27152BC0ABE4C5164FEE\libraries\SrcWrapper\HAL\stm32yyxx_hal_smbus_ex.c.o
LOAD C:\Users\deniz\AppData\Local\arduino\sketches\2C0EAABDC00F27152BC0ABE4C5164FEE\libraries\SrcWrapper\HAL\stm32yyxx_hal_spdifrx.c.o
LOAD C:\Users\deniz\AppData\Local\arduino\sketches\2C0EAABDC00F27152BC0ABE4C5164FEE\libraries\SrcWrapper\HAL\stm32yyxx_hal_spi.c.o
LOAD C:\Users\deniz\AppData\Local\arduino\sketches\2C0EAABDC00F27152BC0ABE4C5164FEE\libraries\SrcWrapper\HAL\stm32yyxx_hal_spi_ex.c.o
LOAD C:\Users\deniz\AppData\Local\arduino\sketches\2C0EAABDC00F27152BC0ABE4C5164FEE\libraries\SrcWrapper\HAL\stm32yyxx_hal_sram.c.o
LOAD C:\Users\deniz\AppData\Local\arduino\sketches\2C0EAABDC00F27152BC0ABE4C5164FEE\libraries\SrcWrapper\HAL\stm32yyxx_hal_subghz.c.o
LOAD C:\Users\deniz\AppData\Local\arduino\sketches\2C0EAABDC00F27152BC0ABE4C5164FEE\libraries\SrcWrapper\HAL\stm32yyxx_hal_swpmi.c.o
LOAD C:\Users\deniz\AppData\Local\arduino\sketches\2C0EAABDC00F27152BC0ABE4C5164FEE\libraries\SrcWrapper\HAL\stm32yyxx_hal_tim.c.o
LOAD C:\Users\deniz\AppData\Local\arduino\sketches\2C0EAABDC00F27152BC0ABE4C5164FEE\libraries\SrcWrapper\HAL\stm32yyxx_hal_tim_ex.c.o
LOAD C:\Users\deniz\AppData\Local\arduino\sketches\2C0EAABDC00F27152BC0ABE4C5164FEE\libraries\SrcWrapper\HAL\stm32yyxx_hal_tsc.c.o
LOAD C:\Users\deniz\AppData\Local\arduino\sketches\2C0EAABDC00F27152BC0ABE4C5164FEE\libraries\SrcWrapper\HAL\stm32yyxx_hal_uart.c.o
LOAD C:\Users\deniz\AppData\Local\arduino\sketches\2C0EAABDC00F27152BC0ABE4C5164FEE\libraries\SrcWrapper\HAL\stm32yyxx_hal_uart_ex.c.o
LOAD C:\Users\deniz\AppData\Local\arduino\sketches\2C0EAABDC00F27152BC0ABE4C5164FEE\libraries\SrcWrapper\HAL\stm32yyxx_hal_usart.c.o
LOAD C:\Users\deniz\AppData\Local\arduino\sketches\2C0EAABDC00F27152BC0ABE4C5164FEE\libraries\SrcWrapper\HAL\stm32yyxx_hal_usart_ex.c.o
LOAD C:\Users\deniz\AppData\Local\arduino\sketches\2C0EAABDC00F27152BC0ABE4C5164FEE\libraries\SrcWrapper\HAL\stm32yyxx_hal_wwdg.c.o
LOAD C:\Users\deniz\AppData\Local\arduino\sketches\2C0EAABDC00F27152BC0ABE4C5164FEE\libraries\SrcWrapper\HAL\stm32yyxx_hal_xspi.c.o
LOAD C:\Users\deniz\AppData\Local\arduino\sketches\2C0EAABDC00F27152BC0ABE4C5164FEE\libraries\SrcWrapper\HardwareTimer.cpp.o
LOAD C:\Users\deniz\AppData\Local\arduino\sketches\2C0EAABDC00F27152BC0ABE4C5164FEE\libraries\SrcWrapper\LL\stm32yyxx_ll_adc.c.o
LOAD C:\Users\deniz\AppData\Local\arduino\sketches\2C0EAABDC00F27152BC0ABE4C5164FEE\libraries\SrcWrapper\LL\stm32yyxx_ll_bdma.c.o
LOAD C:\Users\deniz\AppData\Local\arduino\sketches\2C0EAABDC00F27152BC0ABE4C5164FEE\libraries\SrcWrapper\LL\stm32yyxx_ll_comp.c.o
LOAD C:\Users\deniz\AppData\Local\arduino\sketches\2C0EAABDC00F27152BC0ABE4C5164FEE\libraries\SrcWrapper\LL\stm32yyxx_ll_cordic.c.o
LOAD C:\Users\deniz\AppData\Local\arduino\sketches\2C0EAABDC00F27152BC0ABE4C5164FEE\libraries\SrcWrapper\LL\stm32yyxx_ll_crc.c.o
LOAD C:\Users\deniz\AppData\Local\arduino\sketches\2C0EAABDC00F27152BC0ABE4C5164FEE\libraries\SrcWrapper\LL\stm32yyxx_ll_crs.c.o
LOAD C:\Users\deniz\AppData\Local\arduino\sketches\2C0EAABDC00F27152BC0ABE4C5164FEE\libraries\SrcWrapper\LL\stm32yyxx_ll_dac.c.o
LOAD C:\Users\deniz\AppData\Local\arduino\sketches\2C0EAABDC00F27152BC0ABE4C5164FEE\libraries\SrcWrapper\LL\stm32yyxx_ll_delayblock.c.o
LOAD C:\Users\deniz\AppData\Local\arduino\sketches\2C0EAABDC00F27152BC0ABE4C5164FEE\libraries\SrcWrapper\LL\stm32yyxx_ll_dlyb.c.o
LOAD C:\Users\deniz\AppData\Local\arduino\sketches\2C0EAABDC00F27152BC0ABE4C5164FEE\libraries\SrcWrapper\LL\stm32yyxx_ll_dma.c.o
LOAD C:\Users\deniz\AppData\Local\arduino\sketches\2C0EAABDC00F27152BC0ABE4C5164FEE\libraries\SrcWrapper\LL\stm32yyxx_ll_dma2d.c.o
LOAD C:\Users\deniz\AppData\Local\arduino\sketches\2C0EAABDC00F27152BC0ABE4C5164FEE\libraries\SrcWrapper\LL\stm32yyxx_ll_exti.c.o
LOAD C:\Users\deniz\AppData\Local\arduino\sketches\2C0EAABDC00F27152BC0ABE4C5164FEE\libraries\SrcWrapper\LL\stm32yyxx_ll_fmac.c.o
LOAD C:\Users\deniz\AppData\Local\arduino\sketches\2C0EAABDC00F27152BC0ABE4C5164FEE\libraries\SrcWrapper\LL\stm32yyxx_ll_fmc.c.o
LOAD C:\Users\deniz\AppData\Local\arduino\sketches\2C0EAABDC00F27152BC0ABE4C5164FEE\libraries\SrcWrapper\LL\stm32yyxx_ll_fmpi2c.c.o
LOAD C:\Users\deniz\AppData\Local\arduino\sketches\2C0EAABDC00F27152BC0ABE4C5164FEE\libraries\SrcWrapper\LL\stm32yyxx_ll_fsmc.c.o
LOAD C:\Users\deniz\AppData\Local\arduino\sketches\2C0EAABDC00F27152BC0ABE4C5164FEE\libraries\SrcWrapper\LL\stm32yyxx_ll_gpio.c.o
LOAD C:\Users\deniz\AppData\Local\arduino\sketches\2C0EAABDC00F27152BC0ABE4C5164FEE\libraries\SrcWrapper\LL\stm32yyxx_ll_hrtim.c.o
LOAD C:\Users\deniz\AppData\Local\arduino\sketches\2C0EAABDC00F27152BC0ABE4C5164FEE\libraries\SrcWrapper\LL\stm32yyxx_ll_i2c.c.o
LOAD C:\Users\deniz\AppData\Local\arduino\sketches\2C0EAABDC00F27152BC0ABE4C5164FEE\libraries\SrcWrapper\LL\stm32yyxx_ll_i3c.c.o
LOAD C:\Users\deniz\AppData\Local\arduino\sketches\2C0EAABDC00F27152BC0ABE4C5164FEE\libraries\SrcWrapper\LL\stm32yyxx_ll_icache.c.o
LOAD C:\Users\deniz\AppData\Local\arduino\sketches\2C0EAABDC00F27152BC0ABE4C5164FEE\libraries\SrcWrapper\LL\stm32yyxx_ll_lpgpio.c.o
LOAD C:\Users\deniz\AppData\Local\arduino\sketches\2C0EAABDC00F27152BC0ABE4C5164FEE\libraries\SrcWrapper\LL\stm32yyxx_ll_lptim.c.o
LOAD C:\Users\deniz\AppData\Local\arduino\sketches\2C0EAABDC00F27152BC0ABE4C5164FEE\libraries\SrcWrapper\LL\stm32yyxx_ll_lpuart.c.o
LOAD C:\Users\deniz\AppData\Local\arduino\sketches\2C0EAABDC00F27152BC0ABE4C5164FEE\libraries\SrcWrapper\LL\stm32yyxx_ll_mdma.c.o
LOAD C:\Users\deniz\AppData\Local\arduino\sketches\2C0EAABDC00F27152BC0ABE4C5164FEE\libraries\SrcWrapper\LL\stm32yyxx_ll_opamp.c.o
LOAD C:\Users\deniz\AppData\Local\arduino\sketches\2C0EAABDC00F27152BC0ABE4C5164FEE\libraries\SrcWrapper\LL\stm32yyxx_ll_pka.c.o
LOAD C:\Users\deniz\AppData\Local\arduino\sketches\2C0EAABDC00F27152BC0ABE4C5164FEE\libraries\SrcWrapper\LL\stm32yyxx_ll_pwr.c.o
LOAD C:\Users\deniz\AppData\Local\arduino\sketches\2C0EAABDC00F27152BC0ABE4C5164FEE\libraries\SrcWrapper\LL\stm32yyxx_ll_rcc.c.o
LOAD C:\Users\deniz\AppData\Local\arduino\sketches\2C0EAABDC00F27152BC0ABE4C5164FEE\libraries\SrcWrapper\LL\stm32yyxx_ll_rng.c.o
LOAD C:\Users\deniz\AppData\Local\arduino\sketches\2C0EAABDC00F27152BC0ABE4C5164FEE\libraries\SrcWrapper\LL\stm32yyxx_ll_rtc.c.o
LOAD C:\Users\deniz\AppData\Local\arduino\sketches\2C0EAABDC00F27152BC0ABE4C5164FEE\libraries\SrcWrapper\LL\stm32yyxx_ll_sdmmc.c.o
LOAD C:\Users\deniz\AppData\Local\arduino\sketches\2C0EAABDC00F27152BC0ABE4C5164FEE\libraries\SrcWrapper\LL\stm32yyxx_ll_spi.c.o
LOAD C:\Users\deniz\AppData\Local\arduino\sketches\2C0EAABDC00F27152BC0ABE4C5164FEE\libraries\SrcWrapper\LL\stm32yyxx_ll_swpmi.c.o
LOAD C:\Users\deniz\AppData\Local\arduino\sketches\2C0EAABDC00F27152BC0ABE4C5164FEE\libraries\SrcWrapper\LL\stm32yyxx_ll_system.c.o
LOAD C:\Users\deniz\AppData\Local\arduino\sketches\2C0EAABDC00F27152BC0ABE4C5164FEE\libraries\SrcWrapper\LL\stm32yyxx_ll_tim.c.o
LOAD C:\Users\deniz\AppData\Local\arduino\sketches\2C0EAABDC00F27152BC0ABE4C5164FEE\libraries\SrcWrapper\LL\stm32yyxx_ll_ucpd.c.o
LOAD C:\Users\deniz\AppData\Local\arduino\sketches\2C0EAABDC00F27152BC0ABE4C5164FEE\libraries\SrcWrapper\LL\stm32yyxx_ll_usart.c.o
LOAD C:\Users\deniz\AppData\Local\arduino\sketches\2C0EAABDC00F27152BC0ABE4C5164FEE\libraries\SrcWrapper\LL\stm32yyxx_ll_usb.c.o
LOAD C:\Users\deniz\AppData\Local\arduino\sketches\2C0EAABDC00F27152BC0ABE4C5164FEE\libraries\SrcWrapper\LL\stm32yyxx_ll_utils.c.o
LOAD C:\Users\deniz\AppData\Local\arduino\sketches\2C0EAABDC00F27152BC0ABE4C5164FEE\libraries\SrcWrapper\new.cpp.o
LOAD C:\Users\deniz\AppData\Local\arduino\sketches\2C0EAABDC00F27152BC0ABE4C5164FEE\libraries\SrcWrapper\stm32\PortNames.c.o
LOAD C:\Users\deniz\AppData\Local\arduino\sketches\2C0EAABDC00F27152BC0ABE4C5164FEE\libraries\SrcWrapper\stm32\analog.cpp.o
LOAD C:\Users\deniz\AppData\Local\arduino\sketches\2C0EAABDC00F27152BC0ABE4C5164FEE\libraries\SrcWrapper\stm32\bootloader.c.o
LOAD C:\Users\deniz\AppData\Local\arduino\sketches\2C0EAABDC00F27152BC0ABE4C5164FEE\libraries\SrcWrapper\stm32\clock.c.o
LOAD C:\Users\deniz\AppData\Local\arduino\sketches\2C0EAABDC00F27152BC0ABE4C5164FEE\libraries\SrcWrapper\stm32\core_callback.c.o
LOAD C:\Users\deniz\AppData\Local\arduino\sketches\2C0EAABDC00F27152BC0ABE4C5164FEE\libraries\SrcWrapper\stm32\dwt.c.o
LOAD C:\Users\deniz\AppData\Local\arduino\sketches\2C0EAABDC00F27152BC0ABE4C5164FEE\libraries\SrcWrapper\stm32\hw_config.c.o
LOAD C:\Users\deniz\AppData\Local\arduino\sketches\2C0EAABDC00F27152BC0ABE4C5164FEE\libraries\SrcWrapper\stm32\interrupt.cpp.o
LOAD C:\Users\deniz\AppData\Local\arduino\sketches\2C0EAABDC00F27152BC0ABE4C5164FEE\libraries\SrcWrapper\stm32\otp.c.o
LOAD C:\Users\deniz\AppData\Local\arduino\sketches\2C0EAABDC00F27152BC0ABE4C5164FEE\libraries\SrcWrapper\stm32\pinmap.c.o
LOAD C:\Users\deniz\AppData\Local\arduino\sketches\2C0EAABDC00F27152BC0ABE4C5164FEE\libraries\SrcWrapper\stm32\stm32_def.c.o
LOAD C:\Users\deniz\AppData\Local\arduino\sketches\2C0EAABDC00F27152BC0ABE4C5164FEE\libraries\SrcWrapper\stm32\system_stm32yyxx.c.o
LOAD C:\Users\deniz\AppData\Local\arduino\sketches\2C0EAABDC00F27152BC0ABE4C5164FEE\libraries\SrcWrapper\stm32\timer.c.o
LOAD C:\Users\deniz\AppData\Local\arduino\sketches\2C0EAABDC00F27152BC0ABE4C5164FEE\libraries\SrcWrapper\stm32\uart.c.o
LOAD C:\Users\deniz\AppData\Local\arduino\sketches\2C0EAABDC00F27152BC0ABE4C5164FEE\libraries\SrcWrapper\syscalls.c.o
LOAD C:\Users\deniz\AppData\Local\arduino\sketches\2C0EAABDC00F27152BC0ABE4C5164FEE\libraries\USBDevice\USBSerial.cpp.o
LOAD C:\Users\deniz\AppData\Local\arduino\sketches\2C0EAABDC00F27152BC0ABE4C5164FEE\libraries\USBDevice\cdc\cdc_queue.c.o
LOAD C:\Users\deniz\AppData\Local\arduino\sketches\2C0EAABDC00F27152BC0ABE4C5164FEE\libraries\USBDevice\cdc\usbd_cdc.c.o
LOAD C:\Users\deniz\AppData\Local\arduino\sketches\2C0EAABDC00F27152BC0ABE4C5164FEE\libraries\USBDevice\cdc\usbd_cdc_if.c.o
LOAD C:\Users\deniz\AppData\Local\arduino\sketches\2C0EAABDC00F27152BC0ABE4C5164FEE\libraries\USBDevice\hid\usbd_hid_composite.c.o
LOAD C:\Users\deniz\AppData\Local\arduino\sketches\2C0EAABDC00F27152BC0ABE4C5164FEE\libraries\USBDevice\hid\usbd_hid_composite_if.c.o
LOAD C:\Users\deniz\AppData\Local\arduino\sketches\2C0EAABDC00F27152BC0ABE4C5164FEE\libraries\USBDevice\usb_device_core.c.o
LOAD C:\Users\deniz\AppData\Local\arduino\sketches\2C0EAABDC00F27152BC0ABE4C5164FEE\libraries\USBDevice\usb_device_ctlreq.c.o
LOAD C:\Users\deniz\AppData\Local\arduino\sketches\2C0EAABDC00F27152BC0ABE4C5164FEE\libraries\USBDevice\usb_device_ioreq.c.o
LOAD C:\Users\deniz\AppData\Local\arduino\sketches\2C0EAABDC00F27152BC0ABE4C5164FEE\libraries\USBDevice\usbd_conf.c.o
LOAD C:\Users\deniz\AppData\Local\arduino\sketches\2C0EAABDC00F27152BC0ABE4C5164FEE\libraries\USBDevice\usbd_desc.c.o
LOAD C:\Users\deniz\AppData\Local\arduino\sketches\2C0EAABDC00F27152BC0ABE4C5164FEE\libraries\USBDevice\usbd_ep_conf.c.o
LOAD C:\Users\deniz\AppData\Local\arduino\sketches\2C0EAABDC00F27152BC0ABE4C5164FEE\libraries\USBDevice\usbd_if.c.o
LOAD C:\Users\deniz\AppData\Local\arduino\sketches\2C0EAABDC00F27152BC0ABE4C5164FEE\core\PeripheralPins.c.o
LOAD C:\Users\deniz\AppData\Local\arduino\sketches\2C0EAABDC00F27152BC0ABE4C5164FEE\core\generic_clock.c.o
LOAD C:\Users\deniz\AppData\Local\arduino\sketches\2C0EAABDC00F27152BC0ABE4C5164FEE\core\variant_NUCLEO_G0B1RE.cpp.o
LOAD C:\Users\deniz\AppData\Local\arduino\sketches\2C0EAABDC00F27152BC0ABE4C5164FEE\core\variant_generic.cpp.o
LOAD C:\Users\deniz\AppData\Local\arduino\cores\c2c2276010c358a6c1923aa25cb15310\core.a
LOAD C:/Users/deniz/AppData/Local/Arduino15/packages/STMicroelectronics/tools/xpack-arm-none-eabi-gcc/14.2.1-1.1/bin/../lib/gcc/arm-none-eabi/14.2.1/../../../../arm-none-eabi/lib/thumb/v6-m/nofp\libc_nano.a
END GROUP
LOAD C:/Users/deniz/AppData/Local/Arduino15/packages/STMicroelectronics/tools/xpack-arm-none-eabi-gcc/14.2.1-1.1/bin/../lib/gcc/arm-none-eabi/14.2.1/../../../../arm-none-eabi/lib/thumb/v6-m/nofp\libm.a
LOAD C:/Users/deniz/AppData/Local/Arduino15/packages/STMicroelectronics/tools/xpack-arm-none-eabi-gcc/14.2.1-1.1/bin/../lib/gcc/arm-none-eabi/14.2.1/thumb/v6-m/nofp\libgcc.a
LOAD C:/Users/deniz/AppData/Local/Arduino15/packages/STMicroelectronics/tools/xpack-arm-none-eabi-gcc/14.2.1-1.1/bin/../lib/gcc/arm-none-eabi/14.2.1/../../../../arm-none-eabi/lib/thumb/v6-m/nofp\libstdc++_nano.a
START GROUP
LOAD C:/Users/deniz/AppData/Local/Arduino15/packages/STMicroelectronics/tools/xpack-arm-none-eabi-gcc/14.2.1-1.1/bin/../lib/gcc/arm-none-eabi/14.2.1/thumb/v6-m/nofp\libgcc.a
LOAD C:/Users/deniz/AppData/Local/Arduino15/packages/STMicroelectronics/tools/xpack-arm-none-eabi-gcc/14.2.1-1.1/bin/../lib/gcc/arm-none-eabi/14.2.1/../../../../arm-none-eabi/lib/thumb/v6-m/nofp\libc_nano.a
END GROUP
START GROUP
LOAD C:/Users/deniz/AppData/Local/Arduino15/packages/STMicroelectronics/tools/xpack-arm-none-eabi-gcc/14.2.1-1.1/bin/../lib/gcc/arm-none-eabi/14.2.1/thumb/v6-m/nofp\libgcc.a
LOAD C:/Users/deniz/AppData/Local/Arduino15/packages/STMicroelectronics/tools/xpack-arm-none-eabi-gcc/14.2.1-1.1/bin/../lib/gcc/arm-none-eabi/14.2.1/../../../../arm-none-eabi/lib/thumb/v6-m/nofp\libc_nano.a
END GROUP
LOAD C:/Users/deniz/AppData/Local/Arduino15/packages/STMicroelectronics/tools/xpack-arm-none-eabi-gcc/14.2.1-1.1/bin/../lib/gcc/arm-none-eabi/14.2.1/thumb/v6-m/nofp/crtend.o
LOAD C:/Users/deniz/AppData/Local/Arduino15/packages/STMicroelectronics/tools/xpack-arm-none-eabi-gcc/14.2.1-1.1/bin/../lib/gcc/arm-none-eabi/14.2.1/thumb/v6-m/nofp/crtn.o
                0x20024000                        _estack = (ORIGIN (RAM) + LENGTH (RAM))
                0x00000200                        _Min_Heap_Size = 0x200
                0x00000400                        _Min_Stack_Size = 0x400

.isr_vector     0x08000000       0xbc
                0x08000000                        . = ALIGN (0x4)
 *(.isr_vector)
 .isr_vector    0x08000000       0xbc C:\Users\deniz\AppData\Local\arduino\cores\c2c2276010c358a6c1923aa25cb15310\core.a(startup_stm32yyxx.S.o)
                0x08000000                g_pfnVectors
                0x080000bc                        . = ALIGN (0x4)

.text           0x080000bc     0xbf14
                0x080000bc                        . = ALIGN (0x4)
 *(.text)
 .text          0x080000bc     0x9d28 C:\Users\deniz\AppData\Local\Temp\ccMKr7vg.ltrans0.ltrans.o
                0x080037e8                USBSerial::availableForWrite()
                0x08003808                USBSerial::write(unsigned char)
                0x08003820                USBSerial::available()
                0x08003860                USBSerial::peek()
                0x080038a8                USBSerial::flush()
                0x080046a4                USBD_LL_StallEP.constprop.1.isra.0
                0x080057a4                USBD_LL_StallEP.constprop.0.isra.0
                0x08005b30                USBSerial::readBytesUntil(char, char*, unsigned int)
                0x08005c54                USBSerial::read()
                0x080061ac                USBSerial::write(unsigned char const*, unsigned int)
                0x08006380                USBSerial::readBytes(char*, unsigned int)
                0x08009474                TIM1_BRK_UP_TRG_COM_IRQHandler
                0x0800948c                TIM1_CC_IRQHandler
                0x080094a4                TIM2_IRQHandler
                0x080094bc                TIM3_TIM4_IRQHandler
                0x080094e0                TIM6_DAC_LPTIM1_IRQHandler
                0x080094f8                TIM7_LPTIM2_IRQHandler
                0x08009510                TIM14_IRQHandler
                0x08009528                TIM15_IRQHandler
                0x08009540                TIM16_FDCAN_IT0_IRQHandler
                0x08009558                TIM17_FDCAN_IT1_IRQHandler
                0x08009570                SysTick_Handler
                0x08009580                EXTI0_1_IRQHandler
                0x08009618                EXTI2_3_IRQHandler
                0x080096a0                EXTI4_15_IRQHandler
                0x08009730                SystemInit
                0x0800977c                USART1_IRQHandler
                0x0800979c                USART2_LPUART2_IRQHandler
                0x080097cc                USART3_4_5_6_LPUART1_IRQHandler
                0x08009818                _sbrk
                0x08009854                _close
                0x0800985c                _fstat
                0x08009868                _isatty
                0x0800986c                _lseek
                0x08009870                _read
                0x08009874                _exit
                0x08009878                _kill
                0x08009888                _getpid
                0x0800988c                USB_UCPD1_2_IRQHandler
                0x08009b84                _write
 .text          0x08009de4      0xdb0 C:\Users\deniz\AppData\Local\Temp\ccMKr7vg.ltrans1.ltrans.o
                0x08009de4                USBD_CtlError.isra.0
                0x08009e58                HAL_PCD_EP_SetStall.isra.0
                0x08009ef0                USBD_ClrClassConfig.isra.0
                0x08009f00                USB_EPStartXfer.isra.0
                0x0800a774                USBD_CtlSendStatus.isra.0
                0x0800a7a4                USB_WritePMA.isra.0
                0x0800a83c                USB_DeactivateEndpoint.isra.0
                0x0800a934                USB_ActivateEndpoint.isra.0
 .text          0x0800ab94      0x114 C:/Users/deniz/AppData/Local/Arduino15/packages/STMicroelectronics/tools/xpack-arm-none-eabi-gcc/14.2.1-1.1/bin/../lib/gcc/arm-none-eabi/14.2.1/thumb/v6-m/nofp\libgcc.a(_udivsi3.o)
                0x0800ab94                __aeabi_uidiv
                0x0800ab94                __udivsi3
                0x0800aca0                __aeabi_uidivmod
 .text          0x0800aca8        0x4 C:/Users/deniz/AppData/Local/Arduino15/packages/STMicroelectronics/tools/xpack-arm-none-eabi-gcc/14.2.1-1.1/bin/../lib/gcc/arm-none-eabi/14.2.1/thumb/v6-m/nofp\libgcc.a(_dvmd_tls.o)
                0x0800aca8                __aeabi_idiv0
                0x0800aca8                __aeabi_ldiv0
 .text          0x0800acac       0x3c C:/Users/deniz/AppData/Local/Arduino15/packages/STMicroelectronics/tools/xpack-arm-none-eabi-gcc/14.2.1-1.1/bin/../lib/gcc/arm-none-eabi/14.2.1/thumb/v6-m/nofp\libgcc.a(_clzsi2.o)
                0x0800acac                __clzsi2
 .text          0x0800ace8       0x40 C:/Users/deniz/AppData/Local/Arduino15/packages/STMicroelectronics/tools/xpack-arm-none-eabi-gcc/14.2.1-1.1/bin/../lib/gcc/arm-none-eabi/14.2.1/thumb/v6-m/nofp\libgcc.a(_aeabi_uldivmod.o)
                0x0800ace8                __aeabi_uldivmod
 .text          0x0800ad28       0x18 C:/Users/deniz/AppData/Local/Arduino15/packages/STMicroelectronics/tools/xpack-arm-none-eabi-gcc/14.2.1-1.1/bin/../lib/gcc/arm-none-eabi/14.2.1/thumb/v6-m/nofp\libgcc.a(_clzdi2.o)
                0x0800ad28                __clzdi2
 *(.text*)
 .text.__do_global_dtors_aux
                0x0800ad40       0x28 C:/Users/deniz/AppData/Local/Arduino15/packages/STMicroelectronics/tools/xpack-arm-none-eabi-gcc/14.2.1-1.1/bin/../lib/gcc/arm-none-eabi/14.2.1/thumb/v6-m/nofp/crtbegin.o
 .text.frame_dummy
                0x0800ad68       0x20 C:/Users/deniz/AppData/Local/Arduino15/packages/STMicroelectronics/tools/xpack-arm-none-eabi-gcc/14.2.1-1.1/bin/../lib/gcc/arm-none-eabi/14.2.1/thumb/v6-m/nofp/crtbegin.o
 .text.exit     0x0800ad88       0x2c C:\Users\deniz\AppData\Local\Temp\ccMKr7vg.ltrans0.ltrans.o
 .text.startup  0x0800adb4      0xbe0 C:\Users\deniz\AppData\Local\Temp\ccMKr7vg.ltrans0.ltrans.o
                0x0800af24                main
                0x0800b8d0                HardwareSerial::HardwareSerial(void*, HalfDuplexMode_t) [clone .constprop.0] [clone .isra.0]
 .text.startup  0x0800b994      0x184 C:\Users\deniz\AppData\Local\Temp\ccMKr7vg.ltrans1.ltrans.o
 .text.Reset_Handler
                0x0800bb18       0x50 C:\Users\deniz\AppData\Local\arduino\cores\c2c2276010c358a6c1923aa25cb15310\core.a(startup_stm32yyxx.S.o)
                0x0800bb18                Reset_Handler
 .text.Default_Handler
                0x0800bb68        0x2 C:\Users\deniz\AppData\Local\arduino\cores\c2c2276010c358a6c1923aa25cb15310\core.a(startup_stm32yyxx.S.o)
                0x0800bb68                I2C2_3_IRQHandler
                0x0800bb68                HardFault_Handler
                0x0800bb68                ADC1_COMP_IRQHandler
                0x0800bb68                PendSV_Handler
                0x0800bb68                NMI_Handler
                0x0800bb68                I2C1_IRQHandler
                0x0800bb68                DMA1_Ch4_7_DMA2_Ch1_5_DMAMUX1_OVR_IRQHandler
                0x0800bb68                RCC_CRS_IRQHandler
                0x0800bb68                RTC_TAMP_IRQHandler
                0x0800bb68                SPI1_IRQHandler
                0x0800bb68                PVD_VDDIO2_IRQHandler
                0x0800bb68                DMA1_Channel1_IRQHandler
                0x0800bb68                Default_Handler
                0x0800bb68                CEC_IRQHandler
                0x0800bb68                SPI2_3_IRQHandler
                0x0800bb68                SVC_Handler
                0x0800bb68                WWDG_IRQHandler
                0x0800bb68                DMA1_Channel2_3_IRQHandler
                0x0800bb68                FLASH_IRQHandler
 .text.memset   0x0800bb6a       0x10 C:/Users/deniz/AppData/Local/Arduino15/packages/STMicroelectronics/tools/xpack-arm-none-eabi-gcc/14.2.1-1.1/bin/../lib/gcc/arm-none-eabi/14.2.1/../../../../arm-none-eabi/lib/thumb/v6-m/nofp\libc_nano.a(libc_a-memset.o)
                0x0800bb6a                memset
 *fill*         0x0800bb7a        0x2 
 .text.__libc_init_array
                0x0800bb7c       0x48 C:/Users/deniz/AppData/Local/Arduino15/packages/STMicroelectronics/tools/xpack-arm-none-eabi-gcc/14.2.1-1.1/bin/../lib/gcc/arm-none-eabi/14.2.1/../../../../arm-none-eabi/lib/thumb/v6-m/nofp\libc_nano.a(libc_a-init.o)
                0x0800bb7c                __libc_init_array
 .text.__retarget_lock_acquire_recursive
                0x0800bbc4        0x2 C:/Users/deniz/AppData/Local/Arduino15/packages/STMicroelectronics/tools/xpack-arm-none-eabi-gcc/14.2.1-1.1/bin/../lib/gcc/arm-none-eabi/14.2.1/../../../../arm-none-eabi/lib/thumb/v6-m/nofp\libc_nano.a(libc_a-lock.o)
                0x0800bbc4                __retarget_lock_acquire_recursive
 .text.__retarget_lock_release_recursive
                0x0800bbc6        0x2 C:/Users/deniz/AppData/Local/Arduino15/packages/STMicroelectronics/tools/xpack-arm-none-eabi-gcc/14.2.1-1.1/bin/../lib/gcc/arm-none-eabi/14.2.1/../../../../arm-none-eabi/lib/thumb/v6-m/nofp\libc_nano.a(libc_a-lock.o)
                0x0800bbc6                __retarget_lock_release_recursive
 .text.memcpy   0x0800bbc8       0x12 C:/Users/deniz/AppData/Local/Arduino15/packages/STMicroelectronics/tools/xpack-arm-none-eabi-gcc/14.2.1-1.1/bin/../lib/gcc/arm-none-eabi/14.2.1/../../../../arm-none-eabi/lib/thumb/v6-m/nofp\libc_nano.a(libc_a-memcpy-stub.o)
                0x0800bbc8                memcpy
 *fill*         0x0800bbda        0x2 
 .text._free_r  0x0800bbdc       0x94 C:/Users/deniz/AppData/Local/Arduino15/packages/STMicroelectronics/tools/xpack-arm-none-eabi-gcc/14.2.1-1.1/bin/../lib/gcc/arm-none-eabi/14.2.1/../../../../arm-none-eabi/lib/thumb/v6-m/nofp\libc_nano.a(libc_a-freer.o)
                0x0800bbdc                _free_r
 .text.sbrk_aligned
                0x0800bc70       0x44 C:/Users/deniz/AppData/Local/Arduino15/packages/STMicroelectronics/tools/xpack-arm-none-eabi-gcc/14.2.1-1.1/bin/../lib/gcc/arm-none-eabi/14.2.1/../../../../arm-none-eabi/lib/thumb/v6-m/nofp\libc_nano.a(libc_a-mallocr.o)
 .text._malloc_r
                0x0800bcb4      0x100 C:/Users/deniz/AppData/Local/Arduino15/packages/STMicroelectronics/tools/xpack-arm-none-eabi-gcc/14.2.1-1.1/bin/../lib/gcc/arm-none-eabi/14.2.1/../../../../arm-none-eabi/lib/thumb/v6-m/nofp\libc_nano.a(libc_a-mallocr.o)
                0x0800bcb4                _malloc_r
 .text.__malloc_lock
                0x0800bdb4       0x10 C:/Users/deniz/AppData/Local/Arduino15/packages/STMicroelectronics/tools/xpack-arm-none-eabi-gcc/14.2.1-1.1/bin/../lib/gcc/arm-none-eabi/14.2.1/../../../../arm-none-eabi/lib/thumb/v6-m/nofp\libc_nano.a(libc_a-mlock.o)
                0x0800bdb4                __malloc_lock
 .text.__malloc_unlock
                0x0800bdc4       0x10 C:/Users/deniz/AppData/Local/Arduino15/packages/STMicroelectronics/tools/xpack-arm-none-eabi-gcc/14.2.1-1.1/bin/../lib/gcc/arm-none-eabi/14.2.1/../../../../arm-none-eabi/lib/thumb/v6-m/nofp\libc_nano.a(libc_a-mlock.o)
                0x0800bdc4                __malloc_unlock
 .text._sbrk_r  0x0800bdd4       0x24 C:/Users/deniz/AppData/Local/Arduino15/packages/STMicroelectronics/tools/xpack-arm-none-eabi-gcc/14.2.1-1.1/bin/../lib/gcc/arm-none-eabi/14.2.1/../../../../arm-none-eabi/lib/thumb/v6-m/nofp\libc_nano.a(libc_a-sbrkr.o)
                0x0800bdd4                _sbrk_r
 .text.malloc   0x0800bdf8       0x14 C:/Users/deniz/AppData/Local/Arduino15/packages/STMicroelectronics/tools/xpack-arm-none-eabi-gcc/14.2.1-1.1/bin/../lib/gcc/arm-none-eabi/14.2.1/../../../../arm-none-eabi/lib/thumb/v6-m/nofp\libc_nano.a(libc_a-malloc.o)
                0x0800bdf8                malloc
 .text.free     0x0800be0c       0x14 C:/Users/deniz/AppData/Local/Arduino15/packages/STMicroelectronics/tools/xpack-arm-none-eabi-gcc/14.2.1-1.1/bin/../lib/gcc/arm-none-eabi/14.2.1/../../../../arm-none-eabi/lib/thumb/v6-m/nofp\libc_nano.a(libc_a-malloc.o)
                0x0800be0c                free
 .text.__udivmoddi4
                0x0800be20      0x198 C:/Users/deniz/AppData/Local/Arduino15/packages/STMicroelectronics/tools/xpack-arm-none-eabi-gcc/14.2.1-1.1/bin/../lib/gcc/arm-none-eabi/14.2.1/thumb/v6-m/nofp\libgcc.a(_udivmoddi4.o)
                0x0800be20                __udivmoddi4
 *(.glue_7)
 .glue_7        0x0800bfb8        0x0 linker stubs
 *(.glue_7t)
 .glue_7t       0x0800bfb8        0x0 linker stubs
 *(.eh_frame)
 .eh_frame      0x0800bfb8        0x0 C:/Users/deniz/AppData/Local/Arduino15/packages/STMicroelectronics/tools/xpack-arm-none-eabi-gcc/14.2.1-1.1/bin/../lib/gcc/arm-none-eabi/14.2.1/thumb/v6-m/nofp/crtbegin.o
 *(.init)
 .init          0x0800bfb8        0x4 C:/Users/deniz/AppData/Local/Arduino15/packages/STMicroelectronics/tools/xpack-arm-none-eabi-gcc/14.2.1-1.1/bin/../lib/gcc/arm-none-eabi/14.2.1/thumb/v6-m/nofp/crti.o
                0x0800bfb8                _init
 .init          0x0800bfbc        0x8 C:/Users/deniz/AppData/Local/Arduino15/packages/STMicroelectronics/tools/xpack-arm-none-eabi-gcc/14.2.1-1.1/bin/../lib/gcc/arm-none-eabi/14.2.1/thumb/v6-m/nofp/crtn.o
 *(.fini)
 .fini          0x0800bfc4        0x4 C:/Users/deniz/AppData/Local/Arduino15/packages/STMicroelectronics/tools/xpack-arm-none-eabi-gcc/14.2.1-1.1/bin/../lib/gcc/arm-none-eabi/14.2.1/thumb/v6-m/nofp/crti.o
                0x0800bfc4                _fini
 .fini          0x0800bfc8        0x8 C:/Users/deniz/AppData/Local/Arduino15/packages/STMicroelectronics/tools/xpack-arm-none-eabi-gcc/14.2.1-1.1/bin/../lib/gcc/arm-none-eabi/14.2.1/thumb/v6-m/nofp/crtn.o
                0x0800bfd0                        . = ALIGN (0x4)
                0x0800bfd0                        _etext = .

.vfp11_veneer   0x0800bfd0        0x0
 .vfp11_veneer  0x0800bfd0        0x0 linker stubs

.v4_bx          0x0800bfd0        0x0
 .v4_bx         0x0800bfd0        0x0 linker stubs

.iplt           0x0800bfd0        0x0
 .iplt          0x0800bfd0        0x0 C:/Users/deniz/AppData/Local/Arduino15/packages/STMicroelectronics/tools/xpack-arm-none-eabi-gcc/14.2.1-1.1/bin/../lib/gcc/arm-none-eabi/14.2.1/thumb/v6-m/nofp/crtbegin.o

.rodata         0x0800bfd0      0xd00
                0x0800bfd0                        . = ALIGN (0x4)
 *(.rodata)
 .rodata        0x0800bfd0      0xc44 C:\Users\deniz\AppData\Local\Temp\ccMKr7vg.ltrans0.ltrans.o
 .rodata        0x0800cc14       0x2c C:\Users\deniz\AppData\Local\Temp\ccMKr7vg.ltrans1.ltrans.o
 *(.rodata*)
 .rodata.str1.4
                0x0800cc40       0x8f C:\Users\deniz\AppData\Local\Temp\ccMKr7vg.ltrans0.ltrans.o
                0x0800ccd0                        . = ALIGN (0x4)
 *fill*         0x0800cccf        0x1 

.ARM.extab      0x0800ccd0        0x0
                0x0800ccd0                        . = ALIGN (0x4)
 *(.ARM.extab* .gnu.linkonce.armextab.*)
                0x0800ccd0                        . = ALIGN (0x4)

.ARM            0x0800ccd0        0x8
                0x0800ccd0                        . = ALIGN (0x4)
                0x0800ccd0                        __exidx_start = .
 *(.ARM.exidx*)
 .ARM.exidx.text.__udivmoddi4
                0x0800ccd0        0x8 C:/Users/deniz/AppData/Local/Arduino15/packages/STMicroelectronics/tools/xpack-arm-none-eabi-gcc/14.2.1-1.1/bin/../lib/gcc/arm-none-eabi/14.2.1/thumb/v6-m/nofp\libgcc.a(_udivmoddi4.o)
                0x0800ccd8                        __exidx_end = .
                0x0800ccd8                        . = ALIGN (0x4)

.preinit_array  0x0800ccd8        0x0
                0x0800ccd8                        . = ALIGN (0x4)
                0x0800ccd8                        PROVIDE (__preinit_array_start = .)
 *(.preinit_array*)
                0x0800ccd8                        PROVIDE (__preinit_array_end = .)
                0x0800ccd8                        . = ALIGN (0x4)

.init_array     0x0800ccd8        0xc
                0x0800ccd8                        . = ALIGN (0x4)
                0x0800ccd8                        PROVIDE (__init_array_start = .)
 *(SORT_BY_NAME(.init_array.*))
 .init_array.00101
                0x0800ccd8        0x4 C:\Users\deniz\AppData\Local\Temp\ccMKr7vg.ltrans0.ltrans.o
 *(.init_array*)
 .init_array    0x0800ccdc        0x4 C:/Users/deniz/AppData/Local/Arduino15/packages/STMicroelectronics/tools/xpack-arm-none-eabi-gcc/14.2.1-1.1/bin/../lib/gcc/arm-none-eabi/14.2.1/thumb/v6-m/nofp/crtbegin.o
 .init_array    0x0800cce0        0x4 C:\Users\deniz\AppData\Local\Temp\ccMKr7vg.ltrans1.ltrans.o
                0x0800cce4                        PROVIDE (__init_array_end = .)
                0x0800cce4                        . = ALIGN (0x4)

.fini_array     0x0800cce4        0x8
                0x0800cce4                        . = ALIGN (0x4)
                0x0800cce4                        PROVIDE (__fini_array_start = .)
 *(SORT_BY_NAME(.fini_array.*))
 *(.fini_array*)
 .fini_array    0x0800cce4        0x4 C:/Users/deniz/AppData/Local/Arduino15/packages/STMicroelectronics/tools/xpack-arm-none-eabi-gcc/14.2.1-1.1/bin/../lib/gcc/arm-none-eabi/14.2.1/thumb/v6-m/nofp/crtbegin.o
 .fini_array    0x0800cce8        0x4 C:\Users\deniz\AppData\Local\Temp\ccMKr7vg.ltrans0.ltrans.o
                0x0800ccec                        PROVIDE (__fini_array_end = .)
                0x0800ccec                        . = ALIGN (0x4)
                0x0800ccec                        _sidata = LOADADDR (.data)

.rel.dyn        0x0800ccec        0x0
 .rel.iplt      0x0800ccec        0x0 C:/Users/deniz/AppData/Local/Arduino15/packages/STMicroelectronics/tools/xpack-arm-none-eabi-gcc/14.2.1-1.1/bin/../lib/gcc/arm-none-eabi/14.2.1/thumb/v6-m/nofp/crtbegin.o

.data           0x20000000      0x2ec load address 0x0800ccec
                0x20000000                        . = ALIGN (0x4)
                0x20000000                        _sdata = .
 *(.data)
 .data          0x20000000      0x29c C:\Users\deniz\AppData\Local\Temp\ccMKr7vg.ltrans0.ltrans.o
 *(.data*)
 .data._impure_ptr
                0x2000029c        0x4 C:/Users/deniz/AppData/Local/Arduino15/packages/STMicroelectronics/tools/xpack-arm-none-eabi-gcc/14.2.1-1.1/bin/../lib/gcc/arm-none-eabi/14.2.1/../../../../arm-none-eabi/lib/thumb/v6-m/nofp\libc_nano.a(libc_a-impure.o)
                0x2000029c                _impure_ptr
 .data._impure_data
                0x200002a0       0x4c C:/Users/deniz/AppData/Local/Arduino15/packages/STMicroelectronics/tools/xpack-arm-none-eabi-gcc/14.2.1-1.1/bin/../lib/gcc/arm-none-eabi/14.2.1/../../../../arm-none-eabi/lib/thumb/v6-m/nofp\libc_nano.a(libc_a-impure.o)
                0x200002a0                _impure_data
 *(.RamFunc)
 *(.RamFunc*)
                0x200002ec                        . = ALIGN (0x4)
                0x200002ec                        _edata = .

.igot.plt       0x200002ec        0x0 load address 0x0800cfd8
 .igot.plt      0x200002ec        0x0 C:/Users/deniz/AppData/Local/Arduino15/packages/STMicroelectronics/tools/xpack-arm-none-eabi-gcc/14.2.1-1.1/bin/../lib/gcc/arm-none-eabi/14.2.1/thumb/v6-m/nofp/crtbegin.o
                0x200002ec                        . = ALIGN (0x4)

.bss            0x200002f0     0x1288 load address 0x0800cfd8
                0x200002f0                        _sbss = .
                0x200002f0                        __bss_start__ = _sbss
 *(.bss)
 .bss           0x200002f0     0x1124 C:\Users\deniz\AppData\Local\Temp\ccMKr7vg.ltrans0.ltrans.o
                0x200003ec                SerialUSB
                0x20000400                Serial5
                0x20001090                _ZL13gpio_irq_conf.lto_priv.0
                0x200012b0                Serial3
 *(.bss*)
 .bss.completed.1
                0x20001414        0x1 C:/Users/deniz/AppData/Local/Arduino15/packages/STMicroelectronics/tools/xpack-arm-none-eabi-gcc/14.2.1-1.1/bin/../lib/gcc/arm-none-eabi/14.2.1/thumb/v6-m/nofp/crtbegin.o
 *fill*         0x20001415        0x3 
 .bss.object.0  0x20001418       0x18 C:/Users/deniz/AppData/Local/Arduino15/packages/STMicroelectronics/tools/xpack-arm-none-eabi-gcc/14.2.1-1.1/bin/../lib/gcc/arm-none-eabi/14.2.1/thumb/v6-m/nofp/crtbegin.o
 .bss.__sf      0x20001430      0x138 C:/Users/deniz/AppData/Local/Arduino15/packages/STMicroelectronics/tools/xpack-arm-none-eabi-gcc/14.2.1-1.1/bin/../lib/gcc/arm-none-eabi/14.2.1/../../../../arm-none-eabi/lib/thumb/v6-m/nofp\libc_nano.a(libc_a-findfp.o)
                0x20001430                __sf
 .bss.errno     0x20001568        0x4 C:/Users/deniz/AppData/Local/Arduino15/packages/STMicroelectronics/tools/xpack-arm-none-eabi-gcc/14.2.1-1.1/bin/../lib/gcc/arm-none-eabi/14.2.1/../../../../arm-none-eabi/lib/thumb/v6-m/nofp\libc_nano.a(libc_a-reent.o)
                0x20001568                errno
 .bss.__lock___malloc_recursive_mutex
                0x2000156c        0x1 C:/Users/deniz/AppData/Local/Arduino15/packages/STMicroelectronics/tools/xpack-arm-none-eabi-gcc/14.2.1-1.1/bin/../lib/gcc/arm-none-eabi/14.2.1/../../../../arm-none-eabi/lib/thumb/v6-m/nofp\libc_nano.a(libc_a-lock.o)
                0x2000156c                __lock___malloc_recursive_mutex
 *fill*         0x2000156d        0x3 
 .bss.__malloc_sbrk_start
                0x20001570        0x4 C:/Users/deniz/AppData/Local/Arduino15/packages/STMicroelectronics/tools/xpack-arm-none-eabi-gcc/14.2.1-1.1/bin/../lib/gcc/arm-none-eabi/14.2.1/../../../../arm-none-eabi/lib/thumb/v6-m/nofp\libc_nano.a(libc_a-mallocr.o)
                0x20001570                __malloc_sbrk_start
 .bss.__malloc_free_list
                0x20001574        0x4 C:/Users/deniz/AppData/Local/Arduino15/packages/STMicroelectronics/tools/xpack-arm-none-eabi-gcc/14.2.1-1.1/bin/../lib/gcc/arm-none-eabi/14.2.1/../../../../arm-none-eabi/lib/thumb/v6-m/nofp\libc_nano.a(libc_a-mallocr.o)
                0x20001574                __malloc_free_list
 *(COMMON)
                0x20001578                        . = ALIGN (0x4)
                0x20001578                        _ebss = .
                0x20001578                        __bss_end__ = _ebss
LOAD C:/Users/deniz/AppData/Local/Arduino15/packages/STMicroelectronics/tools/xpack-arm-none-eabi-gcc/14.2.1-1.1/bin/../lib/gcc/arm-none-eabi/14.2.1/thumb/v6-m/nofp/crti.o
LOAD C:/Users/deniz/AppData/Local/Arduino15/packages/STMicroelectronics/tools/xpack-arm-none-eabi-gcc/14.2.1-1.1/bin/../lib/gcc/arm-none-eabi/14.2.1/thumb/v6-m/nofp/crtbegin.o
LOAD C:/Users/deniz/AppData/Local/Arduino15/packages/STMicroelectronics/tools/xpack-arm-none-eabi-gcc/14.2.1-1.1/bin/../lib/gcc/arm-none-eabi/14.2.1/../../../../arm-none-eabi/lib/thumb/v6-m/nofp/crt0.o
                0x00000000                        LD_FLASH_OFFSET = 0x0
                0x00080000                        LD_MAX_SIZE = 0x80000
                0x00024000                        LD_MAX_DATA_SIZE = 0x24000

.noinit         0x20001578        0x0
                0x20001578                        . = ALIGN (0x4)
                0x20001578                        _snoinit = .
 *(.noinit)
 *(.noinit*)
                0x20001578                        . = ALIGN (0x4)
                0x20001578                        _enoinit = .

._user_heap_stack
                0x20001578      0x600
                0x20001578                        . = ALIGN (0x8)
                [!provide]                        PROVIDE (end = .)
                0x20001578                        PROVIDE (_end = .)
                0x20001778                        . = (. + _Min_Heap_Size)
 *fill*         0x20001578      0x200 
                0x20001b78                        . = (. + _Min_Stack_Size)
 *fill*         0x20001778      0x400 
                0x20001b78                        . = ALIGN (0x8)

/DISCARD/
 libc.a(*)
 libm.a(*)
 libgcc.a(*)

.ARM.attributes
                0x00000000       0x28
 *(.ARM.attributes)
 .ARM.attributes
                0x00000000       0x1e C:/Users/deniz/AppData/Local/Arduino15/packages/STMicroelectronics/tools/xpack-arm-none-eabi-gcc/14.2.1-1.1/bin/../lib/gcc/arm-none-eabi/14.2.1/thumb/v6-m/nofp/crti.o
 .ARM.attributes
                0x0000001e       0x2c C:/Users/deniz/AppData/Local/Arduino15/packages/STMicroelectronics/tools/xpack-arm-none-eabi-gcc/14.2.1-1.1/bin/../lib/gcc/arm-none-eabi/14.2.1/thumb/v6-m/nofp/crtbegin.o
 .ARM.attributes
                0x0000004a       0x2a C:\Users\deniz\AppData\Local\Temp\ccMKr7vg.ltrans0.ltrans.o
 .ARM.attributes
                0x00000074       0x2a C:\Users\deniz\AppData\Local\Temp\ccMKr7vg.ltrans1.ltrans.o
 .ARM.attributes
                0x0000009e       0x22 C:\Users\deniz\AppData\Local\arduino\cores\c2c2276010c358a6c1923aa25cb15310\core.a(startup_stm32yyxx.S.o)
 .ARM.attributes
                0x000000c0       0x2c C:/Users/deniz/AppData/Local/Arduino15/packages/STMicroelectronics/tools/xpack-arm-none-eabi-gcc/14.2.1-1.1/bin/../lib/gcc/arm-none-eabi/14.2.1/../../../../arm-none-eabi/lib/thumb/v6-m/nofp\libc_nano.a(libc_a-findfp.o)
 .ARM.attributes
                0x000000ec       0x2c C:/Users/deniz/AppData/Local/Arduino15/packages/STMicroelectronics/tools/xpack-arm-none-eabi-gcc/14.2.1-1.1/bin/../lib/gcc/arm-none-eabi/14.2.1/../../../../arm-none-eabi/lib/thumb/v6-m/nofp\libc_nano.a(libc_a-memset.o)
 .ARM.attributes
                0x00000118       0x2c C:/Users/deniz/AppData/Local/Arduino15/packages/STMicroelectronics/tools/xpack-arm-none-eabi-gcc/14.2.1-1.1/bin/../lib/gcc/arm-none-eabi/14.2.1/../../../../arm-none-eabi/lib/thumb/v6-m/nofp\libc_nano.a(libc_a-reent.o)
 .ARM.attributes
                0x00000144       0x2c C:/Users/deniz/AppData/Local/Arduino15/packages/STMicroelectronics/tools/xpack-arm-none-eabi-gcc/14.2.1-1.1/bin/../lib/gcc/arm-none-eabi/14.2.1/../../../../arm-none-eabi/lib/thumb/v6-m/nofp\libc_nano.a(libc_a-impure.o)
 .ARM.attributes
                0x00000170       0x2c C:/Users/deniz/AppData/Local/Arduino15/packages/STMicroelectronics/tools/xpack-arm-none-eabi-gcc/14.2.1-1.1/bin/../lib/gcc/arm-none-eabi/14.2.1/../../../../arm-none-eabi/lib/thumb/v6-m/nofp\libc_nano.a(libc_a-init.o)
 .ARM.attributes
                0x0000019c       0x2c C:/Users/deniz/AppData/Local/Arduino15/packages/STMicroelectronics/tools/xpack-arm-none-eabi-gcc/14.2.1-1.1/bin/../lib/gcc/arm-none-eabi/14.2.1/../../../../arm-none-eabi/lib/thumb/v6-m/nofp\libc_nano.a(libc_a-lock.o)
 .ARM.attributes
                0x000001c8       0x2c C:/Users/deniz/AppData/Local/Arduino15/packages/STMicroelectronics/tools/xpack-arm-none-eabi-gcc/14.2.1-1.1/bin/../lib/gcc/arm-none-eabi/14.2.1/../../../../arm-none-eabi/lib/thumb/v6-m/nofp\libc_nano.a(libc_a-memcpy-stub.o)
 .ARM.attributes
                0x000001f4       0x2c C:/Users/deniz/AppData/Local/Arduino15/packages/STMicroelectronics/tools/xpack-arm-none-eabi-gcc/14.2.1-1.1/bin/../lib/gcc/arm-none-eabi/14.2.1/../../../../arm-none-eabi/lib/thumb/v6-m/nofp\libc_nano.a(libc_a-freer.o)
 .ARM.attributes
                0x00000220       0x2c C:/Users/deniz/AppData/Local/Arduino15/packages/STMicroelectronics/tools/xpack-arm-none-eabi-gcc/14.2.1-1.1/bin/../lib/gcc/arm-none-eabi/14.2.1/../../../../arm-none-eabi/lib/thumb/v6-m/nofp\libc_nano.a(libc_a-mallocr.o)
 .ARM.attributes
                0x0000024c       0x2c C:/Users/deniz/AppData/Local/Arduino15/packages/STMicroelectronics/tools/xpack-arm-none-eabi-gcc/14.2.1-1.1/bin/../lib/gcc/arm-none-eabi/14.2.1/../../../../arm-none-eabi/lib/thumb/v6-m/nofp\libc_nano.a(libc_a-mlock.o)
 .ARM.attributes
                0x00000278       0x2c C:/Users/deniz/AppData/Local/Arduino15/packages/STMicroelectronics/tools/xpack-arm-none-eabi-gcc/14.2.1-1.1/bin/../lib/gcc/arm-none-eabi/14.2.1/../../../../arm-none-eabi/lib/thumb/v6-m/nofp\libc_nano.a(libc_a-sbrkr.o)
 .ARM.attributes
                0x000002a4       0x2c C:/Users/deniz/AppData/Local/Arduino15/packages/STMicroelectronics/tools/xpack-arm-none-eabi-gcc/14.2.1-1.1/bin/../lib/gcc/arm-none-eabi/14.2.1/../../../../arm-none-eabi/lib/thumb/v6-m/nofp\libc_nano.a(libc_a-malloc.o)
 .ARM.attributes
                0x000002d0       0x1e C:/Users/deniz/AppData/Local/Arduino15/packages/STMicroelectronics/tools/xpack-arm-none-eabi-gcc/14.2.1-1.1/bin/../lib/gcc/arm-none-eabi/14.2.1/thumb/v6-m/nofp\libgcc.a(_udivsi3.o)
 .ARM.attributes
                0x000002ee       0x1e C:/Users/deniz/AppData/Local/Arduino15/packages/STMicroelectronics/tools/xpack-arm-none-eabi-gcc/14.2.1-1.1/bin/../lib/gcc/arm-none-eabi/14.2.1/thumb/v6-m/nofp\libgcc.a(_dvmd_tls.o)
 .ARM.attributes
                0x0000030c       0x1e C:/Users/deniz/AppData/Local/Arduino15/packages/STMicroelectronics/tools/xpack-arm-none-eabi-gcc/14.2.1-1.1/bin/../lib/gcc/arm-none-eabi/14.2.1/thumb/v6-m/nofp\libgcc.a(_clzsi2.o)
 .ARM.attributes
                0x0000032a       0x1e C:/Users/deniz/AppData/Local/Arduino15/packages/STMicroelectronics/tools/xpack-arm-none-eabi-gcc/14.2.1-1.1/bin/../lib/gcc/arm-none-eabi/14.2.1/thumb/v6-m/nofp\libgcc.a(_aeabi_uldivmod.o)
 .ARM.attributes
                0x00000348       0x2c C:/Users/deniz/AppData/Local/Arduino15/packages/STMicroelectronics/tools/xpack-arm-none-eabi-gcc/14.2.1-1.1/bin/../lib/gcc/arm-none-eabi/14.2.1/thumb/v6-m/nofp\libgcc.a(_udivmoddi4.o)
 .ARM.attributes
                0x00000374       0x1e C:/Users/deniz/AppData/Local/Arduino15/packages/STMicroelectronics/tools/xpack-arm-none-eabi-gcc/14.2.1-1.1/bin/../lib/gcc/arm-none-eabi/14.2.1/thumb/v6-m/nofp\libgcc.a(_clzdi2.o)
 .ARM.attributes
                0x00000392       0x1e C:/Users/deniz/AppData/Local/Arduino15/packages/STMicroelectronics/tools/xpack-arm-none-eabi-gcc/14.2.1-1.1/bin/../lib/gcc/arm-none-eabi/14.2.1/thumb/v6-m/nofp/crtn.o
OUTPUT(C:\Users\deniz\AppData\Local\arduino\sketches\2C0EAABDC00F27152BC0ABE4C5164FEE/HiPeristaltic.ino.elf elf32-littlearm)
LOAD linker stubs
LOAD C:/Users/deniz/AppData/Local/Arduino15/packages/STMicroelectronics/tools/xpack-arm-none-eabi-gcc/14.2.1-1.1/bin/../lib/gcc/arm-none-eabi/14.2.1/../../../../arm-none-eabi/lib/thumb/v6-m/nofp\libc.a
LOAD C:/Users/deniz/AppData/Local/Arduino15/packages/STMicroelectronics/tools/xpack-arm-none-eabi-gcc/14.2.1-1.1/bin/../lib/gcc/arm-none-eabi/14.2.1/../../../../arm-none-eabi/lib/thumb/v6-m/nofp\libm.a
LOAD C:/Users/deniz/AppData/Local/Arduino15/packages/STMicroelectronics/tools/xpack-arm-none-eabi-gcc/14.2.1-1.1/bin/../lib/gcc/arm-none-eabi/14.2.1/thumb/v6-m/nofp\libgcc.a

.comment        0x00000000       0x39
 .comment       0x00000000       0x39 C:/Users/deniz/AppData/Local/Arduino15/packages/STMicroelectronics/tools/xpack-arm-none-eabi-gcc/14.2.1-1.1/bin/../lib/gcc/arm-none-eabi/14.2.1/thumb/v6-m/nofp/crtbegin.o
                                 0x3a (size before relaxing)
 .comment       0x00000039       0x3a C:\Users\deniz\AppData\Local\Temp\ccMKr7vg.ltrans0.ltrans.o
 .comment       0x00000039       0x3a C:\Users\deniz\AppData\Local\Temp\ccMKr7vg.ltrans1.ltrans.o
 .comment       0x00000039       0x3a C:/Users/deniz/AppData/Local/Arduino15/packages/STMicroelectronics/tools/xpack-arm-none-eabi-gcc/14.2.1-1.1/bin/../lib/gcc/arm-none-eabi/14.2.1/../../../../arm-none-eabi/lib/thumb/v6-m/nofp\libc_nano.a(libc_a-findfp.o)
 .comment       0x00000039       0x3a C:/Users/deniz/AppData/Local/Arduino15/packages/STMicroelectronics/tools/xpack-arm-none-eabi-gcc/14.2.1-1.1/bin/../lib/gcc/arm-none-eabi/14.2.1/../../../../arm-none-eabi/lib/thumb/v6-m/nofp\libc_nano.a(libc_a-memset.o)
 .comment       0x00000039       0x3a C:/Users/deniz/AppData/Local/Arduino15/packages/STMicroelectronics/tools/xpack-arm-none-eabi-gcc/14.2.1-1.1/bin/../lib/gcc/arm-none-eabi/14.2.1/../../../../arm-none-eabi/lib/thumb/v6-m/nofp\libc_nano.a(libc_a-reent.o)
 .comment       0x00000039       0x3a C:/Users/deniz/AppData/Local/Arduino15/packages/STMicroelectronics/tools/xpack-arm-none-eabi-gcc/14.2.1-1.1/bin/../lib/gcc/arm-none-eabi/14.2.1/../../../../arm-none-eabi/lib/thumb/v6-m/nofp\libc_nano.a(libc_a-impure.o)
 .comment       0x00000039       0x3a C:/Users/deniz/AppData/Local/Arduino15/packages/STMicroelectronics/tools/xpack-arm-none-eabi-gcc/14.2.1-1.1/bin/../lib/gcc/arm-none-eabi/14.2.1/../../../../arm-none-eabi/lib/thumb/v6-m/nofp\libc_nano.a(libc_a-init.o)
 .comment       0x00000039       0x3a C:/Users/deniz/AppData/Local/Arduino15/packages/STMicroelectronics/tools/xpack-arm-none-eabi-gcc/14.2.1-1.1/bin/../lib/gcc/arm-none-eabi/14.2.1/../../../../arm-none-eabi/lib/thumb/v6-m/nofp\libc_nano.a(libc_a-lock.o)
 .comment       0x00000039       0x3a C:/Users/deniz/AppData/Local/Arduino15/packages/STMicroelectronics/tools/xpack-arm-none-eabi-gcc/14.2.1-1.1/bin/../lib/gcc/arm-none-eabi/14.2.1/../../../../arm-none-eabi/lib/thumb/v6-m/nofp\libc_nano.a(libc_a-memcpy-stub.o)
 .comment       0x00000039       0x3a C:/Users/deniz/AppData/Local/Arduino15/packages/STMicroelectronics/tools/xpack-arm-none-eabi-gcc/14.2.1-1.1/bin/../lib/gcc/arm-none-eabi/14.2.1/../../../../arm-none-eabi/lib/thumb/v6-m/nofp\libc_nano.a(libc_a-freer.o)
 .comment       0x00000039       0x3a C:/Users/deniz/AppData/Local/Arduino15/packages/STMicroelectronics/tools/xpack-arm-none-eabi-gcc/14.2.1-1.1/bin/../lib/gcc/arm-none-eabi/14.2.1/../../../../arm-none-eabi/lib/thumb/v6-m/nofp\libc_nano.a(libc_a-mallocr.o)
 .comment       0x00000039       0x3a C:/Users/deniz/AppData/Local/Arduino15/packages/STMicroelectronics/tools/xpack-arm-none-eabi-gcc/14.2.1-1.1/bin/../lib/gcc/arm-none-eabi/14.2.1/../../../../arm-none-eabi/lib/thumb/v6-m/nofp\libc_nano.a(libc_a-mlock.o)
 .comment       0x00000039       0x3a C:/Users/deniz/AppData/Local/Arduino15/packages/STMicroelectronics/tools/xpack-arm-none-eabi-gcc/14.2.1-1.1/bin/../lib/gcc/arm-none-eabi/14.2.1/../../../../arm-none-eabi/lib/thumb/v6-m/nofp\libc_nano.a(libc_a-sbrkr.o)
 .comment       0x00000039       0x3a C:/Users/deniz/AppData/Local/Arduino15/packages/STMicroelectronics/tools/xpack-arm-none-eabi-gcc/14.2.1-1.1/bin/../lib/gcc/arm-none-eabi/14.2.1/../../../../arm-none-eabi/lib/thumb/v6-m/nofp\libc_nano.a(libc_a-malloc.o)
 .comment       0x00000039       0x3a C:/Users/deniz/AppData/Local/Arduino15/packages/STMicroelectronics/tools/xpack-arm-none-eabi-gcc/14.2.1-1.1/bin/../lib/gcc/arm-none-eabi/14.2.1/thumb/v6-m/nofp\libgcc.a(_udivmoddi4.o)

.debug_frame    0x00000000       0x5c
 .debug_frame   0x00000000       0x20 C:/Users/deniz/AppData/Local/Arduino15/packages/STMicroelectronics/tools/xpack-arm-none-eabi-gcc/14.2.1-1.1/bin/../lib/gcc/arm-none-eabi/14.2.1/thumb/v6-m/nofp\libgcc.a(_udivsi3.o)
 .debug_frame   0x00000020       0x3c C:/Users/deniz/AppData/Local/Arduino15/packages/STMicroelectronics/tools/xpack-arm-none-eabi-gcc/14.2.1-1.1/bin/../lib/gcc/arm-none-eabi/14.2.1/thumb/v6-m/nofp\libgcc.a(_udivmoddi4.o)

.debug_line     0x00000000      0x3af
 .debug_line    0x00000000       0x56 C:/Users/deniz/AppData/Local/Arduino15/packages/STMicroelectronics/tools/xpack-arm-none-eabi-gcc/14.2.1-1.1/bin/../lib/gcc/arm-none-eabi/14.2.1/thumb/v6-m/nofp\libgcc.a(_udivsi3.o)
 .debug_line    0x00000056       0x4a C:/Users/deniz/AppData/Local/Arduino15/packages/STMicroelectronics/tools/xpack-arm-none-eabi-gcc/14.2.1-1.1/bin/../lib/gcc/arm-none-eabi/14.2.1/thumb/v6-m/nofp\libgcc.a(_dvmd_tls.o)
 .debug_line    0x000000a0       0x5e C:/Users/deniz/AppData/Local/Arduino15/packages/STMicroelectronics/tools/xpack-arm-none-eabi-gcc/14.2.1-1.1/bin/../lib/gcc/arm-none-eabi/14.2.1/thumb/v6-m/nofp\libgcc.a(_clzsi2.o)
 .debug_line    0x000000fe       0x55 C:/Users/deniz/AppData/Local/Arduino15/packages/STMicroelectronics/tools/xpack-arm-none-eabi-gcc/14.2.1-1.1/bin/../lib/gcc/arm-none-eabi/14.2.1/thumb/v6-m/nofp\libgcc.a(_aeabi_uldivmod.o)
 .debug_line    0x00000153      0x208 C:/Users/deniz/AppData/Local/Arduino15/packages/STMicroelectronics/tools/xpack-arm-none-eabi-gcc/14.2.1-1.1/bin/../lib/gcc/arm-none-eabi/14.2.1/thumb/v6-m/nofp\libgcc.a(_udivmoddi4.o)
 .debug_line    0x0000035b       0x54 C:/Users/deniz/AppData/Local/Arduino15/packages/STMicroelectronics/tools/xpack-arm-none-eabi-gcc/14.2.1-1.1/bin/../lib/gcc/arm-none-eabi/14.2.1/thumb/v6-m/nofp\libgcc.a(_clzdi2.o)

.debug_line_str
                0x00000000      0x138
 .debug_line_str
                0x00000000      0x138 C:/Users/deniz/AppData/Local/Arduino15/packages/STMicroelectronics/tools/xpack-arm-none-eabi-gcc/14.2.1-1.1/bin/../lib/gcc/arm-none-eabi/14.2.1/thumb/v6-m/nofp\libgcc.a(_udivsi3.o)
                                0x12c (size before relaxing)
 .debug_line_str
                0x00000138      0x12c C:/Users/deniz/AppData/Local/Arduino15/packages/STMicroelectronics/tools/xpack-arm-none-eabi-gcc/14.2.1-1.1/bin/../lib/gcc/arm-none-eabi/14.2.1/thumb/v6-m/nofp\libgcc.a(_dvmd_tls.o)
 .debug_line_str
                0x00000138      0x12c C:/Users/deniz/AppData/Local/Arduino15/packages/STMicroelectronics/tools/xpack-arm-none-eabi-gcc/14.2.1-1.1/bin/../lib/gcc/arm-none-eabi/14.2.1/thumb/v6-m/nofp\libgcc.a(_clzsi2.o)
 .debug_line_str
                0x00000138      0x12c C:/Users/deniz/AppData/Local/Arduino15/packages/STMicroelectronics/tools/xpack-arm-none-eabi-gcc/14.2.1-1.1/bin/../lib/gcc/arm-none-eabi/14.2.1/thumb/v6-m/nofp\libgcc.a(_aeabi_uldivmod.o)
 .debug_line_str
                0x00000138      0x12c C:/Users/deniz/AppData/Local/Arduino15/packages/STMicroelectronics/tools/xpack-arm-none-eabi-gcc/14.2.1-1.1/bin/../lib/gcc/arm-none-eabi/14.2.1/thumb/v6-m/nofp\libgcc.a(_clzdi2.o)

.debug_info     0x00000000      0x4b1
 .debug_info    0x00000000       0x3e C:/Users/deniz/AppData/Local/Arduino15/packages/STMicroelectronics/tools/xpack-arm-none-eabi-gcc/14.2.1-1.1/bin/../lib/gcc/arm-none-eabi/14.2.1/thumb/v6-m/nofp\libgcc.a(_udivsi3.o)
 .debug_info    0x0000003e       0x3c C:/Users/deniz/AppData/Local/Arduino15/packages/STMicroelectronics/tools/xpack-arm-none-eabi-gcc/14.2.1-1.1/bin/../lib/gcc/arm-none-eabi/14.2.1/thumb/v6-m/nofp\libgcc.a(_dvmd_tls.o)
 .debug_info    0x0000007a       0x31 C:/Users/deniz/AppData/Local/Arduino15/packages/STMicroelectronics/tools/xpack-arm-none-eabi-gcc/14.2.1-1.1/bin/../lib/gcc/arm-none-eabi/14.2.1/thumb/v6-m/nofp\libgcc.a(_clzsi2.o)
 .debug_info    0x000000ab       0x31 C:/Users/deniz/AppData/Local/Arduino15/packages/STMicroelectronics/tools/xpack-arm-none-eabi-gcc/14.2.1-1.1/bin/../lib/gcc/arm-none-eabi/14.2.1/thumb/v6-m/nofp\libgcc.a(_aeabi_uldivmod.o)
 .debug_info    0x000000dc      0x3b1 C:/Users/deniz/AppData/Local/Arduino15/packages/STMicroelectronics/tools/xpack-arm-none-eabi-gcc/14.2.1-1.1/bin/../lib/gcc/arm-none-eabi/14.2.1/thumb/v6-m/nofp\libgcc.a(_udivmoddi4.o)
 .debug_info    0x0000048d       0x24 C:/Users/deniz/AppData/Local/Arduino15/packages/STMicroelectronics/tools/xpack-arm-none-eabi-gcc/14.2.1-1.1/bin/../lib/gcc/arm-none-eabi/14.2.1/thumb/v6-m/nofp\libgcc.a(_clzdi2.o)

.debug_abbrev   0x00000000      0x1d2
 .debug_abbrev  0x00000000       0x28 C:/Users/deniz/AppData/Local/Arduino15/packages/STMicroelectronics/tools/xpack-arm-none-eabi-gcc/14.2.1-1.1/bin/../lib/gcc/arm-none-eabi/14.2.1/thumb/v6-m/nofp\libgcc.a(_udivsi3.o)
 .debug_abbrev  0x00000028       0x26 C:/Users/deniz/AppData/Local/Arduino15/packages/STMicroelectronics/tools/xpack-arm-none-eabi-gcc/14.2.1-1.1/bin/../lib/gcc/arm-none-eabi/14.2.1/thumb/v6-m/nofp\libgcc.a(_dvmd_tls.o)
 .debug_abbrev  0x0000004e       0x28 C:/Users/deniz/AppData/Local/Arduino15/packages/STMicroelectronics/tools/xpack-arm-none-eabi-gcc/14.2.1-1.1/bin/../lib/gcc/arm-none-eabi/14.2.1/thumb/v6-m/nofp\libgcc.a(_clzsi2.o)
 .debug_abbrev  0x00000076       0x28 C:/Users/deniz/AppData/Local/Arduino15/packages/STMicroelectronics/tools/xpack-arm-none-eabi-gcc/14.2.1-1.1/bin/../lib/gcc/arm-none-eabi/14.2.1/thumb/v6-m/nofp\libgcc.a(_aeabi_uldivmod.o)
 .debug_abbrev  0x0000009e      0x120 C:/Users/deniz/AppData/Local/Arduino15/packages/STMicroelectronics/tools/xpack-arm-none-eabi-gcc/14.2.1-1.1/bin/../lib/gcc/arm-none-eabi/14.2.1/thumb/v6-m/nofp\libgcc.a(_udivmoddi4.o)
 .debug_abbrev  0x000001be       0x14 C:/Users/deniz/AppData/Local/Arduino15/packages/STMicroelectronics/tools/xpack-arm-none-eabi-gcc/14.2.1-1.1/bin/../lib/gcc/arm-none-eabi/14.2.1/thumb/v6-m/nofp\libgcc.a(_clzdi2.o)

.debug_aranges  0x00000000       0xc0
 .debug_aranges
                0x00000000       0x20 C:/Users/deniz/AppData/Local/Arduino15/packages/STMicroelectronics/tools/xpack-arm-none-eabi-gcc/14.2.1-1.1/bin/../lib/gcc/arm-none-eabi/14.2.1/thumb/v6-m/nofp\libgcc.a(_udivsi3.o)
 .debug_aranges
                0x00000020       0x20 C:/Users/deniz/AppData/Local/Arduino15/packages/STMicroelectronics/tools/xpack-arm-none-eabi-gcc/14.2.1-1.1/bin/../lib/gcc/arm-none-eabi/14.2.1/thumb/v6-m/nofp\libgcc.a(_dvmd_tls.o)
 .debug_aranges
                0x00000040       0x20 C:/Users/deniz/AppData/Local/Arduino15/packages/STMicroelectronics/tools/xpack-arm-none-eabi-gcc/14.2.1-1.1/bin/../lib/gcc/arm-none-eabi/14.2.1/thumb/v6-m/nofp\libgcc.a(_clzsi2.o)
 .debug_aranges
                0x00000060       0x20 C:/Users/deniz/AppData/Local/Arduino15/packages/STMicroelectronics/tools/xpack-arm-none-eabi-gcc/14.2.1-1.1/bin/../lib/gcc/arm-none-eabi/14.2.1/thumb/v6-m/nofp\libgcc.a(_aeabi_uldivmod.o)
 .debug_aranges
                0x00000080       0x20 C:/Users/deniz/AppData/Local/Arduino15/packages/STMicroelectronics/tools/xpack-arm-none-eabi-gcc/14.2.1-1.1/bin/../lib/gcc/arm-none-eabi/14.2.1/thumb/v6-m/nofp\libgcc.a(_udivmoddi4.o)
 .debug_aranges
                0x000000a0       0x20 C:/Users/deniz/AppData/Local/Arduino15/packages/STMicroelectronics/tools/xpack-arm-none-eabi-gcc/14.2.1-1.1/bin/../lib/gcc/arm-none-eabi/14.2.1/thumb/v6-m/nofp\libgcc.a(_clzdi2.o)

.debug_str      0x00000000      0x81f
 .debug_str     0x00000000      0x81f C:/Users/deniz/AppData/Local/Arduino15/packages/STMicroelectronics/tools/xpack-arm-none-eabi-gcc/14.2.1-1.1/bin/../lib/gcc/arm-none-eabi/14.2.1/thumb/v6-m/nofp\libgcc.a(_udivsi3.o)
                                0x155 (size before relaxing)
 .debug_str     0x0000081f      0x156 C:/Users/deniz/AppData/Local/Arduino15/packages/STMicroelectronics/tools/xpack-arm-none-eabi-gcc/14.2.1-1.1/bin/../lib/gcc/arm-none-eabi/14.2.1/thumb/v6-m/nofp\libgcc.a(_dvmd_tls.o)
 .debug_str     0x0000081f      0x143 C:/Users/deniz/AppData/Local/Arduino15/packages/STMicroelectronics/tools/xpack-arm-none-eabi-gcc/14.2.1-1.1/bin/../lib/gcc/arm-none-eabi/14.2.1/thumb/v6-m/nofp\libgcc.a(_clzsi2.o)
 .debug_str     0x0000081f      0x14b C:/Users/deniz/AppData/Local/Arduino15/packages/STMicroelectronics/tools/xpack-arm-none-eabi-gcc/14.2.1-1.1/bin/../lib/gcc/arm-none-eabi/14.2.1/thumb/v6-m/nofp\libgcc.a(_aeabi_uldivmod.o)
 .debug_str     0x0000081f      0x70e C:/Users/deniz/AppData/Local/Arduino15/packages/STMicroelectronics/tools/xpack-arm-none-eabi-gcc/14.2.1-1.1/bin/../lib/gcc/arm-none-eabi/14.2.1/thumb/v6-m/nofp\libgcc.a(_udivmoddi4.o)
 .debug_str     0x0000081f      0x13a C:/Users/deniz/AppData/Local/Arduino15/packages/STMicroelectronics/tools/xpack-arm-none-eabi-gcc/14.2.1-1.1/bin/../lib/gcc/arm-none-eabi/14.2.1/thumb/v6-m/nofp\libgcc.a(_clzdi2.o)

.debug_loclists
                0x00000000      0x2dc
 .debug_loclists
                0x00000000      0x2dc C:/Users/deniz/AppData/Local/Arduino15/packages/STMicroelectronics/tools/xpack-arm-none-eabi-gcc/14.2.1-1.1/bin/../lib/gcc/arm-none-eabi/14.2.1/thumb/v6-m/nofp\libgcc.a(_udivmoddi4.o)

.debug_rnglists
                0x00000000       0x14
 .debug_rnglists
                0x00000000       0x14 C:/Users/deniz/AppData/Local/Arduino15/packages/STMicroelectronics/tools/xpack-arm-none-eabi-gcc/14.2.1-1.1/bin/../lib/gcc/arm-none-eabi/14.2.1/thumb/v6-m/nofp\libgcc.a(_udivmoddi4.o)

Cross Reference Table

Symbol                                            File
ADC1_COMP_IRQHandler                              C:\Users\deniz\AppData\Local\arduino\cores\c2c2276010c358a6c1923aa25cb15310\core.a(startup_stm32yyxx.S.o)
ADC_ConversionStop                                C:\Users\deniz\AppData\Local\arduino\sketches\2C0EAABDC00F27152BC0ABE4C5164FEE\libraries\SrcWrapper\HAL\stm32yyxx_hal_adc.c.o (symbol from plugin)
ADC_Disable                                       C:\Users\deniz\AppData\Local\arduino\sketches\2C0EAABDC00F27152BC0ABE4C5164FEE\libraries\SrcWrapper\HAL\stm32yyxx_hal_adc.c.o (symbol from plugin)
                                                  C:\Users\deniz\AppData\Local\arduino\sketches\2C0EAABDC00F27152BC0ABE4C5164FEE\libraries\SrcWrapper\HAL\stm32yyxx_hal_adc_ex.c.o (symbol from plugin)
ADC_Enable                                        C:\Users\deniz\AppData\Local\arduino\sketches\2C0EAABDC00F27152BC0ABE4C5164FEE\libraries\SrcWrapper\HAL\stm32yyxx_hal_adc.c.o (symbol from plugin)
AHBPrescTable                                     C:\Users\deniz\AppData\Local\arduino\sketches\2C0EAABDC00F27152BC0ABE4C5164FEE\libraries\SrcWrapper\stm32\system_stm32yyxx.c.o (symbol from plugin)
                                                  C:\Users\deniz\AppData\Local\arduino\sketches\2C0EAABDC00F27152BC0ABE4C5164FEE\libraries\SrcWrapper\LL\stm32yyxx_ll_utils.c.o (symbol from plugin)
                                                  C:\Users\deniz\AppData\Local\arduino\sketches\2C0EAABDC00F27152BC0ABE4C5164FEE\libraries\SrcWrapper\LL\stm32yyxx_ll_rcc.c.o (symbol from plugin)
                                                  C:\Users\deniz\AppData\Local\arduino\sketches\2C0EAABDC00F27152BC0ABE4C5164FEE\libraries\SrcWrapper\HAL\stm32yyxx_hal_rcc.c.o (symbol from plugin)
APBPrescTable                                     C:\Users\deniz\AppData\Local\arduino\sketches\2C0EAABDC00F27152BC0ABE4C5164FEE\libraries\SrcWrapper\stm32\system_stm32yyxx.c.o (symbol from plugin)
                                                  C:\Users\deniz\AppData\Local\arduino\sketches\2C0EAABDC00F27152BC0ABE4C5164FEE\libraries\SrcWrapper\LL\stm32yyxx_ll_rcc.c.o (symbol from plugin)
                                                  C:\Users\deniz\AppData\Local\arduino\sketches\2C0EAABDC00F27152BC0ABE4C5164FEE\libraries\SrcWrapper\HAL\stm32yyxx_hal_rcc.c.o (symbol from plugin)
CDC_ReceiveQueue_CommitBlock                      C:\Users\deniz\AppData\Local\arduino\sketches\2C0EAABDC00F27152BC0ABE4C5164FEE\libraries\USBDevice\cdc\cdc_queue.c.o (symbol from plugin)
                                                  C:\Users\deniz\AppData\Local\arduino\sketches\2C0EAABDC00F27152BC0ABE4C5164FEE\libraries\USBDevice\cdc\usbd_cdc_if.c.o (symbol from plugin)
CDC_ReceiveQueue_Dequeue                          C:\Users\deniz\AppData\Local\arduino\sketches\2C0EAABDC00F27152BC0ABE4C5164FEE\libraries\USBDevice\cdc\cdc_queue.c.o (symbol from plugin)
                                                  C:\Users\deniz\AppData\Local\arduino\sketches\2C0EAABDC00F27152BC0ABE4C5164FEE\libraries\USBDevice\USBSerial.cpp.o (symbol from plugin)
CDC_ReceiveQueue_Init                             C:\Users\deniz\AppData\Local\arduino\sketches\2C0EAABDC00F27152BC0ABE4C5164FEE\libraries\USBDevice\cdc\cdc_queue.c.o (symbol from plugin)
                                                  C:\Users\deniz\AppData\Local\arduino\sketches\2C0EAABDC00F27152BC0ABE4C5164FEE\libraries\USBDevice\cdc\usbd_cdc_if.c.o (symbol from plugin)
CDC_ReceiveQueue_Peek                             C:\Users\deniz\AppData\Local\arduino\sketches\2C0EAABDC00F27152BC0ABE4C5164FEE\libraries\USBDevice\cdc\cdc_queue.c.o (symbol from plugin)
                                                  C:\Users\deniz\AppData\Local\arduino\sketches\2C0EAABDC00F27152BC0ABE4C5164FEE\libraries\USBDevice\USBSerial.cpp.o (symbol from plugin)
CDC_ReceiveQueue_Read                             C:\Users\deniz\AppData\Local\arduino\sketches\2C0EAABDC00F27152BC0ABE4C5164FEE\libraries\USBDevice\cdc\cdc_queue.c.o (symbol from plugin)
                                                  C:\Users\deniz\AppData\Local\arduino\sketches\2C0EAABDC00F27152BC0ABE4C5164FEE\libraries\USBDevice\USBSerial.cpp.o (symbol from plugin)
CDC_ReceiveQueue_ReadSize                         C:\Users\deniz\AppData\Local\arduino\sketches\2C0EAABDC00F27152BC0ABE4C5164FEE\libraries\USBDevice\cdc\cdc_queue.c.o (symbol from plugin)
                                                  C:\Users\deniz\AppData\Local\arduino\sketches\2C0EAABDC00F27152BC0ABE4C5164FEE\libraries\USBDevice\USBSerial.cpp.o (symbol from plugin)
CDC_ReceiveQueue_ReadUntil                        C:\Users\deniz\AppData\Local\arduino\sketches\2C0EAABDC00F27152BC0ABE4C5164FEE\libraries\USBDevice\cdc\cdc_queue.c.o (symbol from plugin)
                                                  C:\Users\deniz\AppData\Local\arduino\sketches\2C0EAABDC00F27152BC0ABE4C5164FEE\libraries\USBDevice\USBSerial.cpp.o (symbol from plugin)
CDC_ReceiveQueue_ReserveBlock                     C:\Users\deniz\AppData\Local\arduino\sketches\2C0EAABDC00F27152BC0ABE4C5164FEE\libraries\USBDevice\cdc\cdc_queue.c.o (symbol from plugin)
                                                  C:\Users\deniz\AppData\Local\arduino\sketches\2C0EAABDC00F27152BC0ABE4C5164FEE\libraries\USBDevice\cdc\usbd_cdc_if.c.o (symbol from plugin)
CDC_TransmitQueue_CommitRead                      C:\Users\deniz\AppData\Local\arduino\sketches\2C0EAABDC00F27152BC0ABE4C5164FEE\libraries\USBDevice\cdc\cdc_queue.c.o (symbol from plugin)
                                                  C:\Users\deniz\AppData\Local\arduino\sketches\2C0EAABDC00F27152BC0ABE4C5164FEE\libraries\USBDevice\cdc\usbd_cdc_if.c.o (symbol from plugin)
CDC_TransmitQueue_Enqueue                         C:\Users\deniz\AppData\Local\arduino\sketches\2C0EAABDC00F27152BC0ABE4C5164FEE\libraries\USBDevice\cdc\cdc_queue.c.o (symbol from plugin)
                                                  C:\Users\deniz\AppData\Local\arduino\sketches\2C0EAABDC00F27152BC0ABE4C5164FEE\libraries\USBDevice\USBSerial.cpp.o (symbol from plugin)
CDC_TransmitQueue_Init                            C:\Users\deniz\AppData\Local\arduino\sketches\2C0EAABDC00F27152BC0ABE4C5164FEE\libraries\USBDevice\cdc\cdc_queue.c.o (symbol from plugin)
                                                  C:\Users\deniz\AppData\Local\arduino\sketches\2C0EAABDC00F27152BC0ABE4C5164FEE\libraries\USBDevice\cdc\usbd_cdc_if.c.o (symbol from plugin)
CDC_TransmitQueue_ReadBlock                       C:\Users\deniz\AppData\Local\arduino\sketches\2C0EAABDC00F27152BC0ABE4C5164FEE\libraries\USBDevice\cdc\cdc_queue.c.o (symbol from plugin)
                                                  C:\Users\deniz\AppData\Local\arduino\sketches\2C0EAABDC00F27152BC0ABE4C5164FEE\libraries\USBDevice\cdc\usbd_cdc_if.c.o (symbol from plugin)
CDC_TransmitQueue_ReadSize                        C:\Users\deniz\AppData\Local\arduino\sketches\2C0EAABDC00F27152BC0ABE4C5164FEE\libraries\USBDevice\cdc\cdc_queue.c.o (symbol from plugin)
                                                  C:\Users\deniz\AppData\Local\arduino\sketches\2C0EAABDC00F27152BC0ABE4C5164FEE\libraries\USBDevice\USBSerial.cpp.o (symbol from plugin)
CDC_TransmitQueue_WriteSize                       C:\Users\deniz\AppData\Local\arduino\sketches\2C0EAABDC00F27152BC0ABE4C5164FEE\libraries\USBDevice\cdc\cdc_queue.c.o (symbol from plugin)
                                                  C:\Users\deniz\AppData\Local\arduino\sketches\2C0EAABDC00F27152BC0ABE4C5164FEE\libraries\USBDevice\USBSerial.cpp.o (symbol from plugin)
CDC_connected                                     C:\Users\deniz\AppData\Local\arduino\sketches\2C0EAABDC00F27152BC0ABE4C5164FEE\libraries\USBDevice\cdc\usbd_cdc_if.c.o (symbol from plugin)
                                                  C:\Users\deniz\AppData\Local\arduino\sketches\2C0EAABDC00F27152BC0ABE4C5164FEE\libraries\USBDevice\USBSerial.cpp.o (symbol from plugin)
CDC_continue_transmit                             C:\Users\deniz\AppData\Local\arduino\sketches\2C0EAABDC00F27152BC0ABE4C5164FEE\libraries\USBDevice\cdc\usbd_cdc_if.c.o (symbol from plugin)
                                                  C:\Users\deniz\AppData\Local\arduino\sketches\2C0EAABDC00F27152BC0ABE4C5164FEE\libraries\USBDevice\USBSerial.cpp.o (symbol from plugin)
CDC_deInit                                        C:\Users\deniz\AppData\Local\arduino\sketches\2C0EAABDC00F27152BC0ABE4C5164FEE\libraries\USBDevice\cdc\usbd_cdc_if.c.o (symbol from plugin)
                                                  C:\Users\deniz\AppData\Local\arduino\sketches\2C0EAABDC00F27152BC0ABE4C5164FEE\libraries\USBDevice\USBSerial.cpp.o (symbol from plugin)
CDC_enableDTR                                     C:\Users\deniz\AppData\Local\arduino\sketches\2C0EAABDC00F27152BC0ABE4C5164FEE\libraries\USBDevice\cdc\usbd_cdc_if.c.o (symbol from plugin)
                                                  C:\Users\deniz\AppData\Local\arduino\sketches\2C0EAABDC00F27152BC0ABE4C5164FEE\libraries\USBDevice\USBSerial.cpp.o (symbol from plugin)
CDC_init                                          C:\Users\deniz\AppData\Local\arduino\sketches\2C0EAABDC00F27152BC0ABE4C5164FEE\libraries\USBDevice\cdc\usbd_cdc_if.c.o (symbol from plugin)
                                                  C:\Users\deniz\AppData\Local\arduino\sketches\2C0EAABDC00F27152BC0ABE4C5164FEE\libraries\USBDevice\usbd_if.c.o (symbol from plugin)
                                                  C:\Users\deniz\AppData\Local\arduino\sketches\2C0EAABDC00F27152BC0ABE4C5164FEE\libraries\USBDevice\USBSerial.cpp.o (symbol from plugin)
CDC_resume_receive                                C:\Users\deniz\AppData\Local\arduino\sketches\2C0EAABDC00F27152BC0ABE4C5164FEE\libraries\USBDevice\cdc\usbd_cdc_if.c.o (symbol from plugin)
                                                  C:\Users\deniz\AppData\Local\arduino\sketches\2C0EAABDC00F27152BC0ABE4C5164FEE\libraries\USBDevice\USBSerial.cpp.o (symbol from plugin)
CEC_IRQHandler                                    C:\Users\deniz\AppData\Local\arduino\cores\c2c2276010c358a6c1923aa25cb15310\core.a(startup_stm32yyxx.S.o)
DAC_DMAConvCpltCh1                                C:\Users\deniz\AppData\Local\arduino\sketches\2C0EAABDC00F27152BC0ABE4C5164FEE\libraries\SrcWrapper\HAL\stm32yyxx_hal_dac.c.o (symbol from plugin)
DAC_DMAConvCpltCh2                                C:\Users\deniz\AppData\Local\arduino\sketches\2C0EAABDC00F27152BC0ABE4C5164FEE\libraries\SrcWrapper\HAL\stm32yyxx_hal_dac_ex.c.o (symbol from plugin)
                                                  C:\Users\deniz\AppData\Local\arduino\sketches\2C0EAABDC00F27152BC0ABE4C5164FEE\libraries\SrcWrapper\HAL\stm32yyxx_hal_dac.c.o (symbol from plugin)
DAC_DMAErrorCh1                                   C:\Users\deniz\AppData\Local\arduino\sketches\2C0EAABDC00F27152BC0ABE4C5164FEE\libraries\SrcWrapper\HAL\stm32yyxx_hal_dac.c.o (symbol from plugin)
DAC_DMAErrorCh2                                   C:\Users\deniz\AppData\Local\arduino\sketches\2C0EAABDC00F27152BC0ABE4C5164FEE\libraries\SrcWrapper\HAL\stm32yyxx_hal_dac_ex.c.o (symbol from plugin)
                                                  C:\Users\deniz\AppData\Local\arduino\sketches\2C0EAABDC00F27152BC0ABE4C5164FEE\libraries\SrcWrapper\HAL\stm32yyxx_hal_dac.c.o (symbol from plugin)
DAC_DMAHalfConvCpltCh1                            C:\Users\deniz\AppData\Local\arduino\sketches\2C0EAABDC00F27152BC0ABE4C5164FEE\libraries\SrcWrapper\HAL\stm32yyxx_hal_dac.c.o (symbol from plugin)
DAC_DMAHalfConvCpltCh2                            C:\Users\deniz\AppData\Local\arduino\sketches\2C0EAABDC00F27152BC0ABE4C5164FEE\libraries\SrcWrapper\HAL\stm32yyxx_hal_dac_ex.c.o (symbol from plugin)
                                                  C:\Users\deniz\AppData\Local\arduino\sketches\2C0EAABDC00F27152BC0ABE4C5164FEE\libraries\SrcWrapper\HAL\stm32yyxx_hal_dac.c.o (symbol from plugin)
DMA1_Ch4_7_DMA2_Ch1_5_DMAMUX1_OVR_IRQHandler      C:\Users\deniz\AppData\Local\arduino\cores\c2c2276010c358a6c1923aa25cb15310\core.a(startup_stm32yyxx.S.o)
DMA1_Channel1_IRQHandler                          C:\Users\deniz\AppData\Local\arduino\cores\c2c2276010c358a6c1923aa25cb15310\core.a(startup_stm32yyxx.S.o)
DMA1_Channel2_3_IRQHandler                        C:\Users\deniz\AppData\Local\arduino\cores\c2c2276010c358a6c1923aa25cb15310\core.a(startup_stm32yyxx.S.o)
Default_Handler                                   C:\Users\deniz\AppData\Local\arduino\cores\c2c2276010c358a6c1923aa25cb15310\core.a(startup_stm32yyxx.S.o)
EXTI0_1_IRQHandler                                C:\Users\deniz\AppData\Local\Temp\ccMKr7vg.ltrans0.ltrans.o
                                                  C:\Users\deniz\AppData\Local\arduino\cores\c2c2276010c358a6c1923aa25cb15310\core.a(startup_stm32yyxx.S.o)
                                                  C:\Users\deniz\AppData\Local\arduino\sketches\2C0EAABDC00F27152BC0ABE4C5164FEE\libraries\SrcWrapper\stm32\interrupt.cpp.o (symbol from plugin)
EXTI2_3_IRQHandler                                C:\Users\deniz\AppData\Local\Temp\ccMKr7vg.ltrans0.ltrans.o
                                                  C:\Users\deniz\AppData\Local\arduino\cores\c2c2276010c358a6c1923aa25cb15310\core.a(startup_stm32yyxx.S.o)
                                                  C:\Users\deniz\AppData\Local\arduino\sketches\2C0EAABDC00F27152BC0ABE4C5164FEE\libraries\SrcWrapper\stm32\interrupt.cpp.o (symbol from plugin)
EXTI4_15_IRQHandler                               C:\Users\deniz\AppData\Local\Temp\ccMKr7vg.ltrans0.ltrans.o
                                                  C:\Users\deniz\AppData\Local\arduino\cores\c2c2276010c358a6c1923aa25cb15310\core.a(startup_stm32yyxx.S.o)
                                                  C:\Users\deniz\AppData\Local\arduino\sketches\2C0EAABDC00F27152BC0ABE4C5164FEE\libraries\SrcWrapper\stm32\interrupt.cpp.o (symbol from plugin)
FLASH_FlushCaches                                 C:\Users\deniz\AppData\Local\arduino\sketches\2C0EAABDC00F27152BC0ABE4C5164FEE\libraries\SrcWrapper\HAL\stm32yyxx_hal_flash_ex.c.o (symbol from plugin)
FLASH_IRQHandler                                  C:\Users\deniz\AppData\Local\arduino\cores\c2c2276010c358a6c1923aa25cb15310\core.a(startup_stm32yyxx.S.o)
FLASH_PageErase                                   C:\Users\deniz\AppData\Local\arduino\sketches\2C0EAABDC00F27152BC0ABE4C5164FEE\libraries\SrcWrapper\HAL\stm32yyxx_hal_flash_ex.c.o (symbol from plugin)
                                                  C:\Users\deniz\AppData\Local\arduino\sketches\2C0EAABDC00F27152BC0ABE4C5164FEE\libraries\SrcWrapper\HAL\stm32yyxx_hal_flash.c.o (symbol from plugin)
FLASH_WaitForLastOperation                        C:\Users\deniz\AppData\Local\arduino\sketches\2C0EAABDC00F27152BC0ABE4C5164FEE\libraries\SrcWrapper\HAL\stm32yyxx_hal_flash.c.o (symbol from plugin)
                                                  C:\Users\deniz\AppData\Local\arduino\sketches\2C0EAABDC00F27152BC0ABE4C5164FEE\libraries\SrcWrapper\HAL\stm32yyxx_hal_flash_ex.c.o (symbol from plugin)
GPIOPort                                          C:\Users\deniz\AppData\Local\arduino\sketches\2C0EAABDC00F27152BC0ABE4C5164FEE\libraries\SrcWrapper\stm32\PortNames.c.o (symbol from plugin)
                                                  wiring_digital.c.o (symbol from plugin)
HAL_ADCEx_Calibration_GetValue                    C:\Users\deniz\AppData\Local\arduino\sketches\2C0EAABDC00F27152BC0ABE4C5164FEE\libraries\SrcWrapper\HAL\stm32yyxx_hal_adc_ex.c.o (symbol from plugin)
HAL_ADCEx_Calibration_SetValue                    C:\Users\deniz\AppData\Local\arduino\sketches\2C0EAABDC00F27152BC0ABE4C5164FEE\libraries\SrcWrapper\HAL\stm32yyxx_hal_adc_ex.c.o (symbol from plugin)
HAL_ADCEx_Calibration_Start                       C:\Users\deniz\AppData\Local\arduino\sketches\2C0EAABDC00F27152BC0ABE4C5164FEE\libraries\SrcWrapper\HAL\stm32yyxx_hal_adc_ex.c.o (symbol from plugin)
                                                  C:\Users\deniz\AppData\Local\arduino\sketches\2C0EAABDC00F27152BC0ABE4C5164FEE\libraries\SrcWrapper\stm32\analog.cpp.o (symbol from plugin)
HAL_ADCEx_ChannelConfigReadyCallback              C:\Users\deniz\AppData\Local\arduino\sketches\2C0EAABDC00F27152BC0ABE4C5164FEE\libraries\SrcWrapper\HAL\stm32yyxx_hal_adc_ex.c.o (symbol from plugin)
                                                  C:\Users\deniz\AppData\Local\arduino\sketches\2C0EAABDC00F27152BC0ABE4C5164FEE\libraries\SrcWrapper\HAL\stm32yyxx_hal_adc.c.o (symbol from plugin)
HAL_ADCEx_DisableVoltageRegulator                 C:\Users\deniz\AppData\Local\arduino\sketches\2C0EAABDC00F27152BC0ABE4C5164FEE\libraries\SrcWrapper\HAL\stm32yyxx_hal_adc_ex.c.o (symbol from plugin)
HAL_ADCEx_EndOfSamplingCallback                   C:\Users\deniz\AppData\Local\arduino\sketches\2C0EAABDC00F27152BC0ABE4C5164FEE\libraries\SrcWrapper\HAL\stm32yyxx_hal_adc_ex.c.o (symbol from plugin)
                                                  C:\Users\deniz\AppData\Local\arduino\sketches\2C0EAABDC00F27152BC0ABE4C5164FEE\libraries\SrcWrapper\HAL\stm32yyxx_hal_adc.c.o (symbol from plugin)
HAL_ADCEx_LevelOutOfWindow2Callback               C:\Users\deniz\AppData\Local\arduino\sketches\2C0EAABDC00F27152BC0ABE4C5164FEE\libraries\SrcWrapper\HAL\stm32yyxx_hal_adc_ex.c.o (symbol from plugin)
                                                  C:\Users\deniz\AppData\Local\arduino\sketches\2C0EAABDC00F27152BC0ABE4C5164FEE\libraries\SrcWrapper\HAL\stm32yyxx_hal_adc.c.o (symbol from plugin)
HAL_ADCEx_LevelOutOfWindow3Callback               C:\Users\deniz\AppData\Local\arduino\sketches\2C0EAABDC00F27152BC0ABE4C5164FEE\libraries\SrcWrapper\HAL\stm32yyxx_hal_adc_ex.c.o (symbol from plugin)
                                                  C:\Users\deniz\AppData\Local\arduino\sketches\2C0EAABDC00F27152BC0ABE4C5164FEE\libraries\SrcWrapper\HAL\stm32yyxx_hal_adc.c.o (symbol from plugin)
HAL_ADC_AnalogWDGConfig                           C:\Users\deniz\AppData\Local\arduino\sketches\2C0EAABDC00F27152BC0ABE4C5164FEE\libraries\SrcWrapper\HAL\stm32yyxx_hal_adc.c.o (symbol from plugin)
HAL_ADC_ConfigChannel                             C:\Users\deniz\AppData\Local\arduino\sketches\2C0EAABDC00F27152BC0ABE4C5164FEE\libraries\SrcWrapper\HAL\stm32yyxx_hal_adc.c.o (symbol from plugin)
                                                  C:\Users\deniz\AppData\Local\arduino\sketches\2C0EAABDC00F27152BC0ABE4C5164FEE\libraries\SrcWrapper\stm32\analog.cpp.o (symbol from plugin)
HAL_ADC_ConvCpltCallback                          C:\Users\deniz\AppData\Local\arduino\sketches\2C0EAABDC00F27152BC0ABE4C5164FEE\libraries\SrcWrapper\HAL\stm32yyxx_hal_adc.c.o (symbol from plugin)
HAL_ADC_ConvHalfCpltCallback                      C:\Users\deniz\AppData\Local\arduino\sketches\2C0EAABDC00F27152BC0ABE4C5164FEE\libraries\SrcWrapper\HAL\stm32yyxx_hal_adc.c.o (symbol from plugin)
HAL_ADC_DeInit                                    C:\Users\deniz\AppData\Local\arduino\sketches\2C0EAABDC00F27152BC0ABE4C5164FEE\libraries\SrcWrapper\HAL\stm32yyxx_hal_adc.c.o (symbol from plugin)
                                                  C:\Users\deniz\AppData\Local\arduino\sketches\2C0EAABDC00F27152BC0ABE4C5164FEE\libraries\SrcWrapper\stm32\analog.cpp.o (symbol from plugin)
HAL_ADC_ErrorCallback                             C:\Users\deniz\AppData\Local\arduino\sketches\2C0EAABDC00F27152BC0ABE4C5164FEE\libraries\SrcWrapper\HAL\stm32yyxx_hal_adc.c.o (symbol from plugin)
HAL_ADC_GetError                                  C:\Users\deniz\AppData\Local\arduino\sketches\2C0EAABDC00F27152BC0ABE4C5164FEE\libraries\SrcWrapper\HAL\stm32yyxx_hal_adc.c.o (symbol from plugin)
HAL_ADC_GetState                                  C:\Users\deniz\AppData\Local\arduino\sketches\2C0EAABDC00F27152BC0ABE4C5164FEE\libraries\SrcWrapper\HAL\stm32yyxx_hal_adc.c.o (symbol from plugin)
                                                  C:\Users\deniz\AppData\Local\arduino\sketches\2C0EAABDC00F27152BC0ABE4C5164FEE\libraries\SrcWrapper\stm32\analog.cpp.o (symbol from plugin)
HAL_ADC_GetValue                                  C:\Users\deniz\AppData\Local\arduino\sketches\2C0EAABDC00F27152BC0ABE4C5164FEE\libraries\SrcWrapper\HAL\stm32yyxx_hal_adc.c.o (symbol from plugin)
                                                  C:\Users\deniz\AppData\Local\arduino\sketches\2C0EAABDC00F27152BC0ABE4C5164FEE\libraries\SrcWrapper\stm32\analog.cpp.o (symbol from plugin)
HAL_ADC_IRQHandler                                C:\Users\deniz\AppData\Local\arduino\sketches\2C0EAABDC00F27152BC0ABE4C5164FEE\libraries\SrcWrapper\HAL\stm32yyxx_hal_adc.c.o (symbol from plugin)
HAL_ADC_Init                                      C:\Users\deniz\AppData\Local\arduino\sketches\2C0EAABDC00F27152BC0ABE4C5164FEE\libraries\SrcWrapper\HAL\stm32yyxx_hal_adc.c.o (symbol from plugin)
                                                  C:\Users\deniz\AppData\Local\arduino\sketches\2C0EAABDC00F27152BC0ABE4C5164FEE\libraries\SrcWrapper\stm32\analog.cpp.o (symbol from plugin)
HAL_ADC_LevelOutOfWindowCallback                  C:\Users\deniz\AppData\Local\arduino\sketches\2C0EAABDC00F27152BC0ABE4C5164FEE\libraries\SrcWrapper\HAL\stm32yyxx_hal_adc.c.o (symbol from plugin)
HAL_ADC_MspDeInit                                 C:\Users\deniz\AppData\Local\arduino\sketches\2C0EAABDC00F27152BC0ABE4C5164FEE\libraries\SrcWrapper\stm32\analog.cpp.o (symbol from plugin)
                                                  C:\Users\deniz\AppData\Local\arduino\sketches\2C0EAABDC00F27152BC0ABE4C5164FEE\libraries\SrcWrapper\HAL\stm32yyxx_hal_adc.c.o (symbol from plugin)
HAL_ADC_MspInit                                   C:\Users\deniz\AppData\Local\arduino\sketches\2C0EAABDC00F27152BC0ABE4C5164FEE\libraries\SrcWrapper\stm32\analog.cpp.o (symbol from plugin)
                                                  C:\Users\deniz\AppData\Local\arduino\sketches\2C0EAABDC00F27152BC0ABE4C5164FEE\libraries\SrcWrapper\HAL\stm32yyxx_hal_adc.c.o (symbol from plugin)
HAL_ADC_PollForConversion                         C:\Users\deniz\AppData\Local\arduino\sketches\2C0EAABDC00F27152BC0ABE4C5164FEE\libraries\SrcWrapper\HAL\stm32yyxx_hal_adc.c.o (symbol from plugin)
                                                  C:\Users\deniz\AppData\Local\arduino\sketches\2C0EAABDC00F27152BC0ABE4C5164FEE\libraries\SrcWrapper\stm32\analog.cpp.o (symbol from plugin)
HAL_ADC_PollForEvent                              C:\Users\deniz\AppData\Local\arduino\sketches\2C0EAABDC00F27152BC0ABE4C5164FEE\libraries\SrcWrapper\HAL\stm32yyxx_hal_adc.c.o (symbol from plugin)
HAL_ADC_Start                                     C:\Users\deniz\AppData\Local\arduino\sketches\2C0EAABDC00F27152BC0ABE4C5164FEE\libraries\SrcWrapper\HAL\stm32yyxx_hal_adc.c.o (symbol from plugin)
                                                  C:\Users\deniz\AppData\Local\arduino\sketches\2C0EAABDC00F27152BC0ABE4C5164FEE\libraries\SrcWrapper\stm32\analog.cpp.o (symbol from plugin)
HAL_ADC_Start_DMA                                 C:\Users\deniz\AppData\Local\arduino\sketches\2C0EAABDC00F27152BC0ABE4C5164FEE\libraries\SrcWrapper\HAL\stm32yyxx_hal_adc.c.o (symbol from plugin)