Archive member included to satisfy reference by file (symbol)

C:/ST/STM32CubeIDE_1.16.1/STM32CubeIDE/plugins/com.st.stm32cube.ide.mcu.externaltools.gnu-tools-for-stm32.13.3.rel1.win32_1.0.0.202411081344/tools/bin/../lib/gcc/arm-none-eabi/13.3.1/../../../../arm-none-eabi/lib/thumb/v6-m/nofp\libc_nano.a(libc_a-exit.o)
                              C:/ST/STM32CubeIDE_1.16.1/STM32CubeIDE/plugins/com.st.stm32cube.ide.mcu.externaltools.gnu-tools-for-stm32.13.3.rel1.win32_1.0.0.202411081344/tools/bin/../lib/gcc/arm-none-eabi/13.3.1/../../../../arm-none-eabi/lib/thumb/v6-m/nofp/crt0.o (exit)
C:/ST/STM32CubeIDE_1.16.1/STM32CubeIDE/plugins/com.st.stm32cube.ide.mcu.externaltools.gnu-tools-for-stm32.13.3.rel1.win32_1.0.0.202411081344/tools/bin/../lib/gcc/arm-none-eabi/13.3.1/../../../../arm-none-eabi/lib/thumb/v6-m/nofp\libc_nano.a(libc_a-findfp.o)
                              C:/ST/STM32CubeIDE_1.16.1/STM32CubeIDE/plugins/com.st.stm32cube.ide.mcu.externaltools.gnu-tools-for-stm32.13.3.rel1.win32_1.0.0.202411081344/tools/bin/../lib/gcc/arm-none-eabi/13.3.1/../../../../arm-none-eabi/lib/thumb/v6-m/nofp\libc_nano.a(libc_a-exit.o) (__stdio_exit_handler)
C:/ST/STM32CubeIDE_1.16.1/STM32CubeIDE/plugins/com.st.stm32cube.ide.mcu.externaltools.gnu-tools-for-stm32.13.3.rel1.win32_1.0.0.202411081344/tools/bin/../lib/gcc/arm-none-eabi/13.3.1/../../../../arm-none-eabi/lib/thumb/v6-m/nofp\libc_nano.a(libc_a-fwalk.o)
                              C:/ST/STM32CubeIDE_1.16.1/STM32CubeIDE/plugins/com.st.stm32cube.ide.mcu.externaltools.gnu-tools-for-stm32.13.3.rel1.win32_1.0.0.202411081344/tools/bin/../lib/gcc/arm-none-eabi/13.3.1/../../../../arm-none-eabi/lib/thumb/v6-m/nofp\libc_nano.a(libc_a-findfp.o) (_fwalk_sglue)
C:/ST/STM32CubeIDE_1.16.1/STM32CubeIDE/plugins/com.st.stm32cube.ide.mcu.externaltools.gnu-tools-for-stm32.13.3.rel1.win32_1.0.0.202411081344/tools/bin/../lib/gcc/arm-none-eabi/13.3.1/../../../../arm-none-eabi/lib/thumb/v6-m/nofp\libc_nano.a(libc_a-stdio.o)
                              C:/ST/STM32CubeIDE_1.16.1/STM32CubeIDE/plugins/com.st.stm32cube.ide.mcu.externaltools.gnu-tools-for-stm32.13.3.rel1.win32_1.0.0.202411081344/tools/bin/../lib/gcc/arm-none-eabi/13.3.1/../../../../arm-none-eabi/lib/thumb/v6-m/nofp\libc_nano.a(libc_a-findfp.o) (__sread)
C:/ST/STM32CubeIDE_1.16.1/STM32CubeIDE/plugins/com.st.stm32cube.ide.mcu.externaltools.gnu-tools-for-stm32.13.3.rel1.win32_1.0.0.202411081344/tools/bin/../lib/gcc/arm-none-eabi/13.3.1/../../../../arm-none-eabi/lib/thumb/v6-m/nofp\libc_nano.a(libc_a-memset.o)
                              C:/ST/STM32CubeIDE_1.16.1/STM32CubeIDE/plugins/com.st.stm32cube.ide.mcu.externaltools.gnu-tools-for-stm32.13.3.rel1.win32_1.0.0.202411081344/tools/bin/../lib/gcc/arm-none-eabi/13.3.1/../../../../arm-none-eabi/lib/thumb/v6-m/nofp/crt0.o (memset)
C:/ST/STM32CubeIDE_1.16.1/STM32CubeIDE/plugins/com.st.stm32cube.ide.mcu.externaltools.gnu-tools-for-stm32.13.3.rel1.win32_1.0.0.202411081344/tools/bin/../lib/gcc/arm-none-eabi/13.3.1/../../../../arm-none-eabi/lib/thumb/v6-m/nofp\libc_nano.a(libc_a-closer.o)
                              C:/ST/STM32CubeIDE_1.16.1/STM32CubeIDE/plugins/com.st.stm32cube.ide.mcu.externaltools.gnu-tools-for-stm32.13.3.rel1.win32_1.0.0.202411081344/tools/bin/../lib/gcc/arm-none-eabi/13.3.1/../../../../arm-none-eabi/lib/thumb/v6-m/nofp\libc_nano.a(libc_a-stdio.o) (_close_r)
C:/ST/STM32CubeIDE_1.16.1/STM32CubeIDE/plugins/com.st.stm32cube.ide.mcu.externaltools.gnu-tools-for-stm32.13.3.rel1.win32_1.0.0.202411081344/tools/bin/../lib/gcc/arm-none-eabi/13.3.1/../../../../arm-none-eabi/lib/thumb/v6-m/nofp\libc_nano.a(libc_a-reent.o)
                              C:/ST/STM32CubeIDE_1.16.1/STM32CubeIDE/plugins/com.st.stm32cube.ide.mcu.externaltools.gnu-tools-for-stm32.13.3.rel1.win32_1.0.0.202411081344/tools/bin/../lib/gcc/arm-none-eabi/13.3.1/../../../../arm-none-eabi/lib/thumb/v6-m/nofp\libc_nano.a(libc_a-closer.o) (errno)
C:/ST/STM32CubeIDE_1.16.1/STM32CubeIDE/plugins/com.st.stm32cube.ide.mcu.externaltools.gnu-tools-for-stm32.13.3.rel1.win32_1.0.0.202411081344/tools/bin/../lib/gcc/arm-none-eabi/13.3.1/../../../../arm-none-eabi/lib/thumb/v6-m/nofp\libc_nano.a(libc_a-impure.o)
                              C:/ST/STM32CubeIDE_1.16.1/STM32CubeIDE/plugins/com.st.stm32cube.ide.mcu.externaltools.gnu-tools-for-stm32.13.3.rel1.win32_1.0.0.202411081344/tools/bin/../lib/gcc/arm-none-eabi/13.3.1/../../../../arm-none-eabi/lib/thumb/v6-m/nofp\libc_nano.a(libc_a-reent.o) (_impure_ptr)
C:/ST/STM32CubeIDE_1.16.1/STM32CubeIDE/plugins/com.st.stm32cube.ide.mcu.externaltools.gnu-tools-for-stm32.13.3.rel1.win32_1.0.0.202411081344/tools/bin/../lib/gcc/arm-none-eabi/13.3.1/../../../../arm-none-eabi/lib/thumb/v6-m/nofp\libc_nano.a(libc_a-lseekr.o)
[...]
Memory Configuration

Name             Origin             Length             Attributes
RAM              0x20000000         0x00024000         xrw
FLASH            0x08000000         0x00080000         xr
*default*        0x00000000         0xffffffff

Linker script and memory map

LOAD C:/ST/STM32CubeIDE_1.16.1/STM32CubeIDE/plugins/com.st.stm32cube.ide.mcu.externaltools.gnu-tools-for-stm32.13.3.rel1.win32_1.0.0.202411081344/tools/bin/../lib/gcc/arm-none-eabi/13.3.1/thumb/v6-m/nofp/crti.o
LOAD C:/ST/STM32CubeIDE_1.16.1/STM32CubeIDE/plugins/com.st.stm32cube.ide.mcu.externaltools.gnu-tools-for-stm32.13.3.rel1.win32_1.0.0.202411081344/tools/bin/../lib/gcc/arm-none-eabi/13.3.1/thumb/v6-m/nofp/crtbegin.o
LOAD C:/ST/STM32CubeIDE_1.16.1/STM32CubeIDE/plugins/com.st.stm32cube.ide.mcu.externaltools.gnu-tools-for-stm32.13.3.rel1.win32_1.0.0.202411081344/tools/bin/../lib/gcc/arm-none-eabi/13.3.1/../../../../arm-none-eabi/lib/thumb/v6-m/nofp/crt0.o
LOAD ./Core/Src/main.o
LOAD ./Core/Src/stm32g0xx_hal_msp.o
LOAD ./Core/Src/stm32g0xx_it.o
LOAD ./Core/Src/syscalls.o
LOAD ./Core/Src/sysmem.o
LOAD ./Core/Src/system_stm32g0xx.o
LOAD ./Core/Src/tmc2209_d.o
LOAD ./Core/Startup/startup_stm32g0b1retx.o
LOAD ./Drivers/STM32G0xx_HAL_Driver/Src/stm32g0xx_hal.o
LOAD ./Drivers/STM32G0xx_HAL_Driver/Src/stm32g0xx_hal_cortex.o
LOAD ./Drivers/STM32G0xx_HAL_Driver/Src/stm32g0xx_hal_dma.o
LOAD ./Drivers/STM32G0xx_HAL_Driver/Src/stm32g0xx_hal_dma_ex.o
LOAD ./Drivers/STM32G0xx_HAL_Driver/Src/stm32g0xx_hal_exti.o
LOAD ./Drivers/STM32G0xx_HAL_Driver/Src/stm32g0xx_hal_flash.o
LOAD ./Drivers/STM32G0xx_HAL_Driver/Src/stm32g0xx_hal_flash_ex.o
LOAD ./Drivers/STM32G0xx_HAL_Driver/Src/stm32g0xx_hal_gpio.o
LOAD ./Drivers/STM32G0xx_HAL_Driver/Src/stm32g0xx_hal_pcd.o
LOAD ./Drivers/STM32G0xx_HAL_Driver/Src/stm32g0xx_hal_pcd_ex.o
LOAD ./Drivers/STM32G0xx_HAL_Driver/Src/stm32g0xx_hal_pwr.o
LOAD ./Drivers/STM32G0xx_HAL_Driver/Src/stm32g0xx_hal_pwr_ex.o
LOAD ./Drivers/STM32G0xx_HAL_Driver/Src/stm32g0xx_hal_rcc.o
LOAD ./Drivers/STM32G0xx_HAL_Driver/Src/stm32g0xx_hal_rcc_ex.o
LOAD ./Drivers/STM32G0xx_HAL_Driver/Src/stm32g0xx_hal_tim.o
LOAD ./Drivers/STM32G0xx_HAL_Driver/Src/stm32g0xx_hal_tim_ex.o
LOAD ./Drivers/STM32G0xx_HAL_Driver/Src/stm32g0xx_hal_uart.o
LOAD ./Drivers/STM32G0xx_HAL_Driver/Src/stm32g0xx_hal_uart_ex.o
LOAD ./Drivers/STM32G0xx_HAL_Driver/Src/stm32g0xx_hal_usart.o
LOAD ./Drivers/STM32G0xx_HAL_Driver/Src/stm32g0xx_hal_usart_ex.o
LOAD ./Drivers/STM32G0xx_HAL_Driver/Src/stm32g0xx_ll_rcc.o
LOAD ./Drivers/STM32G0xx_HAL_Driver/Src/stm32g0xx_ll_usb.o
LOAD ./Middlewares/ST/STM32_USB_Device_Library/Class/CDC/Src/usbd_cdc.o
LOAD ./Middlewares/ST/STM32_USB_Device_Library/Core/Src/usbd_core.o
LOAD ./Middlewares/ST/STM32_USB_Device_Library/Core/Src/usbd_ctlreq.o
LOAD ./Middlewares/ST/STM32_USB_Device_Library/Core/Src/usbd_ioreq.o
LOAD ./USB_Device/App/usb_device.o
LOAD ./USB_Device/App/usbd_cdc_if.o
LOAD ./USB_Device/App/usbd_desc.o
LOAD ./USB_Device/Target/usbd_conf.o
START GROUP
LOAD C:/ST/STM32CubeIDE_1.16.1/STM32CubeIDE/plugins/com.st.stm32cube.ide.mcu.externaltools.gnu-tools-for-stm32.13.3.rel1.win32_1.0.0.202411081344/tools/bin/../lib/gcc/arm-none-eabi/13.3.1/../../../../arm-none-eabi/lib/thumb/v6-m/nofp\libc_nano.a
LOAD C:/ST/STM32CubeIDE_1.16.1/STM32CubeIDE/plugins/com.st.stm32cube.ide.mcu.externaltools.gnu-tools-for-stm32.13.3.rel1.win32_1.0.0.202411081344/tools/bin/../lib/gcc/arm-none-eabi/13.3.1/../../../../arm-none-eabi/lib/thumb/v6-m/nofp\libm.a
END GROUP
START GROUP
LOAD C:/ST/STM32CubeIDE_1.16.1/STM32CubeIDE/plugins/com.st.stm32cube.ide.mcu.externaltools.gnu-tools-for-stm32.13.3.rel1.win32_1.0.0.202411081344/tools/bin/../lib/gcc/arm-none-eabi/13.3.1/thumb/v6-m/nofp\libgcc.a
LOAD C:/ST/STM32CubeIDE_1.16.1/STM32CubeIDE/plugins/com.st.stm32cube.ide.mcu.externaltools.gnu-tools-for-stm32.13.3.rel1.win32_1.0.0.202411081344/tools/bin/../lib/gcc/arm-none-eabi/13.3.1/../../../../arm-none-eabi/lib/thumb/v6-m/nofp\libc_nano.a
END GROUP
START GROUP
LOAD C:/ST/STM32CubeIDE_1.16.1/STM32CubeIDE/plugins/com.st.stm32cube.ide.mcu.externaltools.gnu-tools-for-stm32.13.3.rel1.win32_1.0.0.202411081344/tools/bin/../lib/gcc/arm-none-eabi/13.3.1/thumb/v6-m/nofp\libgcc.a
LOAD C:/ST/STM32CubeIDE_1.16.1/STM32CubeIDE/plugins/com.st.stm32cube.ide.mcu.externaltools.gnu-tools-for-stm32.13.3.rel1.win32_1.0.0.202411081344/tools/bin/../lib/gcc/arm-none-eabi/13.3.1/../../../../arm-none-eabi/lib/thumb/v6-m/nofp\libc_nano.a
LOAD C:/ST/STM32CubeIDE_1.16.1/STM32CubeIDE/plugins/com.st.stm32cube.ide.mcu.externaltools.gnu-tools-for-stm32.13.3.rel1.win32_1.0.0.202411081344/tools/bin/../lib/gcc/arm-none-eabi/13.3.1/../../../../arm-none-eabi/lib/thumb/v6-m/nofp\libnosys.a
END GROUP
START GROUP
LOAD C:/ST/STM32CubeIDE_1.16.1/STM32CubeIDE/plugins/com.st.stm32cube.ide.mcu.externaltools.gnu-tools-for-stm32.13.3.rel1.win32_1.0.0.202411081344/tools/bin/../lib/gcc/arm-none-eabi/13.3.1/thumb/v6-m/nofp\libgcc.a
LOAD C:/ST/STM32CubeIDE_1.16.1/STM32CubeIDE/plugins/com.st.stm32cube.ide.mcu.externaltools.gnu-tools-for-stm32.13.3.rel1.win32_1.0.0.202411081344/tools/bin/../lib/gcc/arm-none-eabi/13.3.1/../../../../arm-none-eabi/lib/thumb/v6-m/nofp\libc_nano.a
LOAD C:/ST/STM32CubeIDE_1.16.1/STM32CubeIDE/plugins/com.st.stm32cube.ide.mcu.externaltools.gnu-tools-for-stm32.13.3.rel1.win32_1.0.0.202411081344/tools/bin/../lib/gcc/arm-none-eabi/13.3.1/../../../../arm-none-eabi/lib/thumb/v6-m/nofp\libnosys.a
END GROUP
LOAD C:/ST/STM32CubeIDE_1.16.1/STM32CubeIDE/plugins/com.st.stm32cube.ide.mcu.externaltools.gnu-tools-for-stm32.13.3.rel1.win32_1.0.0.202411081344/tools/bin/../lib/gcc/arm-none-eabi/13.3.1/thumb/v6-m/nofp/crtend.o
LOAD C:/ST/STM32CubeIDE_1.16.1/STM32CubeIDE/plugins/com.st.stm32cube.ide.mcu.externaltools.gnu-tools-for-stm32.13.3.rel1.win32_1.0.0.202411081344/tools/bin/../lib/gcc/arm-none-eabi/13.3.1/thumb/v6-m/nofp/crtn.o
                0x20024000                        _estack = (ORIGIN (RAM) + LENGTH (RAM))
                0x00000200                        _Min_Heap_Size = 0x200
                0x00000400                        _Min_Stack_Size = 0x400

.isr_vector     0x08000000       0xbc
                0x08000000                        . = ALIGN (0x4)
 *(.isr_vector)
 .isr_vector    0x08000000       0xbc ./Core/Startup/startup_stm32g0b1retx.o
                0x08000000                g_pfnVectors
                0x080000bc                        . = ALIGN (0x4)

.text           0x080000bc     0x9704
                0x080000bc                        . = ALIGN (0x4)
 *(.text)
 .text          0x080000bc       0x48 C:/ST/STM32CubeIDE_1.16.1/STM32CubeIDE/plugins/com.st.stm32cube.ide.mcu.externaltools.gnu-tools-for-stm32.13.3.rel1.win32_1.0.0.202411081344/tools/bin/../lib/gcc/arm-none-eabi/13.3.1/thumb/v6-m/nofp/crtbegin.o
 .text          0x08000104        0xe C:/ST/STM32CubeIDE_1.16.1/STM32CubeIDE/plugins/com.st.stm32cube.ide.mcu.externaltools.gnu-tools-for-stm32.13.3.rel1.win32_1.0.0.202411081344/tools/bin/../lib/gcc/arm-none-eabi/13.3.1/../../../../arm-none-eabi/lib/thumb/v6-m/nofp\libc_nano.a(libc_a-strlen.o)
                0x08000104                strlen
 *fill*         0x08000112        0x2 
 .text          0x08000114      0x114 C:/ST/STM32CubeIDE_1.16.1/STM32CubeIDE/plugins/com.st.stm32cube.ide.mcu.externaltools.gnu-tools-for-stm32.13.3.rel1.win32_1.0.0.202411081344/tools/bin/../lib/gcc/arm-none-eabi/13.3.1/thumb/v6-m/nofp\libgcc.a(_udivsi3.o)
                0x08000114                __aeabi_uidiv
                0x08000114                __udivsi3
                0x08000220                __aeabi_uidivmod
 .text          0x08000228      0x1d4 C:/ST/STM32CubeIDE_1.16.1/STM32CubeIDE/plugins/com.st.stm32cube.ide.mcu.externaltools.gnu-tools-for-stm32.13.3.rel1.win32_1.0.0.202411081344/tools/bin/../lib/gcc/arm-none-eabi/13.3.1/thumb/v6-m/nofp\libgcc.a(_divsi3.o)
                0x08000228                __divsi3
                0x08000228                __aeabi_idiv
                0x080003f4                __aeabi_idivmod
 .text          0x080003fc        0x4 C:/ST/STM32CubeIDE_1.16.1/STM32CubeIDE/plugins/com.st.stm32cube.ide.mcu.externaltools.gnu-tools-for-stm32.13.3.rel1.win32_1.0.0.202411081344/tools/bin/../lib/gcc/arm-none-eabi/13.3.1/thumb/v6-m/nofp\libgcc.a(_dvmd_tls.o)
                0x080003fc                __aeabi_idiv0
                0x080003fc                __aeabi_ldiv0
 .text          0x08000400       0x40 C:/ST/STM32CubeIDE_1.16.1/STM32CubeIDE/plugins/com.st.stm32cube.ide.mcu.externaltools.gnu-tools-for-stm32.13.3.rel1.win32_1.0.0.202411081344/tools/bin/../lib/gcc/arm-none-eabi/13.3.1/thumb/v6-m/nofp\libgcc.a(_aeabi_uldivmod.o)
                0x08000400                __aeabi_uldivmod
 .text          0x08000440      0x198 C:/ST/STM32CubeIDE_1.16.1/STM32CubeIDE/plugins/com.st.stm32cube.ide.mcu.externaltools.gnu-tools-for-stm32.13.3.rel1.win32_1.0.0.202411081344/tools/bin/../lib/gcc/arm-none-eabi/13.3.1/thumb/v6-m/nofp\libgcc.a(_udivmoddi4.o)
                0x08000440                __udivmoddi4
 .text          0x080005d8       0x18 C:/ST/STM32CubeIDE_1.16.1/STM32CubeIDE/plugins/com.st.stm32cube.ide.mcu.externaltools.gnu-tools-for-stm32.13.3.rel1.win32_1.0.0.202411081344/tools/bin/../lib/gcc/arm-none-eabi/13.3.1/thumb/v6-m/nofp\libgcc.a(_clzdi2.o)
                0x080005d8                __clzdi2
 .text          0x080005f0       0x3c C:/ST/STM32CubeIDE_1.16.1/STM32CubeIDE/plugins/com.st.stm32cube.ide.mcu.externaltools.gnu-tools-for-stm32.13.3.rel1.win32_1.0.0.202411081344/tools/bin/../lib/gcc/arm-none-eabi/13.3.1/thumb/v6-m/nofp\libgcc.a(_clzsi2.o)
                0x080005f0                __clzsi2
 *(.text*)
 .text.get_m0_running
                0x0800062c       0x40 ./Core/Src/main.o
                0x0800062c                get_m0_running
 .text.get_m0_finite_mode
                0x0800066c       0x40 ./Core/Src/main.o
                0x0800066c                get_m0_finite_mode
 .text.set_m0_finite_mode
                0x080006ac       0x44 ./Core/Src/main.o
                0x080006ac                set_m0_finite_mode
 .text.get_m0_dir
                0x080006f0       0x40 ./Core/Src/main.o
                0x080006f0                get_m0_dir
 .text.get_m0_enabled
                0x08000730       0x44 ./Core/Src/main.o
                0x08000730                get_m0_enabled
 .text.get_m1_running
                0x08000774       0x40 ./Core/Src/main.o
                0x08000774                get_m1_running
 .text.get_m1_finite_mode
                0x080007b4       0x40 ./Core/Src/main.o
                0x080007b4                get_m1_finite_mode
 .text.set_m1_finite_mode
                0x080007f4       0x44 ./Core/Src/main.o
                0x080007f4                set_m1_finite_mode
 .text.get_m1_dir
                0x08000838       0x40 ./Core/Src/main.o
                0x08000838                get_m1_dir
 .text.get_m1_enabled
                0x08000878       0x44 ./Core/Src/main.o
                0x08000878                get_m1_enabled
 .text.get_m2_running
                0x080008bc       0x40 ./Core/Src/main.o
                0x080008bc                get_m2_running
 .text.get_m2_finite_mode
                0x080008fc       0x40 ./Core/Src/main.o
                0x080008fc                get_m2_finite_mode
 .text.set_m2_finite_mode
                0x0800093c       0x44 ./Core/Src/main.o
                0x0800093c                set_m2_finite_mode
 .text.get_m2_dir
                0x08000980       0x40 ./Core/Src/main.o
                0x08000980                get_m2_dir
 .text.get_m2_enabled
                0x080009c0       0x44 ./Core/Src/main.o
                0x080009c0                get_m2_enabled
 .text.get_m3_running
                0x08000a04       0x40 ./Core/Src/main.o
                0x08000a04                get_m3_running
 .text.get_m3_finite_mode
                0x08000a44       0x40 ./Core/Src/main.o
                0x08000a44                get_m3_finite_mode
 .text.set_m3_finite_mode
                0x08000a84       0x44 ./Core/Src/main.o
                0x08000a84                set_m3_finite_mode
 .text.get_m3_dir
                0x08000ac8       0x40 ./Core/Src/main.o
                0x08000ac8                get_m3_dir
 .text.get_m3_enabled
                0x08000b08       0x44 ./Core/Src/main.o
                0x08000b08                get_m3_enabled
 .text.get_m0_var_ustep_support
                0x08000b4c       0x3c ./Core/Src/main.o
                0x08000b4c                get_m0_var_ustep_support
 .text.get_m0_usteps_exp
                0x08000b88       0x58 ./Core/Src/main.o
                0x08000b88                get_m0_usteps_exp
 .text.get_m1_usteps_exp
                0x08000be0       0x58 ./Core/Src/main.o
                0x08000be0                get_m1_usteps_exp
 .text.get_m2_usteps_exp
                0x08000c38       0x58 ./Core/Src/main.o
                0x08000c38                get_m2_usteps_exp
 .text.get_m3_usteps_exp
                0x08000c90       0x58 ./Core/Src/main.o
                0x08000c90                get_m3_usteps_exp
 .text.set_m0_dir
                0x08000ce8       0x58 ./Core/Src/main.o
                0x08000ce8                set_m0_dir
 .text.set_m0_enabled
                0x08000d40       0x58 ./Core/Src/main.o
                0x08000d40                set_m0_enabled
 .text.set_m1_dir
                0x08000d98       0x58 ./Core/Src/main.o
                0x08000d98                set_m1_dir
 .text.set_m1_enabled
                0x08000df0       0x58 ./Core/Src/main.o
                0x08000df0                set_m1_enabled
 .text.set_m2_dir
                0x08000e48       0x58 ./Core/Src/main.o
                0x08000e48                set_m2_dir
 .text.set_m2_enabled
                0x08000ea0       0x58 ./Core/Src/main.o
                0x08000ea0                set_m2_enabled
 .text.set_m3_dir
                0x08000ef8       0x58 ./Core/Src/main.o
                0x08000ef8                set_m3_dir
 .text.set_m3_enabled
                0x08000f50       0x58 ./Core/Src/main.o
                0x08000f50                set_m3_enabled
 .text.get_m0_steps
                0x08000fa8       0x48 ./Core/Src/main.o
                0x08000fa8                get_m0_steps
 .text.get_m0_target_steps
                0x08000ff0       0x48 ./Core/Src/main.o
                0x08000ff0                get_m0_target_steps
 .text.get_m0_step_interval
                0x08001038       0x48 ./Core/Src/main.o
                0x08001038                get_m0_step_interval
 .text.get_m1_steps
                0x08001080       0x48 ./Core/Src/main.o
                0x08001080                get_m1_steps
 .text.get_m1_target_steps
                0x080010c8       0x48 ./Core/Src/main.o
                0x080010c8                get_m1_target_steps
 .text.get_m1_step_interval
                0x08001110       0x48 ./Core/Src/main.o
                0x08001110                get_m1_step_interval
 .text.get_m2_steps
                0x08001158       0x48 ./Core/Src/main.o
                0x08001158                get_m2_steps
 .text.get_m2_target_steps
                0x080011a0       0x48 ./Core/Src/main.o
                0x080011a0                get_m2_target_steps
 .text.get_m2_step_interval
                0x080011e8       0x48 ./Core/Src/main.o
                0x080011e8                get_m2_step_interval
 .text.get_m3_steps
                0x08001230       0x48 ./Core/Src/main.o
                0x08001230                get_m3_steps
 .text.get_m3_target_steps
                0x08001278       0x48 ./Core/Src/main.o
                0x08001278                get_m3_target_steps
 .text.get_m3_step_interval
                0x080012c0       0x48 ./Core/Src/main.o
                0x080012c0                get_m3_step_interval
 .text.get_sub_us_divider
                0x08001308       0x3c ./Core/Src/main.o
                0x08001308                get_sub_us_divider
 .text.set_m0_steps
                0x08001344       0x54 ./Core/Src/main.o
                0x08001344                set_m0_steps
 .text.set_m0_target_steps
                0x08001398       0x48 ./Core/Src/main.o
                0x08001398                set_m0_target_steps
 .text.set_m0_step_interval
                0x080013e0       0x48 ./Core/Src/main.o
                0x080013e0                set_m0_step_interval
 .text.set_m1_steps
                0x08001428       0x54 ./Core/Src/main.o
                0x08001428                set_m1_steps
 .text.set_m1_target_steps
                0x0800147c       0x48 ./Core/Src/main.o
                0x0800147c                set_m1_target_steps
 .text.set_m1_step_interval
                0x080014c4       0x48 ./Core/Src/main.o
                0x080014c4                set_m1_step_interval
 .text.set_m2_steps
                0x0800150c       0x54 ./Core/Src/main.o
                0x0800150c                set_m2_steps
 .text.set_m2_target_steps
                0x08001560       0x48 ./Core/Src/main.o
                0x08001560                set_m2_target_steps
 .text.set_m2_step_interval
                0x080015a8       0x48 ./Core/Src/main.o
                0x080015a8                set_m2_step_interval
 .text.set_m3_steps
                0x080015f0       0x54 ./Core/Src/main.o
                0x080015f0                set_m3_steps
 .text.set_m3_target_steps
                0x08001644       0x48 ./Core/Src/main.o
                0x08001644                set_m3_target_steps
 .text.set_m3_step_interval
                0x0800168c       0x48 ./Core/Src/main.o
                0x0800168c                set_m3_step_interval
 .text.set_m0_usteps_exp
                0x080016d4       0x64 ./Core/Src/main.o
                0x080016d4                set_m0_usteps_exp
 .text.set_m1_usteps_exp
                0x08001738       0x64 ./Core/Src/main.o
                0x08001738                set_m1_usteps_exp
 .text.set_m2_usteps_exp
                0x0800179c       0x68 ./Core/Src/main.o
                0x0800179c                set_m2_usteps_exp
 .text.set_m3_usteps_exp
                0x08001804       0x68 ./Core/Src/main.o
                0x08001804                set_m3_usteps_exp
 .text.set_m3_running
                0x0800186c       0x88 ./Core/Src/main.o
                0x0800186c                set_m3_running
 .text.get_m3_var_ustep_support
                0x080018f4       0x3c ./Core/Src/main.o
                0x080018f4                get_m3_var_ustep_support
 .text.get_m1_var_ustep_support
                0x08001930       0x3c ./Core/Src/main.o
                0x08001930                get_m1_var_ustep_support
 .text.get_m2_var_ustep_support
                0x0800196c       0x3c ./Core/Src/main.o
                0x0800196c                get_m2_var_ustep_support
 .text.set_m0_running
                0x080019a8       0x88 ./Core/Src/main.o
                0x080019a8                set_m0_running
 .text.set_m1_running
                0x08001a30       0x88 ./Core/Src/main.o
                0x08001a30                set_m1_running
 .text.set_m2_running
                0x08001ab8       0x88 ./Core/Src/main.o
                0x08001ab8                set_m2_running
 .text.process_commands_usb
                0x08001b40      0x148 ./Core/Src/main.o
                0x08001b40                process_commands_usb
 .text.process_commands_uart
                0x08001c88      0x120 ./Core/Src/main.o
                0x08001c88                process_commands_uart
 .text.m0step   0x08001da8       0xd0 ./Core/Src/main.o
                0x08001da8                m0step
 .text.m1step   0x08001e78       0xd0 ./Core/Src/main.o
                0x08001e78                m1step
 .text.m2step   0x08001f48       0xcc ./Core/Src/main.o
                0x08001f48                m2step
 .text.m3step   0x08002014       0xcc ./Core/Src/main.o
                0x08002014                m3step
 .text.HAL_UARTEx_RxEventCallback
                0x080020e0       0x18 ./Core/Src/main.o
                0x080020e0                HAL_UARTEx_RxEventCallback
 .text.HAL_UART_TxCpltCallback
                0x080020f8       0x1c ./Core/Src/main.o
                0x080020f8                HAL_UART_TxCpltCallback
 .text.setup    0x08002114      0x180 ./Core/Src/main.o
                0x08002114                setup
 .text.SystemClock_Config
                0x08002294       0x78 ./Core/Src/main.o
                0x08002294                SystemClock_Config
 .text.startup.main
                0x0800230c      0x43c ./Core/Src/main.o
                0x0800230c                main
 .text.Error_Handler
                0x08002748        0x4 ./Core/Src/main.o
                0x08002748                Error_Handler
 .text.HAL_MspInit
                0x0800274c       0x38 ./Core/Src/stm32g0xx_hal_msp.o
                0x0800274c                HAL_MspInit
 .text.HAL_TIM_Base_MspInit
                0x08002784       0x28 ./Core/Src/stm32g0xx_hal_msp.o
                0x08002784                HAL_TIM_Base_MspInit
 .text.HAL_USART_MspInit
                0x080027ac       0xc8 ./Core/Src/stm32g0xx_hal_msp.o
                0x080027ac                HAL_USART_MspInit
 .text.HAL_UART_MspInit
                0x08002874       0xe8 ./Core/Src/stm32g0xx_hal_msp.o
                0x08002874                HAL_UART_MspInit
 .text.HAL_UART_MspDeInit
                0x0800295c       0x44 ./Core/Src/stm32g0xx_hal_msp.o
                0x0800295c                HAL_UART_MspDeInit
 .text.NMI_Handler
                0x080029a0        0x4 ./Core/Src/stm32g0xx_it.o
                0x080029a0                NMI_Handler
 .text.HardFault_Handler
                0x080029a4        0x4 ./Core/Src/stm32g0xx_it.o
                0x080029a4                HardFault_Handler
 .text.SVC_Handler
                0x080029a8        0x4 ./Core/Src/stm32g0xx_it.o
                0x080029a8                SVC_Handler
 .text.PendSV_Handler
                0x080029ac        0x4 ./Core/Src/stm32g0xx_it.o
                0x080029ac                PendSV_Handler
 .text.SysTick_Handler
                0x080029b0        0x8 ./Core/Src/stm32g0xx_it.o
                0x080029b0                SysTick_Handler
 .text.USB_UCPD1_2_IRQHandler
                0x080029b8       0x10 ./Core/Src/stm32g0xx_it.o
                0x080029b8                USB_UCPD1_2_IRQHandler
 .text.DMA1_Channel1_IRQHandler
                0x080029c8       0x10 ./Core/Src/stm32g0xx_it.o
                0x080029c8                DMA1_Channel1_IRQHandler
 .text.DMA1_Channel2_3_IRQHandler
                0x080029d8       0x10 ./Core/Src/stm32g0xx_it.o
                0x080029d8                DMA1_Channel2_3_IRQHandler
 .text.USART3_4_5_6_LPUART1_IRQHandler
                0x080029e8       0x18 ./Core/Src/stm32g0xx_it.o
                0x080029e8                USART3_4_5_6_LPUART1_IRQHandler
 .text.SystemInit
                0x08002a00        0x4 ./Core/Src/system_stm32g0xx.o
                0x08002a00                SystemInit
 .text.TMC2209_WriteRegister
                0x08002a04       0xcc ./Core/Src/tmc2209_d.o
                0x08002a04                TMC2209_WriteRegister
 .text.TMC2209_Init
                0x08002ad0      0x95c ./Core/Src/tmc2209_d.o
                0x08002ad0                TMC2209_Init
 .text.Reset_Handler
                0x0800342c       0x50 ./Core/Startup/startup_stm32g0b1retx.o
                0x0800342c                Reset_Handler
 .text.Default_Handler
                0x0800347c        0x2 ./Core/Startup/startup_stm32g0b1retx.o
                0x0800347c                I2C2_3_IRQHandler
                0x0800347c                TIM1_CC_IRQHandler
                0x0800347c                ADC1_COMP_IRQHandler
                0x0800347c                I2C1_IRQHandler
                0x0800347c                TIM7_LPTIM2_IRQHandler
                0x0800347c                TIM17_FDCAN_IT1_IRQHandler
                0x0800347c                DMA1_Ch4_7_DMA2_Ch1_5_DMAMUX1_OVR_IRQHandler
                0x0800347c                RCC_CRS_IRQHandler
                0x0800347c                RTC_TAMP_IRQHandler
                0x0800347c                SPI1_IRQHandler
                0x0800347c                EXTI2_3_IRQHandler
                0x0800347c                USART2_LPUART2_IRQHandler
                0x0800347c                PVD_VDDIO2_IRQHandler
                0x0800347c                EXTI4_15_IRQHandler
                0x0800347c                Default_Handler
                0x0800347c                CEC_IRQHandler
                0x0800347c                TIM14_IRQHandler
                0x0800347c                TIM15_IRQHandler
                0x0800347c                TIM3_TIM4_IRQHandler
                0x0800347c                EXTI0_1_IRQHandler
                0x0800347c                SPI2_3_IRQHandler
                0x0800347c                TIM6_DAC_LPTIM1_IRQHandler
                0x0800347c                WWDG_IRQHandler
                0x0800347c                TIM2_IRQHandler
                0x0800347c                FLASH_IRQHandler
                0x0800347c                USART1_IRQHandler
                0x0800347c                TIM16_FDCAN_IT0_IRQHandler
                0x0800347c                TIM1_BRK_UP_TRG_COM_IRQHandler
 *fill*         0x0800347e        0x2 
 .text.HAL_InitTick
                0x08003480       0x4c ./Drivers/STM32G0xx_HAL_Driver/Src/stm32g0xx_hal.o
                0x08003480                HAL_InitTick
 .text.HAL_Init
                0x080034cc       0x28 ./Drivers/STM32G0xx_HAL_Driver/Src/stm32g0xx_hal.o
                0x080034cc                HAL_Init
 .text.HAL_IncTick
                0x080034f4       0x18 ./Drivers/STM32G0xx_HAL_Driver/Src/stm32g0xx_hal.o
                0x080034f4                HAL_IncTick
 .text.HAL_GetTick
                0x0800350c        0xc ./Drivers/STM32G0xx_HAL_Driver/Src/stm32g0xx_hal.o
                0x0800350c                HAL_GetTick
 .text.HAL_Delay
                0x08003518       0x24 ./Drivers/STM32G0xx_HAL_Driver/Src/stm32g0xx_hal.o
                0x08003518                HAL_Delay
 .text.HAL_SYSCFG_StrobeDBattpinsConfig
                0x0800353c       0x18 ./Drivers/STM32G0xx_HAL_Driver/Src/stm32g0xx_hal.o
                0x0800353c                HAL_SYSCFG_StrobeDBattpinsConfig
 .text.HAL_NVIC_SetPriority
                0x08003554       0x54 ./Drivers/STM32G0xx_HAL_Driver/Src/stm32g0xx_hal_cortex.o
                0x08003554                HAL_NVIC_SetPriority
 .text.HAL_NVIC_EnableIRQ
                0x080035a8       0x18 ./Drivers/STM32G0xx_HAL_Driver/Src/stm32g0xx_hal_cortex.o
                0x080035a8                HAL_NVIC_EnableIRQ
 .text.HAL_NVIC_DisableIRQ
                0x080035c0       0x20 ./Drivers/STM32G0xx_HAL_Driver/Src/stm32g0xx_hal_cortex.o
                0x080035c0                HAL_NVIC_DisableIRQ
 .text.HAL_SYSTICK_Config
                0x080035e0       0x34 ./Drivers/STM32G0xx_HAL_Driver/Src/stm32g0xx_hal_cortex.o
                0x080035e0                HAL_SYSTICK_Config
 .text.HAL_DMA_Init
                0x08003614      0x118 ./Drivers/STM32G0xx_HAL_Driver/Src/stm32g0xx_hal_dma.o
                0x08003614                HAL_DMA_Init
 .text.HAL_DMA_DeInit
                0x0800372c       0xec ./Drivers/STM32G0xx_HAL_Driver/Src/stm32g0xx_hal_dma.o
                0x0800372c                HAL_DMA_DeInit
 .text.HAL_DMA_Start_IT
                0x08003818       0xbc ./Drivers/STM32G0xx_HAL_Driver/Src/stm32g0xx_hal_dma.o
                0x08003818                HAL_DMA_Start_IT
 .text.HAL_DMA_Abort
                0x080038d4       0x70 ./Drivers/STM32G0xx_HAL_Driver/Src/stm32g0xx_hal_dma.o
                0x080038d4                HAL_DMA_Abort
 .text.HAL_DMA_Abort_IT
                0x08003944       0x70 ./Drivers/STM32G0xx_HAL_Driver/Src/stm32g0xx_hal_dma.o
                0x08003944                HAL_DMA_Abort_IT
 .text.HAL_DMA_IRQHandler
                0x080039b4       0xb8 ./Drivers/STM32G0xx_HAL_Driver/Src/stm32g0xx_hal_dma.o
                0x080039b4                HAL_DMA_IRQHandler
 .text.HAL_GPIO_Init
                0x08003a6c      0x374 ./Drivers/STM32G0xx_HAL_Driver/Src/stm32g0xx_hal_gpio.o
                0x08003a6c                HAL_GPIO_Init
 .text.HAL_GPIO_DeInit
                0x08003de0      0x1e8 ./Drivers/STM32G0xx_HAL_Driver/Src/stm32g0xx_hal_gpio.o
                0x08003de0                HAL_GPIO_DeInit
 .text.HAL_GPIO_WritePin
                0x08003fc8        0xc ./Drivers/STM32G0xx_HAL_Driver/Src/stm32g0xx_hal_gpio.o
                0x08003fc8                HAL_GPIO_WritePin
 .text.HAL_PCD_Init
                0x08003fd4      0x224 ./Drivers/STM32G0xx_HAL_Driver/Src/stm32g0xx_hal_pcd.o
                0x08003fd4                HAL_PCD_Init
 .text.HAL_PCD_Start
                0x080041f8       0x2c ./Drivers/STM32G0xx_HAL_Driver/Src/stm32g0xx_hal_pcd.o
                0x080041f8                HAL_PCD_Start
 .text.HAL_PCD_IRQHandler
                0x08004224      0xb14 ./Drivers/STM32G0xx_HAL_Driver/Src/stm32g0xx_hal_pcd.o
                0x08004224                HAL_PCD_IRQHandler
 .text.HAL_PCD_SetAddress
                0x08004d38       0x28 ./Drivers/STM32G0xx_HAL_Driver/Src/stm32g0xx_hal_pcd.o
                0x08004d38                HAL_PCD_SetAddress
 .text.HAL_PCD_EP_Open
                0x08004d60       0x64 ./Drivers/STM32G0xx_HAL_Driver/Src/stm32g0xx_hal_pcd.o
                0x08004d60                HAL_PCD_EP_Open
 .text.HAL_PCD_EP_Close
                0x08004dc4       0x60 ./Drivers/STM32G0xx_HAL_Driver/Src/stm32g0xx_hal_pcd.o
                0x08004dc4                HAL_PCD_EP_Close
 .text.HAL_PCD_EP_Receive
                0x08004e24       0x3c ./Drivers/STM32G0xx_HAL_Driver/Src/stm32g0xx_hal_pcd.o
                0x08004e24                HAL_PCD_EP_Receive
 .text.HAL_PCD_EP_GetRxCount
                0x08004e60       0x14 ./Drivers/STM32G0xx_HAL_Driver/Src/stm32g0xx_hal_pcd.o
                0x08004e60                HAL_PCD_EP_GetRxCount
 .text.HAL_PCD_EP_Transmit
                0x08004e74       0x34 ./Drivers/STM32G0xx_HAL_Driver/Src/stm32g0xx_hal_pcd.o
                0x08004e74                HAL_PCD_EP_Transmit
 .text.HAL_PCD_EP_SetStall
                0x08004ea8       0x78 ./Drivers/STM32G0xx_HAL_Driver/Src/stm32g0xx_hal_pcd.o
                0x08004ea8                HAL_PCD_EP_SetStall
 .text.HAL_PCD_EP_ClrStall
                0x08004f20       0x74 ./Drivers/STM32G0xx_HAL_Driver/Src/stm32g0xx_hal_pcd.o
                0x08004f20                HAL_PCD_EP_ClrStall
 .text.HAL_PCDEx_PMAConfig
                0x08004f94       0x3c ./Drivers/STM32G0xx_HAL_Driver/Src/stm32g0xx_hal_pcd_ex.o
                0x08004f94                HAL_PCDEx_PMAConfig
 .text.HAL_PCDEx_ActivateLPM
                0x08004fd0       0x24 ./Drivers/STM32G0xx_HAL_Driver/Src/stm32g0xx_hal_pcd_ex.o
                0x08004fd0                HAL_PCDEx_ActivateLPM
 .text.HAL_PWREx_EnableVddUSB
                0x08004ff4       0x14 ./Drivers/STM32G0xx_HAL_Driver/Src/stm32g0xx_hal_pwr_ex.o
                0x08004ff4                HAL_PWREx_EnableVddUSB
 .text.HAL_PWREx_ControlVoltageScaling
                0x08005008       0x60 ./Drivers/STM32G0xx_HAL_Driver/Src/stm32g0xx_hal_pwr_ex.o
                0x08005008                HAL_PWREx_ControlVoltageScaling
 .text.HAL_RCC_OscConfig
                0x08005068      0x540 ./Drivers/STM32G0xx_HAL_Driver/Src/stm32g0xx_hal_rcc.o
                0x08005068                HAL_RCC_OscConfig
 .text.HAL_RCC_GetSysClockFreq
                0x080055a8       0x9c ./Drivers/STM32G0xx_HAL_Driver/Src/stm32g0xx_hal_rcc.o
                0x080055a8                HAL_RCC_GetSysClockFreq
 .text.HAL_RCC_ClockConfig
                0x08005644      0x190 ./Drivers/STM32G0xx_HAL_Driver/Src/stm32g0xx_hal_rcc.o
                0x08005644                HAL_RCC_ClockConfig
 .text.HAL_RCC_GetPCLK1Freq
                0x080057d4       0x28 ./Drivers/STM32G0xx_HAL_Driver/Src/stm32g0xx_hal_rcc.o
                0x080057d4                HAL_RCC_GetPCLK1Freq
 .text.HAL_RCCEx_PeriphCLKConfig
                0x080057fc      0x2d8 ./Drivers/STM32G0xx_HAL_Driver/Src/stm32g0xx_hal_rcc_ex.o
                0x080057fc                HAL_RCCEx_PeriphCLKConfig
 .text.HAL_TIM_Base_Init
                0x08005ad4      0x134 ./Drivers/STM32G0xx_HAL_Driver/Src/stm32g0xx_hal_tim.o
                0x08005ad4                HAL_TIM_Base_Init
 .text.HAL_TIM_Base_Start
                0x08005c08       0x70 ./Drivers/STM32G0xx_HAL_Driver/Src/stm32g0xx_hal_tim.o
                0x08005c08                HAL_TIM_Base_Start
 .text.HAL_TIM_ConfigClockSource
                0x08005c78      0x164 ./Drivers/STM32G0xx_HAL_Driver/Src/stm32g0xx_hal_tim.o
                0x08005c78                HAL_TIM_ConfigClockSource
 .text.HAL_TIMEx_MasterConfigSynchronization
                0x08005ddc       0x84 ./Drivers/STM32G0xx_HAL_Driver/Src/stm32g0xx_hal_tim_ex.o
                0x08005ddc                HAL_TIMEx_MasterConfigSynchronization
 .text.HAL_UART_DeInit
                0x08005e60       0x3c ./Drivers/STM32G0xx_HAL_Driver/Src/stm32g0xx_hal_uart.o
                0x08005e60                HAL_UART_DeInit
 .text.HAL_UART_Transmit_DMA
                0x08005e9c       0xb0 ./Drivers/STM32G0xx_HAL_Driver/Src/stm32g0xx_hal_uart.o
                0x08005e9c                HAL_UART_Transmit_DMA
 .text.UART_DMATransmitCplt
                0x08005f4c       0x50 ./Drivers/STM32G0xx_HAL_Driver/Src/stm32g0xx_hal_uart.o
 .text.HAL_UART_TxHalfCpltCallback
                0x08005f9c        0x4 ./Drivers/STM32G0xx_HAL_Driver/Src/stm32g0xx_hal_uart.o
                0x08005f9c                HAL_UART_TxHalfCpltCallback
 .text.UART_DMATxHalfCplt
                0x08005fa0        0xc ./Drivers/STM32G0xx_HAL_Driver/Src/stm32g0xx_hal_uart.o
 .text.HAL_UART_RxCpltCallback
                0x08005fac        0x4 ./Drivers/STM32G0xx_HAL_Driver/Src/stm32g0xx_hal_uart.o
                0x08005fac                HAL_UART_RxCpltCallback
 .text.HAL_UART_RxHalfCpltCallback
                0x08005fb0        0x4 ./Drivers/STM32G0xx_HAL_Driver/Src/stm32g0xx_hal_uart.o
                0x08005fb0                HAL_UART_RxHalfCpltCallback
 .text.HAL_UART_ErrorCallback
                0x08005fb4        0x4 ./Drivers/STM32G0xx_HAL_Driver/Src/stm32g0xx_hal_uart.o
                0x08005fb4                HAL_UART_ErrorCallback
 .text.UART_DMAError
                0x08005fb8       0xd8 ./Drivers/STM32G0xx_HAL_Driver/Src/stm32g0xx_hal_uart.o
 .text.UART_DMAAbortOnError
                0x08006090       0x14 ./Drivers/STM32G0xx_HAL_Driver/Src/stm32g0xx_hal_uart.o
 .text.HAL_UART_IRQHandler
                0x080060a4      0x3f0 ./Drivers/STM32G0xx_HAL_Driver/Src/stm32g0xx_hal_uart.o
                0x080060a4                HAL_UART_IRQHandler
 .text.UART_DMARxHalfCplt
                0x08006494       0x20 ./Drivers/STM32G0xx_HAL_Driver/Src/stm32g0xx_hal_uart.o
 .text.UART_DMAReceiveCplt
                0x080064b4       0x9c ./Drivers/STM32G0xx_HAL_Driver/Src/stm32g0xx_hal_uart.o
 .text.UART_SetConfig
                0x08006550      0x28c ./Drivers/STM32G0xx_HAL_Driver/Src/stm32g0xx_hal_uart.o
                0x08006550                UART_SetConfig
 .text.UART_AdvFeatureConfig
                0x080067dc       0xd0 ./Drivers/STM32G0xx_HAL_Driver/Src/stm32g0xx_hal_uart.o
                0x080067dc                UART_AdvFeatureConfig
 .text.UART_CheckIdleState
                0x080068ac      0x2ac ./Drivers/STM32G0xx_HAL_Driver/Src/stm32g0xx_hal_uart.o
                0x080068ac                UART_CheckIdleState
 .text.HAL_UART_Init
                0x08006b58       0x6c ./Drivers/STM32G0xx_HAL_Driver/Src/stm32g0xx_hal_uart.o
                0x08006b58                HAL_UART_Init
 .text.UART_Start_Receive_DMA
                0x08006bc4       0xa8 ./Drivers/STM32G0xx_HAL_Driver/Src/stm32g0xx_hal_uart.o
                0x08006bc4                UART_Start_Receive_DMA
 .text.HAL_UARTEx_WakeupCallback
                0x08006c6c        0x4 ./Drivers/STM32G0xx_HAL_Driver/Src/stm32g0xx_hal_uart_ex.o
                0x08006c6c                HAL_UARTEx_WakeupCallback
 .text.HAL_UARTEx_RxFifoFullCallback
                0x08006c70        0x4 ./Drivers/STM32G0xx_HAL_Driver/Src/stm32g0xx_hal_uart_ex.o
                0x08006c70                HAL_UARTEx_RxFifoFullCallback
 .text.HAL_UARTEx_TxFifoEmptyCallback
                0x08006c74        0x4 ./Drivers/STM32G0xx_HAL_Driver/Src/stm32g0xx_hal_uart_ex.o
                0x08006c74                HAL_UARTEx_TxFifoEmptyCallback
 .text.HAL_UARTEx_ReceiveToIdle_DMA
                0x08006c78       0x64 ./Drivers/STM32G0xx_HAL_Driver/Src/stm32g0xx_hal_uart_ex.o
                0x08006c78                HAL_UARTEx_ReceiveToIdle_DMA
 .text.HAL_USART_Init
                0x08006cdc      0x270 ./Drivers/STM32G0xx_HAL_Driver/Src/stm32g0xx_hal_usart.o
                0x08006cdc                HAL_USART_Init
 .text.HAL_USART_Transmit
                0x08006f4c      0x164 ./Drivers/STM32G0xx_HAL_Driver/Src/stm32g0xx_hal_usart.o
                0x08006f4c                HAL_USART_Transmit
 .text.HAL_USART_TxCpltCallback
                0x080070b0        0x4 ./Drivers/STM32G0xx_HAL_Driver/Src/stm32g0xx_hal_usart.o
                0x080070b0                HAL_USART_TxCpltCallback
 .text.HAL_USART_TxRxCpltCallback
                0x080070b4        0x4 ./Drivers/STM32G0xx_HAL_Driver/Src/stm32g0xx_hal_usart.o
                0x080070b4                HAL_USART_TxRxCpltCallback
 .text.HAL_USART_ErrorCallback
                0x080070b8        0x4 ./Drivers/STM32G0xx_HAL_Driver/Src/stm32g0xx_hal_usart.o
                0x080070b8                HAL_USART_ErrorCallback
 .text.HAL_USART_IRQHandler
                0x080070bc      0x22c ./Drivers/STM32G0xx_HAL_Driver/Src/stm32g0xx_hal_usart.o
                0x080070bc                HAL_USART_IRQHandler
 .text.USART_DMAAbortOnError
                0x080072e8       0x10 ./Drivers/STM32G0xx_HAL_Driver/Src/stm32g0xx_hal_usart.o
 .text.HAL_USARTEx_RxFifoFullCallback
                0x080072f8        0x4 ./Drivers/STM32G0xx_HAL_Driver/Src/stm32g0xx_hal_usart_ex.o
                0x080072f8                HAL_USARTEx_RxFifoFullCallback
 .text.HAL_USARTEx_TxFifoEmptyCallback
                0x080072fc        0x4 ./Drivers/STM32G0xx_HAL_Driver/Src/stm32g0xx_hal_usart_ex.o
                0x080072fc                HAL_USARTEx_TxFifoEmptyCallback
 .text.HAL_USARTEx_DisableFifoMode
                0x08007300       0x38 ./Drivers/STM32G0xx_HAL_Driver/Src/stm32g0xx_hal_usart_ex.o
                0x08007300                HAL_USARTEx_DisableFifoMode
 .text.HAL_USARTEx_SetTxFifoThreshold
                0x08007338       0x9c ./Drivers/STM32G0xx_HAL_Driver/Src/stm32g0xx_hal_usart_ex.o
                0x08007338                HAL_USARTEx_SetTxFifoThreshold
 .text.HAL_USARTEx_SetRxFifoThreshold
                0x080073d4       0xa0 ./Drivers/STM32G0xx_HAL_Driver/Src/stm32g0xx_hal_usart_ex.o
                0x080073d4                HAL_USARTEx_SetRxFifoThreshold
 .text.USB_EnableGlobalInt
                0x08007474       0x10 ./Drivers/STM32G0xx_HAL_Driver/Src/stm32g0xx_ll_usb.o
                0x08007474                USB_EnableGlobalInt
 .text.USB_DisableGlobalInt
                0x08007484       0x10 ./Drivers/STM32G0xx_HAL_Driver/Src/stm32g0xx_ll_usb.o
                0x08007484                USB_DisableGlobalInt
 .text.USB_DevInit
                0x08007494       0x24 ./Drivers/STM32G0xx_HAL_Driver/Src/stm32g0xx_ll_usb.o
                0x08007494                USB_DevInit
 .text.USB_ActivateEndpoint
                0x080074b8      0x27c ./Drivers/STM32G0xx_HAL_Driver/Src/stm32g0xx_ll_usb.o
                0x080074b8                USB_ActivateEndpoint
 .text.USB_DeactivateEndpoint
                0x08007734       0xfc ./Drivers/STM32G0xx_HAL_Driver/Src/stm32g0xx_ll_usb.o
                0x08007734                USB_DeactivateEndpoint
 .text.USB_EPStartXfer
                0x08007830      0x7a0 ./Drivers/STM32G0xx_HAL_Driver/Src/stm32g0xx_ll_usb.o
                0x08007830                USB_EPStartXfer
 .text.USB_EPSetStall
                0x08007fd0       0x40 ./Drivers/STM32G0xx_HAL_Driver/Src/stm32g0xx_ll_usb.o
                0x08007fd0                USB_EPSetStall
 .text.USB_EPClearStall
                0x08008010       0x7c ./Drivers/STM32G0xx_HAL_Driver/Src/stm32g0xx_ll_usb.o
                0x08008010                USB_EPClearStall
 .text.USB_SetDevAddress
                0x0800808c        0xc ./Drivers/STM32G0xx_HAL_Driver/Src/stm32g0xx_ll_usb.o
                0x0800808c                USB_SetDevAddress
 .text.USB_DevConnect
                0x08008098       0x10 ./Drivers/STM32G0xx_HAL_Driver/Src/stm32g0xx_ll_usb.o
                0x08008098                USB_DevConnect
 .text.USB_ReadInterrupts
                0x080080a8        0x4 ./Drivers/STM32G0xx_HAL_Driver/Src/stm32g0xx_ll_usb.o
                0x080080a8                USB_ReadInterrupts
 .text.USB_WritePMA
                0x080080ac       0x6c ./Drivers/STM32G0xx_HAL_Driver/Src/stm32g0xx_ll_usb.o
                0x080080ac                USB_WritePMA
 .text.USB_ReadPMA
                0x08008118       0x60 ./Drivers/STM32G0xx_HAL_Driver/Src/stm32g0xx_ll_usb.o
                0x08008118                USB_ReadPMA
 .text.USBD_CDC_EP0_RxReady
                0x08008178       0x44 ./Middlewares/ST/STM32_USB_Device_Library/Class/CDC/Src/usbd_cdc.o
 .text.USBD_CDC_GetDeviceQualifierDescriptor
                0x080081bc        0xc ./Middlewares/ST/STM32_USB_Device_Library/Class/CDC/Src/usbd_cdc.o
                0x080081bc                USBD_CDC_GetDeviceQualifierDescriptor
 .text.USBD_CDC_GetFSCfgDesc
                0x080081c8       0x50 ./Middlewares/ST/STM32_USB_Device_Library/Class/CDC/Src/usbd_cdc.o
 .text.USBD_CDC_GetHSCfgDesc
                0x08008218       0x50 ./Middlewares/ST/STM32_USB_Device_Library/Class/CDC/Src/usbd_cdc.o
 .text.USBD_CDC_DataOut
                0x08008268       0x3c ./Middlewares/ST/STM32_USB_Device_Library/Class/CDC/Src/usbd_cdc.o
 .text.USBD_CDC_DataIn
                0x080082a4       0x84 ./Middlewares/ST/STM32_USB_Device_Library/Class/CDC/Src/usbd_cdc.o
 .text.USBD_CDC_Setup
                0x08008328      0x118 ./Middlewares/ST/STM32_USB_Device_Library/Class/CDC/Src/usbd_cdc.o
 .text.USBD_CDC_DeInit
                0x08008440       0x64 ./Middlewares/ST/STM32_USB_Device_Library/Class/CDC/Src/usbd_cdc.o
 .text.USBD_CDC_Init
                0x080084a4       0xec ./Middlewares/ST/STM32_USB_Device_Library/Class/CDC/Src/usbd_cdc.o
 .text.USBD_CDC_GetOtherSpeedCfgDesc
                0x08008590       0x50 ./Middlewares/ST/STM32_USB_Device_Library/Class/CDC/Src/usbd_cdc.o
 .text.USBD_CDC_RegisterInterface
                0x080085e0       0x1c ./Middlewares/ST/STM32_USB_Device_Library/Class/CDC/Src/usbd_cdc.o
                0x080085e0                USBD_CDC_RegisterInterface
 .text.USBD_CDC_SetTxBuffer
                0x080085fc       0x24 ./Middlewares/ST/STM32_USB_Device_Library/Class/CDC/Src/usbd_cdc.o
                0x080085fc                USBD_CDC_SetTxBuffer
 .text.USBD_CDC_SetRxBuffer
                0x08008620       0x20 ./Middlewares/ST/STM32_USB_Device_Library/Class/CDC/Src/usbd_cdc.o
                0x08008620                USBD_CDC_SetRxBuffer
 .text.USBD_CDC_TransmitPacket
                0x08008640       0x44 ./Middlewares/ST/STM32_USB_Device_Library/Class/CDC/Src/usbd_cdc.o
                0x08008640                USBD_CDC_TransmitPacket
 .text.USBD_CDC_ReceivePacket
                0x08008684       0x3c ./Middlewares/ST/STM32_USB_Device_Library/Class/CDC/Src/usbd_cdc.o
                0x08008684                USBD_CDC_ReceivePacket
 .text.USBD_Init
                0x080086c0       0x34 ./Middlewares/ST/STM32_USB_Device_Library/Core/Src/usbd_core.o
                0x080086c0                USBD_Init
 .text.USBD_RegisterClass
                0x080086f4       0x3c ./Middlewares/ST/STM32_USB_Device_Library/Core/Src/usbd_core.o
                0x080086f4                USBD_RegisterClass
 .text.USBD_Start
                0x08008730        0x8 ./Middlewares/ST/STM32_USB_Device_Library/Core/Src/usbd_core.o
                0x08008730                USBD_Start
 .text.USBD_SetClassConfig
                0x08008738       0x18 ./Middlewares/ST/STM32_USB_Device_Library/Core/Src/usbd_core.o
                0x08008738                USBD_SetClassConfig
 .text.USBD_ClrClassConfig
                0x08008750       0x14 ./Middlewares/ST/STM32_USB_Device_Library/Core/Src/usbd_core.o
                0x08008750                USBD_ClrClassConfig
 .text.USBD_LL_SetupStage
                0x08008764       0x60 ./Middlewares/ST/STM32_USB_Device_Library/Core/Src/usbd_core.o
                0x08008764                USBD_LL_SetupStage
 .text.USBD_LL_DataOutStage
                0x080087c4       0x8c ./Middlewares/ST/STM32_USB_Device_Library/Core/Src/usbd_core.o
                0x080087c4                USBD_LL_DataOutStage
 .text.USBD_LL_DataInStage
                0x08008850       0xc8 ./Middlewares/ST/STM32_USB_Device_Library/Core/Src/usbd_core.o
                0x08008850                USBD_LL_DataInStage
 .text.USBD_LL_Reset
                0x08008918       0x6c ./Middlewares/ST/STM32_USB_Device_Library/Core/Src/usbd_core.o
                0x08008918                USBD_LL_Reset
 .text.USBD_LL_SetSpeed
                0x08008984        0x8 ./Middlewares/ST/STM32_USB_Device_Library/Core/Src/usbd_core.o
                0x08008984                USBD_LL_SetSpeed
 .text.USBD_LL_Suspend
                0x0800898c       0x18 ./Middlewares/ST/STM32_USB_Device_Library/Core/Src/usbd_core.o
                0x0800898c                USBD_LL_Suspend
 .text.USBD_LL_Resume
                0x080089a4       0x1c ./Middlewares/ST/STM32_USB_Device_Library/Core/Src/usbd_core.o
                0x080089a4                USBD_LL_Resume
 .text.USBD_LL_SOF
                0x080089c0       0x24 ./Middlewares/ST/STM32_USB_Device_Library/Core/Src/usbd_core.o
                0x080089c0                USBD_LL_SOF
 .text.USBD_CoreFindIF
                0x080089e4        0x4 ./Middlewares/ST/STM32_USB_Device_Library/Core/Src/usbd_core.o
                0x080089e4                USBD_CoreFindIF
 .text.USBD_CoreFindEP
                0x080089e8        0x4 ./Middlewares/ST/STM32_USB_Device_Library/Core/Src/usbd_core.o
                0x080089e8                USBD_CoreFindEP
 .text.USBD_GetEpDesc
                0x080089ec       0x34 ./Middlewares/ST/STM32_USB_Device_Library/Core/Src/usbd_core.o
                0x080089ec                USBD_GetEpDesc
 .text.USBD_StdDevReq
                0x08008a20      0x378 ./Middlewares/ST/STM32_USB_Device_Library/Core/Src/usbd_ctlreq.o
                0x08008a20                USBD_StdDevReq
 .text.USBD_StdItfReq
                0x08008d98       0x74 ./Middlewares/ST/STM32_USB_Device_Library/Core/Src/usbd_ctlreq.o
                0x08008d98                USBD_StdItfReq
 .text.USBD_StdEPReq
                0x08008e0c      0x180 ./Middlewares/ST/STM32_USB_Device_Library/Core/Src/usbd_ctlreq.o
                0x08008e0c                USBD_StdEPReq
 .text.USBD_ParseSetupRequest
                0x08008f8c       0x28 ./Middlewares/ST/STM32_USB_Device_Library/Core/Src/usbd_ctlreq.o
                0x08008f8c                USBD_ParseSetupRequest
 .text.USBD_CtlError
                0x08008fb4       0x14 ./Middlewares/ST/STM32_USB_Device_Library/Core/Src/usbd_ctlreq.o
                0x08008fb4                USBD_CtlError
 .text.USBD_GetString
                0x08008fc8       0x50 ./Middlewares/ST/STM32_USB_Device_Library/Core/Src/usbd_ctlreq.o
                0x08008fc8                USBD_GetString
 .text.USBD_CtlSendData
                0x08009018       0x1c ./Middlewares/ST/STM32_USB_Device_Library/Core/Src/usbd_ioreq.o
                0x08009018                USBD_CtlSendData
 .text.USBD_CtlContinueSendData
                0x08009034       0x10 ./Middlewares/ST/STM32_USB_Device_Library/Core/Src/usbd_ioreq.o
                0x08009034                USBD_CtlContinueSendData
 .text.USBD_CtlPrepareRx
                0x08009044       0x24 ./Middlewares/ST/STM32_USB_Device_Library/Core/Src/usbd_ioreq.o
                0x08009044                USBD_CtlPrepareRx
 .text.USBD_CtlContinueRx
                0x08009068       0x10 ./Middlewares/ST/STM32_USB_Device_Library/Core/Src/usbd_ioreq.o
                0x08009068                USBD_CtlContinueRx
 .text.USBD_CtlSendStatus
                0x08009078       0x18 ./Middlewares/ST/STM32_USB_Device_Library/Core/Src/usbd_ioreq.o
                0x08009078                USBD_CtlSendStatus
 .text.USBD_CtlReceiveStatus
                0x08009090       0x18 ./Middlewares/ST/STM32_USB_Device_Library/Core/Src/usbd_ioreq.o
                0x08009090                USBD_CtlReceiveStatus
 .text.MX_USB_Device_Init
                0x080090a8       0x7c ./USB_Device/App/usb_device.o
                0x080090a8                MX_USB_Device_Init
 .text.CDC_DeInit_FS
                0x08009124        0x4 ./USB_Device/App/usbd_cdc_if.o
 .text.CDC_Control_FS
                0x08009128        0x4 ./USB_Device/App/usbd_cdc_if.o
 .text.CDC_TransmitCplt_FS
                0x0800912c        0x4 ./USB_Device/App/usbd_cdc_if.o
 .text.CDC_Receive_FS
                0x08009130       0x48 ./USB_Device/App/usbd_cdc_if.o
 .text.CDC_Init_FS
                0x08009178       0x28 ./USB_Device/App/usbd_cdc_if.o
 .text.CDC_Transmit_FS
                0x080091a0       0x2c ./USB_Device/App/usbd_cdc_if.o
                0x080091a0                CDC_Transmit_FS
 .text.USBD_CDC_DeviceDescriptor
                0x080091cc        0xc ./USB_Device/App/usbd_desc.o
                0x080091cc                USBD_CDC_DeviceDescriptor
 .text.USBD_CDC_LangIDStrDescriptor
                0x080091d8        0xc ./USB_Device/App/usbd_desc.o
                0x080091d8                USBD_CDC_LangIDStrDescriptor
 .text.USBD_CDC_ManufacturerStrDescriptor
                0x080091e4       0x1c ./USB_Device/App/usbd_desc.o
                0x080091e4                USBD_CDC_ManufacturerStrDescriptor
 .text.USBD_CDC_ProductStrDescriptor
                0x08009200       0x1c ./USB_Device/App/usbd_desc.o
                0x08009200                USBD_CDC_ProductStrDescriptor
 .text.USBD_CDC_ConfigStrDescriptor
                0x0800921c       0x1c ./USB_Device/App/usbd_desc.o
                0x0800921c                USBD_CDC_ConfigStrDescriptor
 .text.USBD_CDC_InterfaceStrDescriptor
                0x08009238       0x1c ./USB_Device/App/usbd_desc.o
                0x08009238                USBD_CDC_InterfaceStrDescriptor
 .text.USBD_CDC_SerialStrDescriptor
                0x08009254      0x160 ./USB_Device/App/usbd_desc.o
                0x08009254                USBD_CDC_SerialStrDescriptor
 .text.HAL_PCD_MspInit
                0x080093b4       0x94 ./USB_Device/Target/usbd_conf.o
                0x080093b4                HAL_PCD_MspInit
 .text.HAL_PCD_SetupStageCallback
                0x08009448       0x14 ./USB_Device/Target/usbd_conf.o
                0x08009448                HAL_PCD_SetupStageCallback
 .text.HAL_PCD_DataOutStageCallback
                0x0800945c       0x1c ./USB_Device/Target/usbd_conf.o
                0x0800945c                HAL_PCD_DataOutStageCallback
 .text.HAL_PCD_DataInStageCallback
                0x08009478       0x18 ./USB_Device/Target/usbd_conf.o
                0x08009478                HAL_PCD_DataInStageCallback
 .text.HAL_PCD_SOFCallback
                0x08009490       0x10 ./USB_Device/Target/usbd_conf.o
                0x08009490                HAL_PCD_SOFCallback
 .text.HAL_PCD_ResetCallback
                0x080094a0       0x24 ./USB_Device/Target/usbd_conf.o
                0x080094a0                HAL_PCD_ResetCallback
 .text.HAL_PCD_SuspendCallback
                0x080094c4       0x24 ./USB_Device/Target/usbd_conf.o
                0x080094c4                HAL_PCD_SuspendCallback
 .text.HAL_PCD_ResumeCallback
                0x080094e8       0x2c ./USB_Device/Target/usbd_conf.o
                0x080094e8                HAL_PCD_ResumeCallback
 .text.USBD_LL_Init
                0x08009514       0x88 ./USB_Device/Target/usbd_conf.o
                0x08009514                USBD_LL_Init
 .text.USBD_LL_Start
                0x0800959c       0x20 ./USB_Device/Target/usbd_conf.o
                0x0800959c                USBD_LL_Start
 .text.USBD_LL_OpenEP
                0x080095bc       0x28 ./USB_Device/Target/usbd_conf.o
                0x080095bc                USBD_LL_OpenEP
 .text.USBD_LL_CloseEP
                0x080095e4       0x20 ./USB_Device/Target/usbd_conf.o
                0x080095e4                USBD_LL_CloseEP
 .text.USBD_LL_StallEP
                0x08009604       0x20 ./USB_Device/Target/usbd_conf.o
                0x08009604                USBD_LL_StallEP
 .text.USBD_LL_ClearStallEP
                0x08009624       0x20 ./USB_Device/Target/usbd_conf.o
                0x08009624                USBD_LL_ClearStallEP
 .text.USBD_LL_IsStallEP
                0x08009644       0x2c ./USB_Device/Target/usbd_conf.o
                0x08009644                USBD_LL_IsStallEP
 .text.USBD_LL_SetUSBAddress
                0x08009670       0x20 ./USB_Device/Target/usbd_conf.o
                0x08009670                USBD_LL_SetUSBAddress
 .text.USBD_LL_Transmit
                0x08009690       0x20 ./USB_Device/Target/usbd_conf.o
                0x08009690                USBD_LL_Transmit
 .text.USBD_LL_PrepareReceive
                0x080096b0       0x20 ./USB_Device/Target/usbd_conf.o
                0x080096b0                USBD_LL_PrepareReceive
 .text.USBD_LL_GetRxDataSize
                0x080096d0       0x10 ./USB_Device/Target/usbd_conf.o
                0x080096d0                USBD_LL_GetRxDataSize
 .text.HAL_PCDEx_LPM_Callback
                0x080096e0       0x50 ./USB_Device/Target/usbd_conf.o
                0x080096e0                HAL_PCDEx_LPM_Callback
 .text.USBD_static_malloc
                0x08009730        0x8 ./USB_Device/Target/usbd_conf.o
                0x08009730                USBD_static_malloc
 .text.USBD_static_free
                0x08009738        0x4 ./USB_Device/Target/usbd_conf.o
                0x08009738                USBD_static_free
 .text.memset   0x0800973c       0x10 C:/ST/STM32CubeIDE_1.16.1/STM32CubeIDE/plugins/com.st.stm32cube.ide.mcu.externaltools.gnu-tools-for-stm32.13.3.rel1.win32_1.0.0.202411081344/tools/bin/../lib/gcc/arm-none-eabi/13.3.1/../../../../arm-none-eabi/lib/thumb/v6-m/nofp\libc_nano.a(libc_a-memset.o)
                0x0800973c                memset
 .text.__libc_init_array
                0x0800974c       0x48 C:/ST/STM32CubeIDE_1.16.1/STM32CubeIDE/plugins/com.st.stm32cube.ide.mcu.externaltools.gnu-tools-for-stm32.13.3.rel1.win32_1.0.0.202411081344/tools/bin/../lib/gcc/arm-none-eabi/13.3.1/../../../../arm-none-eabi/lib/thumb/v6-m/nofp\libc_nano.a(libc_a-init.o)
                0x0800974c                __libc_init_array
 .text.memcpy   0x08009794       0x12 C:/ST/STM32CubeIDE_1.16.1/STM32CubeIDE/plugins/com.st.stm32cube.ide.mcu.externaltools.gnu-tools-for-stm32.13.3.rel1.win32_1.0.0.202411081344/tools/bin/../lib/gcc/arm-none-eabi/13.3.1/../../../../arm-none-eabi/lib/thumb/v6-m/nofp\libc_nano.a(libc_a-memcpy-stub.o)
                0x08009794                memcpy
 *(.glue_7)
 .glue_7        0x080097a6        0x0 linker stubs
 *(.glue_7t)
 .glue_7t       0x080097a6        0x0 linker stubs
 *(.eh_frame)
 *fill*         0x080097a6        0x2 
 .eh_frame      0x080097a8        0x0 C:/ST/STM32CubeIDE_1.16.1/STM32CubeIDE/plugins/com.st.stm32cube.ide.mcu.externaltools.gnu-tools-for-stm32.13.3.rel1.win32_1.0.0.202411081344/tools/bin/../lib/gcc/arm-none-eabi/13.3.1/thumb/v6-m/nofp/crtbegin.o
 *(.init)
 .init          0x080097a8        0x4 C:/ST/STM32CubeIDE_1.16.1/STM32CubeIDE/plugins/com.st.stm32cube.ide.mcu.externaltools.gnu-tools-for-stm32.13.3.rel1.win32_1.0.0.202411081344/tools/bin/../lib/gcc/arm-none-eabi/13.3.1/thumb/v6-m/nofp/crti.o
                0x080097a8                _init
 .init          0x080097ac        0x8 C:/ST/STM32CubeIDE_1.16.1/STM32CubeIDE/plugins/com.st.stm32cube.ide.mcu.externaltools.gnu-tools-for-stm32.13.3.rel1.win32_1.0.0.202411081344/tools/bin/../lib/gcc/arm-none-eabi/13.3.1/thumb/v6-m/nofp/crtn.o
 *(.fini)
 .fini          0x080097b4        0x4 C:/ST/STM32CubeIDE_1.16.1/STM32CubeIDE/plugins/com.st.stm32cube.ide.mcu.externaltools.gnu-tools-for-stm32.13.3.rel1.win32_1.0.0.202411081344/tools/bin/../lib/gcc/arm-none-eabi/13.3.1/thumb/v6-m/nofp/crti.o
                0x080097b4                _fini
 .fini          0x080097b8        0x8 C:/ST/STM32CubeIDE_1.16.1/STM32CubeIDE/plugins/com.st.stm32cube.ide.mcu.externaltools.gnu-tools-for-stm32.13.3.rel1.win32_1.0.0.202411081344/tools/bin/../lib/gcc/arm-none-eabi/13.3.1/thumb/v6-m/nofp/crtn.o
                0x080097c0                        . = ALIGN (0x4)
                0x080097c0                        _etext = .

.vfp11_veneer   0x080097c0        0x0
 .vfp11_veneer  0x080097c0        0x0 linker stubs

.v4_bx          0x080097c0        0x0
 .v4_bx         0x080097c0        0x0 linker stubs

.iplt           0x080097c0        0x0
 .iplt          0x080097c0        0x0 C:/ST/STM32CubeIDE_1.16.1/STM32CubeIDE/plugins/com.st.stm32cube.ide.mcu.externaltools.gnu-tools-for-stm32.13.3.rel1.win32_1.0.0.202411081344/tools/bin/../lib/gcc/arm-none-eabi/13.3.1/thumb/v6-m/nofp/crtbegin.o

.rodata         0x080097c0      0x180
                0x080097c0                        . = ALIGN (0x4)
 *(.rodata)
 *(.rodata*)
 .rodata.SUB_US_DIV
                0x080097c0        0x4 ./Core/Src/main.o
                0x080097c0                SUB_US_DIV
 .rodata.APBPrescTable
                0x080097c4       0x20 ./Core/Src/system_stm32g0xx.o
                0x080097c4                APBPrescTable
 .rodata.AHBPrescTable
                0x080097e4       0x40 ./Core/Src/system_stm32g0xx.o
                0x080097e4                AHBPrescTable
 .rodata.UARTPrescTable
                0x08009824       0x18 ./Drivers/STM32G0xx_HAL_Driver/Src/stm32g0xx_hal_uart.o
                0x08009824                UARTPrescTable
 .rodata.CSWTCH.85
                0x0800983c       0x2c ./Drivers/STM32G0xx_HAL_Driver/Src/stm32g0xx_hal_usart.o
 .rodata.denominator.0
                0x08009868        0x8 ./Drivers/STM32G0xx_HAL_Driver/Src/stm32g0xx_hal_usart_ex.o
 .rodata.numerator.1
                0x08009870        0x8 ./Drivers/STM32G0xx_HAL_Driver/Src/stm32g0xx_hal_usart_ex.o
 .rodata.USBD_StdDevReq
                0x08009878       0x80 ./Middlewares/ST/STM32_USB_Device_Library/Core/Src/usbd_ctlreq.o
 .rodata.USBD_CDC_ManufacturerStrDescriptor.str1.4
                0x080098f8       0x46 ./USB_Device/App/usbd_desc.o
                                 0x13 (size before relaxing)
 .rodata.USBD_CDC_ProductStrDescriptor.str1.4
                0x0800993e       0x16 ./USB_Device/App/usbd_desc.o
 .rodata.USBD_CDC_ConfigStrDescriptor.str1.4
                0x0800993e        0xb ./USB_Device/App/usbd_desc.o
 .rodata.USBD_CDC_InterfaceStrDescriptor.str1.4
                0x0800993e        0xe ./USB_Device/App/usbd_desc.o
                0x08009954                        . = ALIGN (0x4)
 *fill*         0x0800993e        0x2 

.ARM.extab      0x08009940        0x0
                0x08009940                        . = ALIGN (0x4)
 *(.ARM.extab* .gnu.linkonce.armextab.*)
                0x08009940                        . = ALIGN (0x4)

.ARM            0x08009940        0x8
                0x08009940                        . = ALIGN (0x4)
                0x08009940                        __exidx_start = .
 *(.ARM.exidx*)
 .ARM.exidx     0x08009940        0x8 C:/ST/STM32CubeIDE_1.16.1/STM32CubeIDE/plugins/com.st.stm32cube.ide.mcu.externaltools.gnu-tools-for-stm32.13.3.rel1.win32_1.0.0.202411081344/tools/bin/../lib/gcc/arm-none-eabi/13.3.1/thumb/v6-m/nofp\libgcc.a(_udivmoddi4.o)
                0x08009948                        __exidx_end = .
                0x08009948                        . = ALIGN (0x4)

.preinit_array  0x08009948        0x0
                0x08009948                        . = ALIGN (0x4)
                0x08009948                        PROVIDE (__preinit_array_start = .)
 *(.preinit_array*)
                0x08009948                        PROVIDE (__preinit_array_end = .)
                0x08009948                        . = ALIGN (0x4)

.init_array     0x08009948        0x4
                0x08009948                        . = ALIGN (0x4)
                0x08009948                        PROVIDE (__init_array_start = .)
 *(SORT_BY_NAME(.init_array.*))
 *(.init_array*)
 .init_array    0x08009948        0x4 C:/ST/STM32CubeIDE_1.16.1/STM32CubeIDE/plugins/com.st.stm32cube.ide.mcu.externaltools.gnu-tools-for-stm32.13.3.rel1.win32_1.0.0.202411081344/tools/bin/../lib/gcc/arm-none-eabi/13.3.1/thumb/v6-m/nofp/crtbegin.o
                0x0800994c                        PROVIDE (__init_array_end = .)
                0x0800994c                        . = ALIGN (0x4)

.fini_array     0x0800994c        0x4
                0x0800994c                        . = ALIGN (0x4)
                [!provide]                        PROVIDE (__fini_array_start = .)
 *(SORT_BY_NAME(.fini_array.*))
 *(.fini_array*)
 .fini_array    0x0800994c        0x4 C:/ST/STM32CubeIDE_1.16.1/STM32CubeIDE/plugins/com.st.stm32cube.ide.mcu.externaltools.gnu-tools-for-stm32.13.3.rel1.win32_1.0.0.202411081344/tools/bin/../lib/gcc/arm-none-eabi/13.3.1/thumb/v6-m/nofp/crtbegin.o
                [!provide]                        PROVIDE (__fini_array_end = .)
                0x08009950                        . = ALIGN (0x4)
                0x08009950                        _sidata = LOADADDR (.data)

.rel.dyn        0x08009950        0x0
 .rel.iplt      0x08009950        0x0 C:/ST/STM32CubeIDE_1.16.1/STM32CubeIDE/plugins/com.st.stm32cube.ide.mcu.externaltools.gnu-tools-for-stm32.13.3.rel1.win32_1.0.0.202411081344/tools/bin/../lib/gcc/arm-none-eabi/13.3.1/thumb/v6-m/nofp/crtbegin.o

.data           0x20000000      0x23c load address 0x08009950
                0x20000000                        . = ALIGN (0x4)
                0x20000000                        _sdata = .
 *(.data)
 *(.data*)
 .data.cmd_fnc_lst
                0x20000000      0x114 ./Core/Src/main.o
                0x20000000                cmd_fnc_lst
 .data.TMC2209_usteps_exp_int_to_bits
                0x20000114        0x9 ./Core/Src/main.o
                0x20000114                TMC2209_usteps_exp_int_to_bits
 *fill*         0x2000011d        0x3 
 .data.m3_step_interval
                0x20000120        0x4 ./Core/Src/main.o
                0x20000120                m3_step_interval
 .data.m3_enabled_pin_state
                0x20000124        0x1 ./Core/Src/main.o
                0x20000124                m3_enabled_pin_state
 .data.m3_finite_mode
                0x20000125        0x1 ./Core/Src/main.o
                0x20000125                m3_finite_mode
 *fill*         0x20000126        0x2 
 .data.m2_step_interval
                0x20000128        0x4 ./Core/Src/main.o
                0x20000128                m2_step_interval
 .data.m2_enabled_pin_state
                0x2000012c        0x1 ./Core/Src/main.o
                0x2000012c                m2_enabled_pin_state
 .data.m2_finite_mode
                0x2000012d        0x1 ./Core/Src/main.o
                0x2000012d                m2_finite_mode
 *fill*         0x2000012e        0x2 
 .data.m1_step_interval
                0x20000130        0x4 ./Core/Src/main.o
                0x20000130                m1_step_interval
 .data.m1_enabled_pin_state
                0x20000134        0x1 ./Core/Src/main.o
                0x20000134                m1_enabled_pin_state
 .data.m1_finite_mode
                0x20000135        0x1 ./Core/Src/main.o
                0x20000135                m1_finite_mode
 *fill*         0x20000136        0x2 
 .data.m0_step_interval
                0x20000138        0x4 ./Core/Src/main.o
                0x20000138                m0_step_interval
 .data.m0_enabled_pin_state
                0x2000013c        0x1 ./Core/Src/main.o
                0x2000013c                m0_enabled_pin_state
 .data.m0_finite_mode
                0x2000013d        0x1 ./Core/Src/main.o
                0x2000013d                m0_finite_mode
 .data.snd_byte_cnt
                0x2000013e        0x1 ./Core/Src/main.o
                0x2000013e                snd_byte_cnt
 *fill*         0x2000013f        0x1 
 .data.SystemCoreClock
                0x20000140        0x4 ./Core/Src/system_stm32g0xx.o
                0x20000140                SystemCoreClock
 .data.uwTickFreq
                0x20000144        0x1 ./Drivers/STM32G0xx_HAL_Driver/Src/stm32g0xx_hal.o
                0x20000144                uwTickFreq
 *fill*         0x20000145        0x3 
 .data.uwTickPrio
                0x20000148        0x4 ./Drivers/STM32G0xx_HAL_Driver/Src/stm32g0xx_hal.o
                0x20000148                uwTickPrio
 .data.USBD_CDC_CfgDesc
                0x2000014c       0x43 ./Middlewares/ST/STM32_USB_Device_Library/Class/CDC/Src/usbd_cdc.o
 *fill*         0x2000018f        0x1 
 .data.USBD_CDC
                0x20000190       0x38 ./Middlewares/ST/STM32_USB_Device_Library/Class/CDC/Src/usbd_cdc.o
                0x20000190                USBD_CDC
 .data.USBD_CDC_DeviceQualifierDesc
                0x200001c8        0xa ./Middlewares/ST/STM32_USB_Device_Library/Class/CDC/Src/usbd_cdc.o
 *fill*         0x200001d2        0x2 
 .data.USBD_Interface_fops_FS
                0x200001d4       0x14 ./USB_Device/App/usbd_cdc_if.o
                0x200001d4                USBD_Interface_fops_FS
 .data.USBD_StringSerial
                0x200001e8       0x1a ./USB_Device/App/usbd_desc.o
                0x200001e8                USBD_StringSerial
 *fill*         0x20000202        0x2 
 .data.USBD_LangIDDesc
                0x20000204        0x4 ./USB_Device/App/usbd_desc.o
                0x20000204                USBD_LangIDDesc
 .data.USBD_CDC_DeviceDesc
                0x20000208       0x12 ./USB_Device/App/usbd_desc.o
                0x20000208                USBD_CDC_DeviceDesc
 *fill*         0x2000021a        0x2 
 .data.CDC_Desc
                0x2000021c       0x20 ./USB_Device/App/usbd_desc.o
                0x2000021c                CDC_Desc
 *(.RamFunc)
 *(.RamFunc*)
                0x2000023c                        . = ALIGN (0x4)
                0x2000023c                        _edata = .

.igot.plt       0x2000023c        0x0 load address 0x08009b8c
 .igot.plt      0x2000023c        0x0 C:/ST/STM32CubeIDE_1.16.1/STM32CubeIDE/plugins/com.st.stm32cube.ide.mcu.externaltools.gnu-tools-for-stm32.13.3.rel1.win32_1.0.0.202411081344/tools/bin/../lib/gcc/arm-none-eabi/13.3.1/thumb/v6-m/nofp/crtbegin.o
                0x2000023c                        . = ALIGN (0x4)

.bss            0x2000023c     0x21b0 load address 0x08009b8c
                0x2000023c                        _sbss = .
                0x2000023c                        __bss_start__ = _sbss
 *(.bss)
 .bss           0x2000023c       0x1c C:/ST/STM32CubeIDE_1.16.1/STM32CubeIDE/plugins/com.st.stm32cube.ide.mcu.externaltools.gnu-tools-for-stm32.13.3.rel1.win32_1.0.0.202411081344/tools/bin/../lib/gcc/arm-none-eabi/13.3.1/thumb/v6-m/nofp/crtbegin.o
 *(.bss*)
 .bss.TMC2209_ustep_exp_int_temp
                0x20000258        0x1 ./Core/Src/main.o
                0x20000258                TMC2209_ustep_exp_int_temp
 .bss.m3_dir_pin_state
                0x20000259        0x1 ./Core/Src/main.o
                0x20000259                m3_dir_pin_state
 .bss.m3_last_pulse
                0x2000025a        0x1 ./Core/Src/main.o
                0x2000025a                m3_last_pulse
 *fill*         0x2000025b        0x1 
 .bss.m3_target_steps
                0x2000025c        0x4 ./Core/Src/main.o
                0x2000025c                m3_target_steps
 .bss.m3_steps  0x20000260        0x4 ./Core/Src/main.o
                0x20000260                m3_steps
 .bss.m3_tick_last
                0x20000264        0x4 ./Core/Src/main.o
                0x20000264                m3_tick_last
 .bss.m3_running
                0x20000268        0x1 ./Core/Src/main.o
                0x20000268                m3_running
 .bss.m2_dir_pin_state
                0x20000269        0x1 ./Core/Src/main.o
                0x20000269                m2_dir_pin_state
 .bss.m2_last_pulse
                0x2000026a        0x1 ./Core/Src/main.o
                0x2000026a                m2_last_pulse
 *fill*         0x2000026b        0x1 
 .bss.m2_target_steps
                0x2000026c        0x4 ./Core/Src/main.o
                0x2000026c                m2_target_steps
 .bss.m2_steps  0x20000270        0x4 ./Core/Src/main.o
                0x20000270                m2_steps
 .bss.m2_tick_last
                0x20000274        0x4 ./Core/Src/main.o
                0x20000274                m2_tick_last
 .bss.m2_running
                0x20000278        0x1 ./Core/Src/main.o
                0x20000278                m2_running
 .bss.m1_dir_pin_state
                0x20000279        0x1 ./Core/Src/main.o
                0x20000279                m1_dir_pin_state
 .bss.m1_last_pulse
                0x2000027a        0x1 ./Core/Src/main.o
                0x2000027a                m1_last_pulse
 *fill*         0x2000027b        0x1 
 .bss.m1_target_steps
                0x2000027c        0x4 ./Core/Src/main.o
                0x2000027c                m1_target_steps
 .bss.m1_steps  0x20000280        0x4 ./Core/Src/main.o
                0x20000280                m1_steps
 .bss.m1_tick_last
                0x20000284        0x4 ./Core/Src/main.o
                0x20000284                m1_tick_last
 .bss.m1_running
                0x20000288        0x1 ./Core/Src/main.o
                0x20000288                m1_running
 .bss.m0_dir_pin_state
                0x20000289        0x1 ./Core/Src/main.o
                0x20000289                m0_dir_pin_state
 .bss.m0_last_pulse
                0x2000028a        0x1 ./Core/Src/main.o
                0x2000028a                m0_last_pulse
 *fill*         0x2000028b        0x1 
 .bss.m0_target_steps
                0x2000028c        0x4 ./Core/Src/main.o
                0x2000028c                m0_target_steps
 .bss.m0_steps  0x20000290        0x4 ./Core/Src/main.o
                0x20000290                m0_steps
 .bss.m0_tick_last
                0x20000294        0x4 ./Core/Src/main.o
                0x20000294                m0_tick_last
 .bss.m0_running
                0x20000298        0x1 ./Core/Src/main.o
                0x20000298                m0_running
 *fill*         0x20000299        0x3 
 .bss.m3_tick_delta
                0x2000029c        0x4 ./Core/Src/main.o
                0x2000029c                m3_tick_delta
 .bss.m2_tick_delta
                0x200002a0        0x4 ./Core/Src/main.o
                0x200002a0                m2_tick_delta
 .bss.m1_tick_delta
                0x200002a4        0x4 ./Core/Src/main.o
                0x200002a4                m1_tick_delta
 .bss.m0_tick_delta
                0x200002a8        0x4 ./Core/Src/main.o
                0x200002a8                m0_tick_delta
 .bss.checksum  0x200002ac        0x1 ./Core/Src/main.o
                0x200002ac                checksum
 *fill*         0x200002ad        0x3 
 .bss.snd_last_tick
                0x200002b0        0x4 ./Core/Src/main.o
                0x200002b0                snd_last_tick
 .bss.rcv_last_tick
                0x200002b4        0x4 ./Core/Src/main.o
                0x200002b4                rcv_last_tick
 .bss.rcv_uart_cnt
                0x200002b8        0x1 ./Core/Src/main.o
                0x200002b8                rcv_uart_cnt
 .bss.rcv_usb_cnt
                0x200002b9        0x1 ./Core/Src/main.o
                0x200002b9                rcv_usb_cnt
 *fill*         0x200002ba        0x2 
 .bss.snd_buffer
                0x200002bc      0x100 ./Core/Src/main.o
                0x200002bc                snd_buffer
 .bss.rcv_uart_read_ind
                0x200003bc        0x1 ./Core/Src/main.o
                0x200003bc                rcv_uart_read_ind
 .bss.rcv_uart_write_ind
                0x200003bd        0x1 ./Core/Src/main.o
                0x200003bd                rcv_uart_write_ind
 .bss.rcv_usb_read_ind
                0x200003be        0x1 ./Core/Src/main.o
                0x200003be                rcv_usb_read_ind
 .bss.rcv_usb_write_ind
                0x200003bf        0x1 ./Core/Src/main.o
                0x200003bf                rcv_usb_write_ind
 .bss.rcv_uart_buffer
                0x200003c0      0x100 ./Core/Src/main.o
                0x200003c0                rcv_uart_buffer
 .bss.rcv_usb_buffer
                0x200004c0      0x100 ./Core/Src/main.o
                0x200004c0                rcv_usb_buffer
 .bss.rcv_buffer
                0x200005c0      0x100 ./Core/Src/main.o
                0x200005c0                rcv_buffer
 .bss.hdma_usart5_tx
                0x200006c0       0x60 ./Core/Src/main.o
                0x200006c0                hdma_usart5_tx
 .bss.hdma_usart5_rx
                0x20000720       0x60 ./Core/Src/main.o
                0x20000720                hdma_usart5_rx
 .bss.huart5    0x20000780       0x94 ./Core/Src/main.o
                0x20000780                huart5
 .bss.husart3   0x20000814       0x60 ./Core/Src/main.o
                0x20000814                husart3
 .bss.htim2     0x20000874       0x4c ./Core/Src/main.o
                0x20000874                htim2
 .bss.TMC2209_motors
                0x200008c0       0xe0 ./Core/Src/tmc2209_d.o
                0x200008c0                TMC2209_motors
 .bss.TMC2209_write_reg_msg
                0x200009a0        0x8 ./Core/Src/tmc2209_d.o
                0x200009a0                TMC2209_write_reg_msg
 .bss.TMC2209_huart
                0x200009a8       0x60 ./Core/Src/tmc2209_d.o
                0x200009a8                TMC2209_huart
 .bss.uwTick    0x20000a08        0x4 ./Drivers/STM32G0xx_HAL_Driver/Src/stm32g0xx_hal.o
                0x20000a08                uwTick
 .bss.cfgidx.0  0x20000a0c        0x1 ./Middlewares/ST/STM32_USB_Device_Library/Core/Src/usbd_ctlreq.o
 *fill*         0x20000a0d        0x3 
 .bss.hUsbDeviceFS
                0x20000a10      0x2dc ./USB_Device/App/usb_device.o
                0x20000a10                hUsbDeviceFS
 .bss.UserTxBufferFS
                0x20000cec      0x800 ./USB_Device/App/usbd_cdc_if.o
                0x20000cec                UserTxBufferFS
 .bss.UserRxBufferFS
                0x200014ec      0x800 ./USB_Device/App/usbd_cdc_if.o
                0x200014ec                UserRxBufferFS
 .bss.USBD_StrDesc
                0x20001cec      0x200 ./USB_Device/App/usbd_desc.o
                0x20001cec                USBD_StrDesc
 .bss.mem.0     0x20001eec      0x220 ./USB_Device/Target/usbd_conf.o
 .bss.hpcd_USB_DRD_FS
                0x2000210c      0x2e0 ./USB_Device/Target/usbd_conf.o
                0x2000210c                hpcd_USB_DRD_FS
 *(COMMON)
                0x200023ec                        . = ALIGN (0x4)
                0x200023ec                        _ebss = .
                0x200023ec                        __bss_end__ = _ebss

._user_heap_stack
                0x200023ec      0x604 load address 0x08009b8c
                0x200023f0                        . = ALIGN (0x8)
 *fill*         0x200023ec        0x4 
                [!provide]                        PROVIDE (end = .)
                0x200023f0                        PROVIDE (_end = .)
                0x200025f0                        . = (. + _Min_Heap_Size)
 *fill*         0x200023f0      0x200 
                0x200029f0                        . = (. + _Min_Stack_Size)
 *fill*         0x200025f0      0x400 
                0x200029f0                        . = ALIGN (0x8)

/DISCARD/
 libc.a(*)
 libm.a(*)
 libgcc.a(*)

.ARM.attributes
                0x00000000       0x28
 *(.ARM.attributes)
 .ARM.attributes
                0x00000000       0x1e C:/ST/STM32CubeIDE_1.16.1/STM32CubeIDE/plugins/com.st.stm32cube.ide.mcu.externaltools.gnu-tools-for-stm32.13.3.rel1.win32_1.0.0.202411081344/tools/bin/../lib/gcc/arm-none-eabi/13.3.1/thumb/v6-m/nofp/crti.o
 .ARM.attributes
                0x0000001e       0x2c C:/ST/STM32CubeIDE_1.16.1/STM32CubeIDE/plugins/com.st.stm32cube.ide.mcu.externaltools.gnu-tools-for-stm32.13.3.rel1.win32_1.0.0.202411081344/tools/bin/../lib/gcc/arm-none-eabi/13.3.1/thumb/v6-m/nofp/crtbegin.o
 .ARM.attributes
                0x0000004a       0x2c ./Core/Src/main.o
 .ARM.attributes
                0x00000076       0x2c ./Core/Src/stm32g0xx_hal_msp.o
 .ARM.attributes
                0x000000a2       0x2c ./Core/Src/stm32g0xx_it.o
 .ARM.attributes
                0x000000ce       0x2c ./Core/Src/system_stm32g0xx.o
 .ARM.attributes
                0x000000fa       0x2c ./Core/Src/tmc2209_d.o
 .ARM.attributes
                0x00000126       0x22 ./Core/Startup/startup_stm32g0b1retx.o
 .ARM.attributes
                0x00000148       0x2c ./Drivers/STM32G0xx_HAL_Driver/Src/stm32g0xx_hal.o
 .ARM.attributes
                0x00000174       0x2c ./Drivers/STM32G0xx_HAL_Driver/Src/stm32g0xx_hal_cortex.o
 .ARM.attributes
                0x000001a0       0x2c ./Drivers/STM32G0xx_HAL_Driver/Src/stm32g0xx_hal_dma.o
 .ARM.attributes
                0x000001cc       0x2c ./Drivers/STM32G0xx_HAL_Driver/Src/stm32g0xx_hal_gpio.o
 .ARM.attributes
                0x000001f8       0x2c ./Drivers/STM32G0xx_HAL_Driver/Src/stm32g0xx_hal_pcd.o
 .ARM.attributes
                0x00000224       0x2c ./Drivers/STM32G0xx_HAL_Driver/Src/stm32g0xx_hal_pcd_ex.o
 .ARM.attributes
                0x00000250       0x2c ./Drivers/STM32G0xx_HAL_Driver/Src/stm32g0xx_hal_pwr_ex.o
 .ARM.attributes
                0x0000027c       0x2c ./Drivers/STM32G0xx_HAL_Driver/Src/stm32g0xx_hal_rcc.o
 .ARM.attributes
                0x000002a8       0x2c ./Drivers/STM32G0xx_HAL_Driver/Src/stm32g0xx_hal_rcc_ex.o
 .ARM.attributes
                0x000002d4       0x2c ./Drivers/STM32G0xx_HAL_Driver/Src/stm32g0xx_hal_tim.o
 .ARM.attributes
                0x00000300       0x2c ./Drivers/STM32G0xx_HAL_Driver/Src/stm32g0xx_hal_tim_ex.o
 .ARM.attributes
                0x0000032c       0x2c ./Drivers/STM32G0xx_HAL_Driver/Src/stm32g0xx_hal_uart.o
 .ARM.attributes
                0x00000358       0x2c ./Drivers/STM32G0xx_HAL_Driver/Src/stm32g0xx_hal_uart_ex.o
 .ARM.attributes
                0x00000384       0x2c ./Drivers/STM32G0xx_HAL_Driver/Src/stm32g0xx_hal_usart.o
 .ARM.attributes
                0x000003b0       0x2c ./Drivers/STM32G0xx_HAL_Driver/Src/stm32g0xx_hal_usart_ex.o
 .ARM.attributes
                0x000003dc       0x2c ./Drivers/STM32G0xx_HAL_Driver/Src/stm32g0xx_ll_usb.o
 .ARM.attributes
                0x00000408       0x2c ./Middlewares/ST/STM32_USB_Device_Library/Class/CDC/Src/usbd_cdc.o
 .ARM.attributes
                0x00000434       0x2c ./Middlewares/ST/STM32_USB_Device_Library/Core/Src/usbd_core.o
 .ARM.attributes
                0x00000460       0x2c ./Middlewares/ST/STM32_USB_Device_Library/Core/Src/usbd_ctlreq.o
 .ARM.attributes
                0x0000048c       0x2c ./Middlewares/ST/STM32_USB_Device_Library/Core/Src/usbd_ioreq.o
 .ARM.attributes
                0x000004b8       0x2c ./USB_Device/App/usb_device.o
 .ARM.attributes
                0x000004e4       0x2c ./USB_Device/App/usbd_cdc_if.o
 .ARM.attributes
                0x00000510       0x2c ./USB_Device/App/usbd_desc.o
 .ARM.attributes
                0x0000053c       0x2c ./USB_Device/Target/usbd_conf.o
 .ARM.attributes
                0x00000568       0x2c C:/ST/STM32CubeIDE_1.16.1/STM32CubeIDE/plugins/com.st.stm32cube.ide.mcu.externaltools.gnu-tools-for-stm32.13.3.rel1.win32_1.0.0.202411081344/tools/bin/../lib/gcc/arm-none-eabi/13.3.1/../../../../arm-none-eabi/lib/thumb/v6-m/nofp\libc_nano.a(libc_a-memset.o)
 .ARM.attributes
                0x00000594       0x2c C:/ST/STM32CubeIDE_1.16.1/STM32CubeIDE/plugins/com.st.stm32cube.ide.mcu.externaltools.gnu-tools-for-stm32.13.3.rel1.win32_1.0.0.202411081344/tools/bin/../lib/gcc/arm-none-eabi/13.3.1/../../../../arm-none-eabi/lib/thumb/v6-m/nofp\libc_nano.a(libc_a-init.o)
 .ARM.attributes
                0x000005c0       0x2c C:/ST/STM32CubeIDE_1.16.1/STM32CubeIDE/plugins/com.st.stm32cube.ide.mcu.externaltools.gnu-tools-for-stm32.13.3.rel1.win32_1.0.0.202411081344/tools/bin/../lib/gcc/arm-none-eabi/13.3.1/../../../../arm-none-eabi/lib/thumb/v6-m/nofp\libc_nano.a(libc_a-memcpy-stub.o)
 .ARM.attributes
                0x000005ec       0x1c C:/ST/STM32CubeIDE_1.16.1/STM32CubeIDE/plugins/com.st.stm32cube.ide.mcu.externaltools.gnu-tools-for-stm32.13.3.rel1.win32_1.0.0.202411081344/tools/bin/../lib/gcc/arm-none-eabi/13.3.1/../../../../arm-none-eabi/lib/thumb/v6-m/nofp\libc_nano.a(libc_a-strlen.o)
 .ARM.attributes
                0x00000608       0x1e C:/ST/STM32CubeIDE_1.16.1/STM32CubeIDE/plugins/com.st.stm32cube.ide.mcu.externaltools.gnu-tools-for-stm32.13.3.rel1.win32_1.0.0.202411081344/tools/bin/../lib/gcc/arm-none-eabi/13.3.1/thumb/v6-m/nofp\libgcc.a(_udivsi3.o)
 .ARM.attributes
                0x00000626       0x1e C:/ST/STM32CubeIDE_1.16.1/STM32CubeIDE/plugins/com.st.stm32cube.ide.mcu.externaltools.gnu-tools-for-stm32.13.3.rel1.win32_1.0.0.202411081344/tools/bin/../lib/gcc/arm-none-eabi/13.3.1/thumb/v6-m/nofp\libgcc.a(_divsi3.o)
 .ARM.attributes
                0x00000644       0x1e C:/ST/STM32CubeIDE_1.16.1/STM32CubeIDE/plugins/com.st.stm32cube.ide.mcu.externaltools.gnu-tools-for-stm32.13.3.rel1.win32_1.0.0.202411081344/tools/bin/../lib/gcc/arm-none-eabi/13.3.1/thumb/v6-m/nofp\libgcc.a(_dvmd_tls.o)
 .ARM.attributes
                0x00000662       0x1e C:/ST/STM32CubeIDE_1.16.1/STM32CubeIDE/plugins/com.st.stm32cube.ide.mcu.externaltools.gnu-tools-for-stm32.13.3.rel1.win32_1.0.0.202411081344/tools/bin/../lib/gcc/arm-none-eabi/13.3.1/thumb/v6-m/nofp\libgcc.a(_aeabi_uldivmod.o)
 .ARM.attributes
                0x00000680       0x2c C:/ST/STM32CubeIDE_1.16.1/STM32CubeIDE/plugins/com.st.stm32cube.ide.mcu.externaltools.gnu-tools-for-stm32.13.3.rel1.win32_1.0.0.202411081344/tools/bin/../lib/gcc/arm-none-eabi/13.3.1/thumb/v6-m/nofp\libgcc.a(_udivmoddi4.o)
 .ARM.attributes
                0x000006ac       0x1e C:/ST/STM32CubeIDE_1.16.1/STM32CubeIDE/plugins/com.st.stm32cube.ide.mcu.externaltools.gnu-tools-for-stm32.13.3.rel1.win32_1.0.0.202411081344/tools/bin/../lib/gcc/arm-none-eabi/13.3.1/thumb/v6-m/nofp\libgcc.a(_clzdi2.o)
 .ARM.attributes
                0x000006ca       0x1e C:/ST/STM32CubeIDE_1.16.1/STM32CubeIDE/plugins/com.st.stm32cube.ide.mcu.externaltools.gnu-tools-for-stm32.13.3.rel1.win32_1.0.0.202411081344/tools/bin/../lib/gcc/arm-none-eabi/13.3.1/thumb/v6-m/nofp\libgcc.a(_clzsi2.o)
 .ARM.attributes
                0x000006e8       0x1e C:/ST/STM32CubeIDE_1.16.1/STM32CubeIDE/plugins/com.st.stm32cube.ide.mcu.externaltools.gnu-tools-for-stm32.13.3.rel1.win32_1.0.0.202411081344/tools/bin/../lib/gcc/arm-none-eabi/13.3.1/thumb/v6-m/nofp/crtn.o
OUTPUT(HiPeristaltic.elf elf32-littlearm)
LOAD linker stubs
LOAD C:/ST/STM32CubeIDE_1.16.1/STM32CubeIDE/plugins/com.st.stm32cube.ide.mcu.externaltools.gnu-tools-for-stm32.13.3.rel1.win32_1.0.0.202411081344/tools/bin/../lib/gcc/arm-none-eabi/13.3.1/../../../../arm-none-eabi/lib/thumb/v6-m/nofp\libc.a
LOAD C:/ST/STM32CubeIDE_1.16.1/STM32CubeIDE/plugins/com.st.stm32cube.ide.mcu.externaltools.gnu-tools-for-stm32.13.3.rel1.win32_1.0.0.202411081344/tools/bin/../lib/gcc/arm-none-eabi/13.3.1/../../../../arm-none-eabi/lib/thumb/v6-m/nofp\libm.a
LOAD C:/ST/STM32CubeIDE_1.16.1/STM32CubeIDE/plugins/com.st.stm32cube.ide.mcu.externaltools.gnu-tools-for-stm32.13.3.rel1.win32_1.0.0.202411081344/tools/bin/../lib/gcc/arm-none-eabi/13.3.1/thumb/v6-m/nofp\libgcc.a

.comment        0x00000000       0x43
 .comment       0x00000000       0x43 ./Core/Src/main.o
                                 0x44 (size before relaxing)
 .comment       0x00000043       0x44 ./Core/Src/stm32g0xx_hal_msp.o
 .comment       0x00000043       0x44 ./Core/Src/stm32g0xx_it.o
 .comment       0x00000043       0x44 ./Core/Src/system_stm32g0xx.o
 .comment       0x00000043       0x44 ./Core/Src/tmc2209_d.o
 .comment       0x00000043       0x44 ./Drivers/STM32G0xx_HAL_Driver/Src/stm32g0xx_hal.o
 .comment       0x00000043       0x44 ./Drivers/STM32G0xx_HAL_Driver/Src/stm32g0xx_hal_cortex.o
 .comment       0x00000043       0x44 ./Drivers/STM32G0xx_HAL_Driver/Src/stm32g0xx_hal_dma.o
 .comment       0x00000043       0x44 ./Drivers/STM32G0xx_HAL_Driver/Src/stm32g0xx_hal_gpio.o
 .comment       0x00000043       0x44 ./Drivers/STM32G0xx_HAL_Driver/Src/stm32g0xx_hal_pcd.o
 .comment       0x00000043       0x44 ./Drivers/STM32G0xx_HAL_Driver/Src/stm32g0xx_hal_pcd_ex.o
 .comment       0x00000043       0x44 ./Drivers/STM32G0xx_HAL_Driver/Src/stm32g0xx_hal_pwr_ex.o
 .comment       0x00000043       0x44 ./Drivers/STM32G0xx_HAL_Driver/Src/stm32g0xx_hal_rcc.o
 .comment       0x00000043       0x44 ./Drivers/STM32G0xx_HAL_Driver/Src/stm32g0xx_hal_rcc_ex.o
 .comment       0x00000043       0x44 ./Drivers/STM32G0xx_HAL_Driver/Src/stm32g0xx_hal_tim.o
 .comment       0x00000043       0x44 ./Drivers/STM32G0xx_HAL_Driver/Src/stm32g0xx_hal_tim_ex.o
 .comment       0x00000043       0x44 ./Drivers/STM32G0xx_HAL_Driver/Src/stm32g0xx_hal_uart.o
 .comment       0x00000043       0x44 ./Drivers/STM32G0xx_HAL_Driver/Src/stm32g0xx_hal_uart_ex.o
 .comment       0x00000043       0x44 ./Drivers/STM32G0xx_HAL_Driver/Src/stm32g0xx_hal_usart.o
 .comment       0x00000043       0x44 ./Drivers/STM32G0xx_HAL_Driver/Src/stm32g0xx_hal_usart_ex.o
 .comment       0x00000043       0x44 ./Drivers/STM32G0xx_HAL_Driver/Src/stm32g0xx_ll_usb.o
 .comment       0x00000043       0x44 ./Middlewares/ST/STM32_USB_Device_Library/Class/CDC/Src/usbd_cdc.o
 .comment       0x00000043       0x44 ./Middlewares/ST/STM32_USB_Device_Library/Core/Src/usbd_core.o
 .comment       0x00000043       0x44 ./Middlewares/ST/STM32_USB_Device_Library/Core/Src/usbd_ctlreq.o
 .comment       0x00000043       0x44 ./Middlewares/ST/STM32_USB_Device_Library/Core/Src/usbd_ioreq.o
 .comment       0x00000043       0x44 ./USB_Device/App/usb_device.o
 .comment       0x00000043       0x44 ./USB_Device/App/usbd_cdc_if.o
 .comment       0x00000043       0x44 ./USB_Device/App/usbd_desc.o
 .comment       0x00000043       0x44 ./USB_Device/Target/usbd_conf.o

.debug_frame    0x00000000       0xf0
 .debug_frame   0x00000000       0x20 C:/ST/STM32CubeIDE_1.16.1/STM32CubeIDE/plugins/com.st.stm32cube.ide.mcu.externaltools.gnu-tools-for-stm32.13.3.rel1.win32_1.0.0.202411081344/tools/bin/../lib/gcc/arm-none-eabi/13.3.1/../../../../arm-none-eabi/lib/thumb/v6-m/nofp\libc_nano.a(libc_a-memset.o)
 .debug_frame   0x00000020       0x2c C:/ST/STM32CubeIDE_1.16.1/STM32CubeIDE/plugins/com.st.stm32cube.ide.mcu.externaltools.gnu-tools-for-stm32.13.3.rel1.win32_1.0.0.202411081344/tools/bin/../lib/gcc/arm-none-eabi/13.3.1/../../../../arm-none-eabi/lib/thumb/v6-m/nofp\libc_nano.a(libc_a-init.o)
 .debug_frame   0x0000004c       0x28 C:/ST/STM32CubeIDE_1.16.1/STM32CubeIDE/plugins/com.st.stm32cube.ide.mcu.externaltools.gnu-tools-for-stm32.13.3.rel1.win32_1.0.0.202411081344/tools/bin/../lib/gcc/arm-none-eabi/13.3.1/../../../../arm-none-eabi/lib/thumb/v6-m/nofp\libc_nano.a(libc_a-memcpy-stub.o)
 .debug_frame   0x00000074       0x20 C:/ST/STM32CubeIDE_1.16.1/STM32CubeIDE/plugins/com.st.stm32cube.ide.mcu.externaltools.gnu-tools-for-stm32.13.3.rel1.win32_1.0.0.202411081344/tools/bin/../lib/gcc/arm-none-eabi/13.3.1/thumb/v6-m/nofp\libgcc.a(_udivsi3.o)
 .debug_frame   0x00000094       0x20 C:/ST/STM32CubeIDE_1.16.1/STM32CubeIDE/plugins/com.st.stm32cube.ide.mcu.externaltools.gnu-tools-for-stm32.13.3.rel1.win32_1.0.0.202411081344/tools/bin/../lib/gcc/arm-none-eabi/13.3.1/thumb/v6-m/nofp\libgcc.a(_divsi3.o)
 .debug_frame   0x000000b4       0x3c C:/ST/STM32CubeIDE_1.16.1/STM32CubeIDE/plugins/com.st.stm32cube.ide.mcu.externaltools.gnu-tools-for-stm32.13.3.rel1.win32_1.0.0.202411081344/tools/bin/../lib/gcc/arm-none-eabi/13.3.1/thumb/v6-m/nofp\libgcc.a(_udivmoddi4.o)
