../Core/Src/main.c:299:6:get_m0_running	0	static
../Core/Src/main.c:353:6:get_m0_finite_mode	0	static
../Core/Src/main.c:359:6:set_m0_finite_mode	0	static
../Core/Src/main.c:364:6:get_m0_dir	0	static
../Core/Src/main.c:376:6:get_m0_enabled	0	static
../Core/Src/main.c:388:6:get_m1_running	0	static
../Core/Src/main.c:442:6:get_m1_finite_mode	0	static
../Core/Src/main.c:448:6:set_m1_finite_mode	0	static
../Core/Src/main.c:453:6:get_m1_dir	0	static
../Core/Src/main.c:465:6:get_m1_enabled	0	static
../Core/Src/main.c:477:6:get_m2_running	0	static
../Core/Src/main.c:531:6:get_m2_finite_mode	0	static
../Core/Src/main.c:537:6:set_m2_finite_mode	0	static
../Core/Src/main.c:542:6:get_m2_dir	0	static
../Core/Src/main.c:554:6:get_m2_enabled	0	static
../Core/Src/main.c:566:6:get_m3_running	0	static
../Core/Src/main.c:620:6:get_m3_finite_mode	0	static
../Core/Src/main.c:626:6:set_m3_finite_mode	0	static
../Core/Src/main.c:631:6:get_m3_dir	0	static
../Core/Src/main.c:643:6:get_m3_enabled	0	static
../Core/Src/main.c:656:6:get_m0_var_ustep_support	0	static
../Core/Src/main.c:697:6:get_m0_usteps_exp	0	static
../Core/Src/main.c:710:6:get_m1_usteps_exp	0	static
../Core/Src/main.c:723:6:get_m2_usteps_exp	0	static
../Core/Src/main.c:736:6:get_m3_usteps_exp	0	static
../Core/Src/main.c:370:6:set_m0_dir	8	static
../Core/Src/main.c:382:6:set_m0_enabled	8	static
../Core/Src/main.c:459:6:set_m1_dir	8	static
../Core/Src/main.c:471:6:set_m1_enabled	8	static
../Core/Src/main.c:548:6:set_m2_dir	8	static
../Core/Src/main.c:560:6:set_m2_enabled	8	static
../Core/Src/main.c:637:6:set_m3_dir	8	static
../Core/Src/main.c:649:6:set_m3_enabled	8	static
../Core/Src/main.c:319:6:get_m0_steps	8	static
../Core/Src/main.c:331:6:get_m0_target_steps	8	static
../Core/Src/main.c:342:6:get_m0_step_interval	8	static
../Core/Src/main.c:408:6:get_m1_steps	8	static
../Core/Src/main.c:420:6:get_m1_target_steps	8	static
../Core/Src/main.c:431:6:get_m1_step_interval	8	static
../Core/Src/main.c:497:6:get_m2_steps	8	static
../Core/Src/main.c:509:6:get_m2_target_steps	8	static
../Core/Src/main.c:520:6:get_m2_step_interval	8	static
../Core/Src/main.c:586:6:get_m3_steps	8	static
../Core/Src/main.c:598:6:get_m3_target_steps	8	static
../Core/Src/main.c:609:6:get_m3_step_interval	8	static
../Core/Src/main.c:750:6:get_sub_us_divider	8	static
../Core/Src/main.c:325:6:set_m0_steps	8	static
../Core/Src/main.c:337:6:set_m0_target_steps	8	static
../Core/Src/main.c:348:6:set_m0_step_interval	8	static
../Core/Src/main.c:414:6:set_m1_steps	8	static
../Core/Src/main.c:426:6:set_m1_target_steps	8	static
../Core/Src/main.c:437:6:set_m1_step_interval	8	static
../Core/Src/main.c:503:6:set_m2_steps	8	static
../Core/Src/main.c:515:6:set_m2_target_steps	8	static
../Core/Src/main.c:526:6:set_m2_step_interval	8	static
../Core/Src/main.c:592:6:set_m3_steps	8	static
../Core/Src/main.c:604:6:set_m3_target_steps	8	static
../Core/Src/main.c:615:6:set_m3_step_interval	8	static
../Core/Src/main.c:704:6:set_m0_usteps_exp	8	static
../Core/Src/main.c:717:6:set_m1_usteps_exp	8	static
../Core/Src/main.c:730:6:set_m2_usteps_exp	8	static
../Core/Src/main.c:743:6:set_m3_usteps_exp	8	static
../Core/Src/main.c:572:6:set_m3_running	8	static
../Core/Src/main.c:674:6:get_m3_var_ustep_support	0	static
../Core/Src/main.c:662:6:get_m1_var_ustep_support	0	static
../Core/Src/main.c:668:6:get_m2_var_ustep_support	0	static
../Core/Src/main.c:305:6:set_m0_running	8	static
../Core/Src/main.c:394:6:set_m1_running	8	static
../Core/Src/main.c:483:6:set_m2_running	8	static
../Core/Src/main.c:207:6:motor_timer_init	88	static
../Core/Src/main.c:231:10:micros	0	static
../Core/Src/main.c:236:6:calc_checksum	0	static
../Core/Src/main.c:243:6:check_checksum	0	static
../Core/Src/main.c:250:6:send_buffer	0	static
../Core/Src/main.c:255:6:err_checksum	0	static
../Core/Src/main.c:260:6:err_cmd	0	static
../Core/Src/main.c:265:6:send_ack	0	static
../Core/Src/main.c:270:6:signal_start	0	static
../Core/Src/main.c:279:6:signal_m0_end	0	static
../Core/Src/main.c:284:6:signal_m1_end	0	static
../Core/Src/main.c:289:6:signal_m2_end	0	static
../Core/Src/main.c:294:6:signal_m3_end	0	static
../Core/Src/main.c:682:9:TMC2209_usteps_exp_bits_to_int	0	static
../Core/Src/main.c:829:6:process_commands_usb	16	static
../Core/Src/main.c:877:6:process_commands_uart	16	static
../Core/Src/main.c:931:6:m0step	24	static
../Core/Src/main.c:962:6:m1step	24	static
../Core/Src/main.c:993:6:m2step	24	static
../Core/Src/main.c:1024:6:m3step	24	static
../Core/Src/main.c:1055:6:HAL_UARTEx_RxEventCallback	0	static
../Core/Src/main.c:1061:6:HAL_UART_TxCpltCallback	0	static
../Core/Src/main.c:1067:6:setup	176	static
../Core/Src/main.c:1211:6:SystemClock_Config	88	static,ignoring_inline_asm
../Core/Src/main.c:1127:5:main	144	static,ignoring_inline_asm
../Core/Src/main.c:1465:6:Error_Handler	0	static,ignoring_inline_asm
