../Drivers/STM32G0xx_HAL_Driver/Src/stm32g0xx_hal_usart.c:3171:13:USART_TxISR_8BIT	0	static
../Drivers/STM32G0xx_HAL_Driver/Src/stm32g0xx_hal_usart.c:3206:13:USART_TxISR_16BIT	0	static
../Drivers/STM32G0xx_HAL_Driver/Src/stm32g0xx_hal_usart.c:3287:13:USART_TxISR_16BIT_FIFOEN	12	static
../Drivers/STM32G0xx_HAL_Driver/Src/stm32g0xx_hal_usart.c:3242:13:USART_TxISR_8BIT_FIFOEN	12	static
../Drivers/STM32G0xx_HAL_Driver/Src/stm32g0xx_hal_usart.c:381:13:HAL_USART_MspInit	0	static
../Drivers/STM32G0xx_HAL_Driver/Src/stm32g0xx_hal_usart.c:276:19:HAL_USART_Init	24	static
../Drivers/STM32G0xx_HAL_Driver/Src/stm32g0xx_hal_usart.c:396:13:HAL_USART_MspDeInit	0	static
../Drivers/STM32G0xx_HAL_Driver/Src/stm32g0xx_hal_usart.c:338:19:HAL_USART_DeInit	16	static
../Drivers/STM32G0xx_HAL_Driver/Src/stm32g0xx_hal_usart.c:749:19:HAL_USART_Transmit	32	static
../Drivers/STM32G0xx_HAL_Driver/Src/stm32g0xx_hal_usart.c:863:19:HAL_USART_Receive	48	static
../Drivers/STM32G0xx_HAL_Driver/Src/stm32g0xx_hal_usart.c:991:19:HAL_USART_TransmitReceive	56	static
../Drivers/STM32G0xx_HAL_Driver/Src/stm32g0xx_hal_usart.c:1154:19:HAL_USART_Transmit_IT	12	static
../Drivers/STM32G0xx_HAL_Driver/Src/stm32g0xx_hal_usart.c:1253:19:HAL_USART_Receive_IT	16	static
../Drivers/STM32G0xx_HAL_Driver/Src/stm32g0xx_hal_usart.c:1383:19:HAL_USART_TransmitReceive_IT	24	static
../Drivers/STM32G0xx_HAL_Driver/Src/stm32g0xx_hal_usart.c:1507:19:HAL_USART_Transmit_DMA	32	static
../Drivers/STM32G0xx_HAL_Driver/Src/stm32g0xx_hal_usart.c:1608:19:HAL_USART_Receive_DMA	24	static
../Drivers/STM32G0xx_HAL_Driver/Src/stm32g0xx_hal_usart.c:1744:19:HAL_USART_TransmitReceive_DMA	24	static
../Drivers/STM32G0xx_HAL_Driver/Src/stm32g0xx_hal_usart.c:1875:19:HAL_USART_DMAPause	8	static
../Drivers/STM32G0xx_HAL_Driver/Src/stm32g0xx_hal_usart.c:1922:19:HAL_USART_DMAResume	0	static
../Drivers/STM32G0xx_HAL_Driver/Src/stm32g0xx_hal_usart.c:1969:19:HAL_USART_DMAStop	8	static
../Drivers/STM32G0xx_HAL_Driver/Src/stm32g0xx_hal_usart.c:2029:19:HAL_USART_Abort	8	static
../Drivers/STM32G0xx_HAL_Driver/Src/stm32g0xx_hal_usart.c:2499:13:HAL_USART_TxCpltCallback	0	static
../Drivers/STM32G0xx_HAL_Driver/Src/stm32g0xx_hal_usart.c:2696:13:USART_DMATransmitCplt	8	static
../Drivers/STM32G0xx_HAL_Driver/Src/stm32g0xx_hal_usart.c:2514:13:HAL_USART_TxHalfCpltCallback	0	static
../Drivers/STM32G0xx_HAL_Driver/Src/stm32g0xx_hal_usart.c:2736:13:USART_DMATxHalfCplt	8	static
../Drivers/STM32G0xx_HAL_Driver/Src/stm32g0xx_hal_usart.c:2529:13:HAL_USART_RxCpltCallback	0	static
../Drivers/STM32G0xx_HAL_Driver/Src/stm32g0xx_hal_usart.c:2544:13:HAL_USART_RxHalfCpltCallback	0	static
../Drivers/STM32G0xx_HAL_Driver/Src/stm32g0xx_hal_usart.c:2829:13:USART_DMARxHalfCplt	8	static
../Drivers/STM32G0xx_HAL_Driver/Src/stm32g0xx_hal_usart.c:2559:13:HAL_USART_TxRxCpltCallback	0	static
../Drivers/STM32G0xx_HAL_Driver/Src/stm32g0xx_hal_usart.c:3387:13:USART_RxISR_8BIT	16	static
../Drivers/STM32G0xx_HAL_Driver/Src/stm32g0xx_hal_usart.c:3478:13:USART_RxISR_16BIT	16	static
../Drivers/STM32G0xx_HAL_Driver/Src/stm32g0xx_hal_usart.c:3571:13:USART_RxISR_8BIT_FIFOEN	32	static
../Drivers/STM32G0xx_HAL_Driver/Src/stm32g0xx_hal_usart.c:3704:13:USART_RxISR_16BIT_FIFOEN	32	static
../Drivers/STM32G0xx_HAL_Driver/Src/stm32g0xx_hal_usart.c:2754:13:USART_DMAReceiveCplt	8	static
../Drivers/STM32G0xx_HAL_Driver/Src/stm32g0xx_hal_usart.c:2574:13:HAL_USART_ErrorCallback	0	static
../Drivers/STM32G0xx_HAL_Driver/Src/stm32g0xx_hal_usart.c:2847:13:USART_DMAError	8	static
../Drivers/STM32G0xx_HAL_Driver/Src/stm32g0xx_hal_usart.c:2259:6:HAL_USART_IRQHandler	24	static
../Drivers/STM32G0xx_HAL_Driver/Src/stm32g0xx_hal_usart.c:2873:13:USART_DMAAbortOnError	8	static
../Drivers/STM32G0xx_HAL_Driver/Src/stm32g0xx_hal_usart.c:2589:13:HAL_USART_AbortCpltCallback	0	static
../Drivers/STM32G0xx_HAL_Driver/Src/stm32g0xx_hal_usart.c:2127:19:HAL_USART_Abort_IT	16	static
../Drivers/STM32G0xx_HAL_Driver/Src/stm32g0xx_hal_usart.c:2944:13:USART_DMARxAbortCallback	8	static
../Drivers/STM32G0xx_HAL_Driver/Src/stm32g0xx_hal_usart.c:2896:13:USART_DMATxAbortCallback	8	static
../Drivers/STM32G0xx_HAL_Driver/Src/stm32g0xx_hal_usart.c:2626:24:HAL_USART_GetState	0	static
../Drivers/STM32G0xx_HAL_Driver/Src/stm32g0xx_hal_usart.c:2637:10:HAL_USART_GetError	0	static
